[0.038s] Invoking command in '/home/alberto/Documents/sub_alberto/build/uuv_description': CMAKE_PREFIX_PATH=/home/alberto/Documents/kia_gd_ws/install/ur_ros_rtde_tutorials:/home/alberto/Documents/kia_gd_ws/install/ur_ros_rtde:/home/alberto/Documents/kia_gd_ws/install/ur_ros_rtde_simple_clients:/home/alberto/Documents/kia_gd_ws/install/ur_ros_rtde_gripper_commands:/home/alberto/Documents/kia_gd_ws/install/ur_ros_rtde_msgs:/home/alberto/Documents/kia_gd_ws/install/ur:/home/alberto/Documents/kia_gd_ws/install/ur_calibration:/home/alberto/Documents/kia_gd_ws/install/ur_robot_driver:/home/alberto/Documents/kia_gd_ws/install/ur_moveit_config:/home/alberto/Documents/kia_gd_ws/install/ur_bringup:/home/alberto/Documents/kia_gd_ws/install/ur_controllers:/home/alberto/Documents/kia_gd_ws/install/ur_dashboard_msgs:/home/alberto/Documents/kia_gd_ws/install/simple_ur10e_moveit_config:/home/alberto/Documents/kia_gd_ws/install/simple_ur10e_description:/home/alberto/Documents/kia_gd_ws/install/kia_gd:/home/alberto/Documents/sub_alberto/install/uuv_visualization:/home/alberto/Documents/sub_alberto/install/uuv_vision:/home/alberto/Documents/sub_alberto/install/uuv_navigation:/home/alberto/Documents/sub_alberto/install/uuv_mission:/home/alberto/Documents/sub_alberto/install/uuv_master:/home/alberto/Documents/sub_alberto/install/uuv_gazebo_plugins:/home/alberto/Documents/sub_alberto/install/uuv_description:/home/alberto/Documents/sub_alberto/install/uuv_control:/home/alberto/install/vectornav:/home/alberto/install/vectornav_msgs:/home/alberto/install/uuv_teleop:/home/alberto/install/uuv_description:/home/alberto/install/sub:/home/alberto/install/pid:/home/alberto/Documents/kia_gd_ws/install/ros_tcp_endpoint:/home/alberto/ros2_ws/install/docker_test:/opt/ros/humble:/home/alberto/install/catkin:/home/alberto/ros2_ws/install/sub:/home/alberto/ros2_ws/install/pid:/home/alberto/ros2_ws/install/catkin:/home/alberto/uuv/install/uuv /usr/bin/cmake --build /home/alberto/Documents/sub_alberto/build/uuv_description -- -j8 -l8
[0.082s] Invoked command in '/home/alberto/Documents/sub_alberto/build/uuv_description' returned '0': CMAKE_PREFIX_PATH=/home/alberto/Documents/kia_gd_ws/install/ur_ros_rtde_tutorials:/home/alberto/Documents/kia_gd_ws/install/ur_ros_rtde:/home/alberto/Documents/kia_gd_ws/install/ur_ros_rtde_simple_clients:/home/alberto/Documents/kia_gd_ws/install/ur_ros_rtde_gripper_commands:/home/alberto/Documents/kia_gd_ws/install/ur_ros_rtde_msgs:/home/alberto/Documents/kia_gd_ws/install/ur:/home/alberto/Documents/kia_gd_ws/install/ur_calibration:/home/alberto/Documents/kia_gd_ws/install/ur_robot_driver:/home/alberto/Documents/kia_gd_ws/install/ur_moveit_config:/home/alberto/Documents/kia_gd_ws/install/ur_bringup:/home/alberto/Documents/kia_gd_ws/install/ur_controllers:/home/alberto/Documents/kia_gd_ws/install/ur_dashboard_msgs:/home/alberto/Documents/kia_gd_ws/install/simple_ur10e_moveit_config:/home/alberto/Documents/kia_gd_ws/install/simple_ur10e_description:/home/alberto/Documents/kia_gd_ws/install/kia_gd:/home/alberto/Documents/sub_alberto/install/uuv_visualization:/home/alberto/Documents/sub_alberto/install/uuv_vision:/home/alberto/Documents/sub_alberto/install/uuv_navigation:/home/alberto/Documents/sub_alberto/install/uuv_mission:/home/alberto/Documents/sub_alberto/install/uuv_master:/home/alberto/Documents/sub_alberto/install/uuv_gazebo_plugins:/home/alberto/Documents/sub_alberto/install/uuv_description:/home/alberto/Documents/sub_alberto/install/uuv_control:/home/alberto/install/vectornav:/home/alberto/install/vectornav_msgs:/home/alberto/install/uuv_teleop:/home/alberto/install/uuv_description:/home/alberto/install/sub:/home/alberto/install/pid:/home/alberto/Documents/kia_gd_ws/install/ros_tcp_endpoint:/home/alberto/ros2_ws/install/docker_test:/opt/ros/humble:/home/alberto/install/catkin:/home/alberto/ros2_ws/install/sub:/home/alberto/ros2_ws/install/pid:/home/alberto/ros2_ws/install/catkin:/home/alberto/uuv/install/uuv /usr/bin/cmake --build /home/alberto/Documents/sub_alberto/build/uuv_description -- -j8 -l8
[0.091s] Invoking command in '/home/alberto/Documents/sub_alberto/build/uuv_description': CMAKE_PREFIX_PATH=/home/alberto/Documents/kia_gd_ws/install/ur_ros_rtde_tutorials:/home/alberto/Documents/kia_gd_ws/install/ur_ros_rtde:/home/alberto/Documents/kia_gd_ws/install/ur_ros_rtde_simple_clients:/home/alberto/Documents/kia_gd_ws/install/ur_ros_rtde_gripper_commands:/home/alberto/Documents/kia_gd_ws/install/ur_ros_rtde_msgs:/home/alberto/Documents/kia_gd_ws/install/ur:/home/alberto/Documents/kia_gd_ws/install/ur_calibration:/home/alberto/Documents/kia_gd_ws/install/ur_robot_driver:/home/alberto/Documents/kia_gd_ws/install/ur_moveit_config:/home/alberto/Documents/kia_gd_ws/install/ur_bringup:/home/alberto/Documents/kia_gd_ws/install/ur_controllers:/home/alberto/Documents/kia_gd_ws/install/ur_dashboard_msgs:/home/alberto/Documents/kia_gd_ws/install/simple_ur10e_moveit_config:/home/alberto/Documents/kia_gd_ws/install/simple_ur10e_description:/home/alberto/Documents/kia_gd_ws/install/kia_gd:/home/alberto/Documents/sub_alberto/install/uuv_visualization:/home/alberto/Documents/sub_alberto/install/uuv_vision:/home/alberto/Documents/sub_alberto/install/uuv_navigation:/home/alberto/Documents/sub_alberto/install/uuv_mission:/home/alberto/Documents/sub_alberto/install/uuv_master:/home/alberto/Documents/sub_alberto/install/uuv_gazebo_plugins:/home/alberto/Documents/sub_alberto/install/uuv_description:/home/alberto/Documents/sub_alberto/install/uuv_control:/home/alberto/install/vectornav:/home/alberto/install/vectornav_msgs:/home/alberto/install/uuv_teleop:/home/alberto/install/uuv_description:/home/alberto/install/sub:/home/alberto/install/pid:/home/alberto/Documents/kia_gd_ws/install/ros_tcp_endpoint:/home/alberto/ros2_ws/install/docker_test:/opt/ros/humble:/home/alberto/install/catkin:/home/alberto/ros2_ws/install/sub:/home/alberto/ros2_ws/install/pid:/home/alberto/ros2_ws/install/catkin:/home/alberto/uuv/install/uuv /usr/bin/cmake --install /home/alberto/Documents/sub_alberto/build/uuv_description
[0.100s] -- Install configuration: ""
[0.100s] -- Up-to-date: /home/alberto/Documents/sub_alberto/install/uuv_description/share/uuv_description/models
[0.100s] -- Up-to-date: /home/alberto/Documents/sub_alberto/install/uuv_description/share/uuv_description/models/ocean_cleanup_table
[0.100s] -- Up-to-date: /home/alberto/Documents/sub_alberto/install/uuv_description/share/uuv_description/models/ocean_cleanup_table/model.sdf
[0.100s] -- Up-to-date: /home/alberto/Documents/sub_alberto/install/uuv_description/share/uuv_description/models/ocean_cleanup_table/model.config
[0.100s] -- Up-to-date: /home/alberto/Documents/sub_alberto/install/uuv_description/share/uuv_description/models/ocean_cleanup_table/meshes
[0.100s] -- Up-to-date: /home/alberto/Documents/sub_alberto/install/uuv_description/share/uuv_description/models/ocean_cleanup_table/meshes/mesa.gltf
[0.100s] -- Up-to-date: /home/alberto/Documents/sub_alberto/install/uuv_description/share/uuv_description/models/ocean_cleanup_table/meshes/mesa.dae
[0.100s] -- Up-to-date: /home/alberto/Documents/sub_alberto/install/uuv_description/share/uuv_description/models/tagging
[0.100s] -- Up-to-date: /home/alberto/Documents/sub_alberto/install/uuv_description/share/uuv_description/models/tagging/model.sdf
[0.100s] -- Up-to-date: /home/alberto/Documents/sub_alberto/install/uuv_description/share/uuv_description/models/tagging/model.config
[0.100s] -- Up-to-date: /home/alberto/Documents/sub_alberto/install/uuv_description/share/uuv_description/models/tagging/meshes
[0.100s] -- Up-to-date: /home/alberto/Documents/sub_alberto/install/uuv_description/share/uuv_description/models/tagging/meshes/tagging.gltf
[0.101s] -- Up-to-date: /home/alberto/Documents/sub_alberto/install/uuv_description/share/uuv_description/models/tagging/meshes/tagging.dae
[0.101s] -- Up-to-date: /home/alberto/Documents/sub_alberto/install/uuv_description/share/uuv_description/models/slalom
[0.101s] -- Up-to-date: /home/alberto/Documents/sub_alberto/install/uuv_description/share/uuv_description/models/slalom/model.sdf
[0.101s] -- Up-to-date: /home/alberto/Documents/sub_alberto/install/uuv_description/share/uuv_description/models/slalom/model.config
[0.101s] -- Up-to-date: /home/alberto/Documents/sub_alberto/install/uuv_description/share/uuv_description/models/slalom/meshes
[0.101s] -- Up-to-date: /home/alberto/Documents/sub_alberto/install/uuv_description/share/uuv_description/models/slalom/meshes/slalom.gltf
[0.101s] -- Up-to-date: /home/alberto/Documents/sub_alberto/install/uuv_description/share/uuv_description/models/slalom/meshes/slalom.dae
[0.101s] -- Up-to-date: /home/alberto/Documents/sub_alberto/install/uuv_description/share/uuv_description/models/ocean_cleanup_octagon
[0.101s] -- Up-to-date: /home/alberto/Documents/sub_alberto/install/uuv_description/share/uuv_description/models/ocean_cleanup_octagon/model.sdf
[0.101s] -- Up-to-date: /home/alberto/Documents/sub_alberto/install/uuv_description/share/uuv_description/models/ocean_cleanup_octagon/model.config
[0.101s] -- Up-to-date: /home/alberto/Documents/sub_alberto/install/uuv_description/share/uuv_description/models/ocean_cleanup_octagon/meshes
[0.101s] -- Up-to-date: /home/alberto/Documents/sub_alberto/install/uuv_description/share/uuv_description/models/ocean_cleanup_octagon/meshes/octagon.gltf
[0.101s] -- Up-to-date: /home/alberto/Documents/sub_alberto/install/uuv_description/share/uuv_description/models/ocean_cleanup_octagon/meshes/octagon.dae
[0.101s] -- Up-to-date: /home/alberto/Documents/sub_alberto/install/uuv_description/share/uuv_description/models/path
[0.101s] -- Up-to-date: /home/alberto/Documents/sub_alberto/install/uuv_description/share/uuv_description/models/path/model.sdf
[0.102s] -- Up-to-date: /home/alberto/Documents/sub_alberto/install/uuv_description/share/uuv_description/models/path/model.config
[0.102s] -- Up-to-date: /home/alberto/Documents/sub_alberto/install/uuv_description/share/uuv_description/models/path/meshes
[0.102s] -- Up-to-date: /home/alberto/Documents/sub_alberto/install/uuv_description/share/uuv_description/models/path/meshes/path.dae
[0.102s] -- Up-to-date: /home/alberto/Documents/sub_alberto/install/uuv_description/share/uuv_description/models/path/meshes/path_obj.mtl
[0.102s] -- Up-to-date: /home/alberto/Documents/sub_alberto/install/uuv_description/share/uuv_description/models/path/meshes/path.gltf
[0.102s] -- Up-to-date: /home/alberto/Documents/sub_alberto/install/uuv_description/share/uuv_description/models/path/meshes/path_obj.obj
[0.102s] -- Up-to-date: /home/alberto/Documents/sub_alberto/install/uuv_description/share/ament_index/resource_index/package_run_dependencies/uuv_description
[0.102s] -- Up-to-date: /home/alberto/Documents/sub_alberto/install/uuv_description/share/ament_index/resource_index/parent_prefix_path/uuv_description
[0.102s] -- Up-to-date: /home/alberto/Documents/sub_alberto/install/uuv_description/share/uuv_description/environment/ament_prefix_path.sh
[0.102s] -- Up-to-date: /home/alberto/Documents/sub_alberto/install/uuv_description/share/uuv_description/environment/ament_prefix_path.dsv
[0.102s] -- Up-to-date: /home/alberto/Documents/sub_alberto/install/uuv_description/share/uuv_description/environment/path.sh
[0.102s] -- Up-to-date: /home/alberto/Documents/sub_alberto/install/uuv_description/share/uuv_description/environment/path.dsv
[0.102s] -- Up-to-date: /home/alberto/Documents/sub_alberto/install/uuv_description/share/uuv_description/local_setup.bash
[0.103s] -- Up-to-date: /home/alberto/Documents/sub_alberto/install/uuv_description/share/uuv_description/local_setup.sh
[0.103s] -- Up-to-date: /home/alberto/Documents/sub_alberto/install/uuv_description/share/uuv_description/local_setup.zsh
[0.103s] -- Up-to-date: /home/alberto/Documents/sub_alberto/install/uuv_description/share/uuv_description/local_setup.dsv
[0.103s] -- Installing: /home/alberto/Documents/sub_alberto/install/uuv_description/share/uuv_description/package.dsv
[0.103s] -- Up-to-date: /home/alberto/Documents/sub_alberto/install/uuv_description/share/ament_index/resource_index/packages/uuv_description
[0.103s] -- Up-to-date: /home/alberto/Documents/sub_alberto/install/uuv_description/share/uuv_description/cmake/uuv_descriptionConfig.cmake
[0.104s] -- Up-to-date: /home/alberto/Documents/sub_alberto/install/uuv_description/share/uuv_description/cmake/uuv_descriptionConfig-version.cmake
[0.104s] -- Up-to-date: /home/alberto/Documents/sub_alberto/install/uuv_description/share/uuv_description/package.xml
[0.114s] Invoked command in '/home/alberto/Documents/sub_alberto/build/uuv_description' returned '0': CMAKE_PREFIX_PATH=/home/alberto/Documents/kia_gd_ws/install/ur_ros_rtde_tutorials:/home/alberto/Documents/kia_gd_ws/install/ur_ros_rtde:/home/alberto/Documents/kia_gd_ws/install/ur_ros_rtde_simple_clients:/home/alberto/Documents/kia_gd_ws/install/ur_ros_rtde_gripper_commands:/home/alberto/Documents/kia_gd_ws/install/ur_ros_rtde_msgs:/home/alberto/Documents/kia_gd_ws/install/ur:/home/alberto/Documents/kia_gd_ws/install/ur_calibration:/home/alberto/Documents/kia_gd_ws/install/ur_robot_driver:/home/alberto/Documents/kia_gd_ws/install/ur_moveit_config:/home/alberto/Documents/kia_gd_ws/install/ur_bringup:/home/alberto/Documents/kia_gd_ws/install/ur_controllers:/home/alberto/Documents/kia_gd_ws/install/ur_dashboard_msgs:/home/alberto/Documents/kia_gd_ws/install/simple_ur10e_moveit_config:/home/alberto/Documents/kia_gd_ws/install/simple_ur10e_description:/home/alberto/Documents/kia_gd_ws/install/kia_gd:/home/alberto/Documents/sub_alberto/install/uuv_visualization:/home/alberto/Documents/sub_alberto/install/uuv_vision:/home/alberto/Documents/sub_alberto/install/uuv_navigation:/home/alberto/Documents/sub_alberto/install/uuv_mission:/home/alberto/Documents/sub_alberto/install/uuv_master:/home/alberto/Documents/sub_alberto/install/uuv_gazebo_plugins:/home/alberto/Documents/sub_alberto/install/uuv_description:/home/alberto/Documents/sub_alberto/install/uuv_control:/home/alberto/install/vectornav:/home/alberto/install/vectornav_msgs:/home/alberto/install/uuv_teleop:/home/alberto/install/uuv_description:/home/alberto/install/sub:/home/alberto/install/pid:/home/alberto/Documents/kia_gd_ws/install/ros_tcp_endpoint:/home/alberto/ros2_ws/install/docker_test:/opt/ros/humble:/home/alberto/install/catkin:/home/alberto/ros2_ws/install/sub:/home/alberto/ros2_ws/install/pid:/home/alberto/ros2_ws/install/catkin:/home/alberto/uuv/install/uuv /usr/bin/cmake --install /home/alberto/Documents/sub_alberto/build/uuv_description
