[0.025s] Invoking command in '/home/alberto/Documents/sub_alberto/build/uuv_navigation': CMAKE_PREFIX_PATH=/home/alberto/Documents/kia_gd_ws/install/ur_ros_rtde_tutorials:/home/alberto/Documents/kia_gd_ws/install/ur_ros_rtde:/home/alberto/Documents/kia_gd_ws/install/ur_ros_rtde_simple_clients:/home/alberto/Documents/kia_gd_ws/install/ur_ros_rtde_gripper_commands:/home/alberto/Documents/kia_gd_ws/install/ur_ros_rtde_msgs:/home/alberto/Documents/kia_gd_ws/install/ur:/home/alberto/Documents/kia_gd_ws/install/ur_calibration:/home/alberto/Documents/kia_gd_ws/install/ur_robot_driver:/home/alberto/Documents/kia_gd_ws/install/ur_moveit_config:/home/alberto/Documents/kia_gd_ws/install/ur_bringup:/home/alberto/Documents/kia_gd_ws/install/ur_controllers:/home/alberto/Documents/kia_gd_ws/install/ur_dashboard_msgs:/home/alberto/Documents/kia_gd_ws/install/simple_ur10e_moveit_config:/home/alberto/Documents/kia_gd_ws/install/simple_ur10e_description:/home/alberto/Documents/kia_gd_ws/install/kia_gd:/home/alberto/Documents/sub_alberto/install/uuv_visualization:/home/alberto/Documents/sub_alberto/install/uuv_vision:/home/alberto/Documents/sub_alberto/install/uuv_navigation:/home/alberto/Documents/sub_alberto/install/uuv_mission:/home/alberto/Documents/sub_alberto/install/uuv_master:/home/alberto/Documents/sub_alberto/install/uuv_control:/home/alberto/install/vectornav:/home/alberto/install/vectornav_msgs:/home/alberto/install/uuv_teleop:/home/alberto/install/uuv_description:/home/alberto/install/sub:/home/alberto/install/pid:/home/alberto/Documents/kia_gd_ws/install/ros_tcp_endpoint:/home/alberto/ros2_ws/install/docker_test:/opt/ros/humble:/home/alberto/install/catkin:/home/alberto/ros2_ws/install/sub:/home/alberto/ros2_ws/install/pid:/home/alberto/ros2_ws/install/catkin:/home/alberto/uuv/install/uuv /usr/bin/cmake --build /home/alberto/Documents/sub_alberto/build/uuv_navigation -- -j8 -l8
[0.053s] -- Found ament_cmake: 1.3.12 (/opt/ros/humble/share/ament_cmake/cmake)
[0.181s] -- Found rclcpp: 16.0.16 (/opt/ros/humble/share/rclcpp/cmake)
[0.212s] -- Found rosidl_generator_c: 3.1.7 (/opt/ros/humble/share/rosidl_generator_c/cmake)
[0.215s] -- Found rosidl_adapter: 3.1.7 (/opt/ros/humble/share/rosidl_adapter/cmake)
[0.222s] -- Found rosidl_generator_cpp: 3.1.7 (/opt/ros/humble/share/rosidl_generator_cpp/cmake)
[0.231s] -- Using all available rosidl_typesupport_c: rosidl_typesupport_fastrtps_c;rosidl_typesupport_introspection_c
[0.242s] -- Using all available rosidl_typesupport_cpp: rosidl_typesupport_fastrtps_cpp;rosidl_typesupport_introspection_cpp
[0.273s] -- Found rmw_implementation_cmake: 6.1.2 (/opt/ros/humble/share/rmw_implementation_cmake/cmake)
[0.276s] -- Found rmw_fastrtps_cpp: 6.2.9 (/opt/ros/humble/share/rmw_fastrtps_cpp/cmake)
[0.369s] -- Using RMW implementation 'rmw_fastrtps_cpp' as default
[0.414s] -- Found geometry_msgs: 4.9.0 (/opt/ros/humble/share/geometry_msgs/cmake)
[0.425s] -- Found sensor_msgs: 4.9.0 (/opt/ros/humble/share/sensor_msgs/cmake)
[0.438s] -- Found visualization_msgs: 4.9.0 (/opt/ros/humble/share/visualization_msgs/cmake)
[0.453s] -- Found nav2_msgs: 1.1.20 (/opt/ros/humble/share/nav2_msgs/cmake)
[0.503s] -- Found ament_lint_auto: 0.12.14 (/opt/ros/humble/share/ament_lint_auto/cmake)
[0.574s] -- Added test 'flake8' to check Python code syntax and style conventions
[0.575s] -- Added test 'lint_cmake' to check CMake code style
[0.575s] -- Added test 'pep257' to check Python code against some of the docstring style conventions in PEP 257
[0.576s] -- Added test 'xmllint' to check XML markup files
[0.577s] -- Configuring done
[0.581s] -- Generating done
[0.583s] -- Build files have been written to: /home/alberto/Documents/sub_alberto/build/uuv_navigation
[0.602s] Invoked command in '/home/alberto/Documents/sub_alberto/build/uuv_navigation' returned '0': CMAKE_PREFIX_PATH=/home/alberto/Documents/kia_gd_ws/install/ur_ros_rtde_tutorials:/home/alberto/Documents/kia_gd_ws/install/ur_ros_rtde:/home/alberto/Documents/kia_gd_ws/install/ur_ros_rtde_simple_clients:/home/alberto/Documents/kia_gd_ws/install/ur_ros_rtde_gripper_commands:/home/alberto/Documents/kia_gd_ws/install/ur_ros_rtde_msgs:/home/alberto/Documents/kia_gd_ws/install/ur:/home/alberto/Documents/kia_gd_ws/install/ur_calibration:/home/alberto/Documents/kia_gd_ws/install/ur_robot_driver:/home/alberto/Documents/kia_gd_ws/install/ur_moveit_config:/home/alberto/Documents/kia_gd_ws/install/ur_bringup:/home/alberto/Documents/kia_gd_ws/install/ur_controllers:/home/alberto/Documents/kia_gd_ws/install/ur_dashboard_msgs:/home/alberto/Documents/kia_gd_ws/install/simple_ur10e_moveit_config:/home/alberto/Documents/kia_gd_ws/install/simple_ur10e_description:/home/alberto/Documents/kia_gd_ws/install/kia_gd:/home/alberto/Documents/sub_alberto/install/uuv_visualization:/home/alberto/Documents/sub_alberto/install/uuv_vision:/home/alberto/Documents/sub_alberto/install/uuv_navigation:/home/alberto/Documents/sub_alberto/install/uuv_mission:/home/alberto/Documents/sub_alberto/install/uuv_master:/home/alberto/Documents/sub_alberto/install/uuv_control:/home/alberto/install/vectornav:/home/alberto/install/vectornav_msgs:/home/alberto/install/uuv_teleop:/home/alberto/install/uuv_description:/home/alberto/install/sub:/home/alberto/install/pid:/home/alberto/Documents/kia_gd_ws/install/ros_tcp_endpoint:/home/alberto/ros2_ws/install/docker_test:/opt/ros/humble:/home/alberto/install/catkin:/home/alberto/ros2_ws/install/sub:/home/alberto/ros2_ws/install/pid:/home/alberto/ros2_ws/install/catkin:/home/alberto/uuv/install/uuv /usr/bin/cmake --build /home/alberto/Documents/sub_alberto/build/uuv_navigation -- -j8 -l8
[0.604s] Invoking command in '/home/alberto/Documents/sub_alberto/build/uuv_navigation': CMAKE_PREFIX_PATH=/home/alberto/Documents/kia_gd_ws/install/ur_ros_rtde_tutorials:/home/alberto/Documents/kia_gd_ws/install/ur_ros_rtde:/home/alberto/Documents/kia_gd_ws/install/ur_ros_rtde_simple_clients:/home/alberto/Documents/kia_gd_ws/install/ur_ros_rtde_gripper_commands:/home/alberto/Documents/kia_gd_ws/install/ur_ros_rtde_msgs:/home/alberto/Documents/kia_gd_ws/install/ur:/home/alberto/Documents/kia_gd_ws/install/ur_calibration:/home/alberto/Documents/kia_gd_ws/install/ur_robot_driver:/home/alberto/Documents/kia_gd_ws/install/ur_moveit_config:/home/alberto/Documents/kia_gd_ws/install/ur_bringup:/home/alberto/Documents/kia_gd_ws/install/ur_controllers:/home/alberto/Documents/kia_gd_ws/install/ur_dashboard_msgs:/home/alberto/Documents/kia_gd_ws/install/simple_ur10e_moveit_config:/home/alberto/Documents/kia_gd_ws/install/simple_ur10e_description:/home/alberto/Documents/kia_gd_ws/install/kia_gd:/home/alberto/Documents/sub_alberto/install/uuv_visualization:/home/alberto/Documents/sub_alberto/install/uuv_vision:/home/alberto/Documents/sub_alberto/install/uuv_navigation:/home/alberto/Documents/sub_alberto/install/uuv_mission:/home/alberto/Documents/sub_alberto/install/uuv_master:/home/alberto/Documents/sub_alberto/install/uuv_control:/home/alberto/install/vectornav:/home/alberto/install/vectornav_msgs:/home/alberto/install/uuv_teleop:/home/alberto/install/uuv_description:/home/alberto/install/sub:/home/alberto/install/pid:/home/alberto/Documents/kia_gd_ws/install/ros_tcp_endpoint:/home/alberto/ros2_ws/install/docker_test:/opt/ros/humble:/home/alberto/install/catkin:/home/alberto/ros2_ws/install/sub:/home/alberto/ros2_ws/install/pid:/home/alberto/ros2_ws/install/catkin:/home/alberto/uuv/install/uuv /usr/bin/cmake --install /home/alberto/Documents/sub_alberto/build/uuv_navigation
[0.610s] -- Install configuration: ""
[0.610s] -- Up-to-date: /home/alberto/Documents/sub_alberto/install/uuv_navigation/share/uuv_navigation/scripts
[0.610s] -- Up-to-date: /home/alberto/Documents/sub_alberto/install/uuv_navigation/share/uuv_navigation/scripts/line_trayectory.py
[0.610s] -- Up-to-date: /home/alberto/Documents/sub_alberto/install/uuv_navigation/share/uuv_navigation/scripts/bezier_trayectory.py
[0.610s] -- Up-to-date: /home/alberto/Documents/sub_alberto/install/uuv_navigation/share/uuv_navigation/scripts/mapeador.py
[0.610s] -- Up-to-date: /home/alberto/Documents/sub_alberto/install/uuv_navigation/share/uuv_navigation/scripts/los.py
[0.610s] -- Up-to-date: /home/alberto/Documents/sub_alberto/install/uuv_navigation/share/uuv_navigation/config
[0.610s] -- Up-to-date: /home/alberto/Documents/sub_alberto/install/uuv_navigation/share/uuv_navigation/config/bezier_params.yaml
[0.610s] -- Up-to-date: /home/alberto/Documents/sub_alberto/install/uuv_navigation/share/uuv_navigation/launch
[0.610s] -- Up-to-date: /home/alberto/Documents/sub_alberto/install/uuv_navigation/share/uuv_navigation/launch/launch.py
[0.610s] -- Up-to-date: /home/alberto/Documents/sub_alberto/install/uuv_navigation/share/uuv_navigation/data
[0.610s] -- Up-to-date: /home/alberto/Documents/sub_alberto/install/uuv_navigation/share/uuv_navigation/data/waypoints.db
[0.610s] -- Up-to-date: /home/alberto/Documents/sub_alberto/install/uuv_navigation/lib/uuv_navigation/bezier_trayectory
[0.611s] -- Up-to-date: /home/alberto/Documents/sub_alberto/install/uuv_navigation/lib/uuv_navigation/line_trayectory
[0.611s] -- Up-to-date: /home/alberto/Documents/sub_alberto/install/uuv_navigation/lib/uuv_navigation/los
[0.611s] -- Up-to-date: /home/alberto/Documents/sub_alberto/install/uuv_navigation/lib/uuv_navigation/mapeador
[0.611s] -- Up-to-date: /home/alberto/Documents/sub_alberto/install/uuv_navigation/share/ament_index/resource_index/package_run_dependencies/uuv_navigation
[0.611s] -- Installing: /home/alberto/Documents/sub_alberto/install/uuv_navigation/share/ament_index/resource_index/parent_prefix_path/uuv_navigation
[0.611s] -- Up-to-date: /home/alberto/Documents/sub_alberto/install/uuv_navigation/share/uuv_navigation/environment/ament_prefix_path.sh
[0.611s] -- Installing: /home/alberto/Documents/sub_alberto/install/uuv_navigation/share/uuv_navigation/environment/ament_prefix_path.dsv
[0.611s] -- Up-to-date: /home/alberto/Documents/sub_alberto/install/uuv_navigation/share/uuv_navigation/environment/path.sh
[0.611s] -- Installing: /home/alberto/Documents/sub_alberto/install/uuv_navigation/share/uuv_navigation/environment/path.dsv
[0.611s] -- Up-to-date: /home/alberto/Documents/sub_alberto/install/uuv_navigation/share/uuv_navigation/local_setup.bash
[0.611s] -- Up-to-date: /home/alberto/Documents/sub_alberto/install/uuv_navigation/share/uuv_navigation/local_setup.sh
[0.611s] -- Up-to-date: /home/alberto/Documents/sub_alberto/install/uuv_navigation/share/uuv_navigation/local_setup.zsh
[0.611s] -- Installing: /home/alberto/Documents/sub_alberto/install/uuv_navigation/share/uuv_navigation/local_setup.dsv
[0.611s] -- Installing: /home/alberto/Documents/sub_alberto/install/uuv_navigation/share/uuv_navigation/package.dsv
[0.612s] -- Up-to-date: /home/alberto/Documents/sub_alberto/install/uuv_navigation/share/ament_index/resource_index/packages/uuv_navigation
[0.612s] -- Up-to-date: /home/alberto/Documents/sub_alberto/install/uuv_navigation/share/uuv_navigation/cmake/uuv_navigationConfig.cmake
[0.612s] -- Up-to-date: /home/alberto/Documents/sub_alberto/install/uuv_navigation/share/uuv_navigation/cmake/uuv_navigationConfig-version.cmake
[0.612s] -- Up-to-date: /home/alberto/Documents/sub_alberto/install/uuv_navigation/share/uuv_navigation/package.xml
[0.613s] Invoked command in '/home/alberto/Documents/sub_alberto/build/uuv_navigation' returned '0': CMAKE_PREFIX_PATH=/home/alberto/Documents/kia_gd_ws/install/ur_ros_rtde_tutorials:/home/alberto/Documents/kia_gd_ws/install/ur_ros_rtde:/home/alberto/Documents/kia_gd_ws/install/ur_ros_rtde_simple_clients:/home/alberto/Documents/kia_gd_ws/install/ur_ros_rtde_gripper_commands:/home/alberto/Documents/kia_gd_ws/install/ur_ros_rtde_msgs:/home/alberto/Documents/kia_gd_ws/install/ur:/home/alberto/Documents/kia_gd_ws/install/ur_calibration:/home/alberto/Documents/kia_gd_ws/install/ur_robot_driver:/home/alberto/Documents/kia_gd_ws/install/ur_moveit_config:/home/alberto/Documents/kia_gd_ws/install/ur_bringup:/home/alberto/Documents/kia_gd_ws/install/ur_controllers:/home/alberto/Documents/kia_gd_ws/install/ur_dashboard_msgs:/home/alberto/Documents/kia_gd_ws/install/simple_ur10e_moveit_config:/home/alberto/Documents/kia_gd_ws/install/simple_ur10e_description:/home/alberto/Documents/kia_gd_ws/install/kia_gd:/home/alberto/Documents/sub_alberto/install/uuv_visualization:/home/alberto/Documents/sub_alberto/install/uuv_vision:/home/alberto/Documents/sub_alberto/install/uuv_navigation:/home/alberto/Documents/sub_alberto/install/uuv_mission:/home/alberto/Documents/sub_alberto/install/uuv_master:/home/alberto/Documents/sub_alberto/install/uuv_control:/home/alberto/install/vectornav:/home/alberto/install/vectornav_msgs:/home/alberto/install/uuv_teleop:/home/alberto/install/uuv_description:/home/alberto/install/sub:/home/alberto/install/pid:/home/alberto/Documents/kia_gd_ws/install/ros_tcp_endpoint:/home/alberto/ros2_ws/install/docker_test:/opt/ros/humble:/home/alberto/install/catkin:/home/alberto/ros2_ws/install/sub:/home/alberto/ros2_ws/install/pid:/home/alberto/ros2_ws/install/catkin:/home/alberto/uuv/install/uuv /usr/bin/cmake --install /home/alberto/Documents/sub_alberto/build/uuv_navigation
