[0.038s] Invoking command in '/home/alberto/Documents/sub_alberto/build/uuv_description': /usr/bin/cmake /home/alberto/Documents/sub_alberto/src/uuv_description -DCMAKE_INSTALL_PREFIX=/home/alberto/Documents/sub_alberto/install/uuv_description
[0.056s] -- Found ament_cmake: 1.3.12 (/opt/ros/humble/share/ament_cmake/cmake)
[0.200s] -- Found rclcpp: 16.0.16 (/opt/ros/humble/share/rclcpp/cmake)
[0.224s] -- Found rosidl_generator_c: 3.1.7 (/opt/ros/humble/share/rosidl_generator_c/cmake)
[0.225s] -- Found rosidl_adapter: 3.1.7 (/opt/ros/humble/share/rosidl_adapter/cmake)
[0.229s] -- Found rosidl_generator_cpp: 3.1.7 (/opt/ros/humble/share/rosidl_generator_cpp/cmake)
[0.238s] -- Using all available rosidl_typesupport_c: rosidl_typesupport_fastrtps_c;rosidl_typesupport_introspection_c
[0.249s] -- Using all available rosidl_typesupport_cpp: rosidl_typesupport_fastrtps_cpp;rosidl_typesupport_introspection_cpp
[0.272s] -- Found rmw_implementation_cmake: 6.1.2 (/opt/ros/humble/share/rmw_implementation_cmake/cmake)
[0.274s] -- Found rmw_fastrtps_cpp: 6.2.9 (/opt/ros/humble/share/rmw_fastrtps_cpp/cmake)
[0.355s] -- Using RMW implementation 'rmw_fastrtps_cpp' as default
[0.388s] -- Found geometry_msgs: 4.9.0 (/opt/ros/humble/share/geometry_msgs/cmake)
[0.397s] -- Found sensor_msgs: 4.9.0 (/opt/ros/humble/share/sensor_msgs/cmake)
[0.410s] -- Found visualization_msgs: 4.9.0 (/opt/ros/humble/share/visualization_msgs/cmake)
[0.426s] -- Found ament_lint_auto: 0.12.14 (/opt/ros/humble/share/ament_lint_auto/cmake)
[0.485s] Error parsing '/home/alberto/Documents/sub_alberto/src/uuv_description/package.xml':
[0.515s] Traceback (most recent call last):
[0.515s]   File "/opt/ros/humble/share/ament_cmake_core/cmake/core/package_xml_2_cmake.py", line 150, in <module>
[0.515s]     main()
[0.516s]   File "/opt/ros/humble/share/ament_cmake_core/cmake/core/package_xml_2_cmake.py", line 53, in main
[0.516s]     raise e
[0.516s]   File "/opt/ros/humble/share/ament_cmake_core/cmake/core/package_xml_2_cmake.py", line 49, in main
[0.516s]     package = parse_package_string(
[0.516s]   File "/usr/lib/python3/dist-packages/catkin_pkg/package.py", line 719, in parse_package_string
[0.516s]     export_node = _get_optional_node(root, 'export', filename)
[0.516s]   File "/usr/lib/python3/dist-packages/catkin_pkg/package.py", line 807, in _get_optional_node
[0.516s]     raise InvalidPackage('The manifest must not contain more than one "%s" tags' % tagname, filename)
[0.516s] catkin_pkg.package.InvalidPackage: Error(s) in package '/home/alberto/Documents/sub_alberto/src/uuv_description/package.xml':
[0.516s] The manifest must not contain more than one "export" tags
[0.528s] [31mCMake Error at /opt/ros/humble/share/ament_cmake_core/cmake/core/ament_package_xml.cmake:95 (message):
[0.528s]   execute_process(/usr/bin/python3
[0.529s]   /opt/ros/humble/share/ament_cmake_core/cmake/core/package_xml_2_cmake.py
[0.529s]   /home/alberto/Documents/sub_alberto/src/uuv_description/package.xml
[0.529s]   /home/alberto/Documents/sub_alberto/build/uuv_description/ament_cmake_core/package.cmake)
[0.529s]   returned error code 1
[0.529s] Call Stack (most recent call first):
[0.529s]   /opt/ros/humble/share/ament_cmake_core/cmake/core/ament_package_xml.cmake:49 (_ament_package_xml)
[0.529s]   /opt/ros/humble/share/ament_lint_auto/cmake/ament_lint_auto_find_test_dependencies.cmake:31 (ament_package_xml)
[0.529s]   CMakeLists.txt:30 (ament_lint_auto_find_test_dependencies)
[0.529s] 
[0.529s] [0m
[0.529s] -- Configuring incomplete, errors occurred!
[0.529s] See also "/home/alberto/Documents/sub_alberto/build/uuv_description/CMakeFiles/CMakeOutput.log".
[0.534s] Invoked command in '/home/alberto/Documents/sub_alberto/build/uuv_description' returned '1': /usr/bin/cmake /home/alberto/Documents/sub_alberto/src/uuv_description -DCMAKE_INSTALL_PREFIX=/home/alberto/Documents/sub_alberto/install/uuv_description
