[0.447s] Invoking command in '/home/alberto/Documents/sub_alberto/build/uuv_control': CMAKE_PREFIX_PATH=/home/alberto/Documents/kia_gd_ws/install/ur_ros_rtde_tutorials:/home/alberto/Documents/kia_gd_ws/install/ur_ros_rtde:/home/alberto/Documents/kia_gd_ws/install/ur_ros_rtde_simple_clients:/home/alberto/Documents/kia_gd_ws/install/ur_ros_rtde_gripper_commands:/home/alberto/Documents/kia_gd_ws/install/ur_ros_rtde_msgs:/home/alberto/Documents/kia_gd_ws/install/ur:/home/alberto/Documents/kia_gd_ws/install/ur_calibration:/home/alberto/Documents/kia_gd_ws/install/ur_robot_driver:/home/alberto/Documents/kia_gd_ws/install/ur_moveit_config:/home/alberto/Documents/kia_gd_ws/install/ur_bringup:/home/alberto/Documents/kia_gd_ws/install/ur_controllers:/home/alberto/Documents/kia_gd_ws/install/ur_dashboard_msgs:/home/alberto/Documents/kia_gd_ws/install/simple_ur10e_moveit_config:/home/alberto/Documents/kia_gd_ws/install/simple_ur10e_description:/home/alberto/Documents/kia_gd_ws/install/kia_gd:/home/alberto/Documents/sub_alberto/install/uuv_visualization:/home/alberto/Documents/sub_alberto/install/uuv_vision:/home/alberto/Documents/sub_alberto/install/uuv_navigation:/home/alberto/Documents/sub_alberto/install/uuv_mission:/home/alberto/Documents/sub_alberto/install/uuv_master:/home/alberto/Documents/sub_alberto/install/uuv_gazebo_plugins:/home/alberto/Documents/sub_alberto/install/uuv_description:/home/alberto/Documents/sub_alberto/install/uuv_control:/home/alberto/install/vectornav:/home/alberto/install/vectornav_msgs:/home/alberto/install/uuv_teleop:/home/alberto/install/uuv_description:/home/alberto/install/sub:/home/alberto/install/pid:/home/alberto/Documents/kia_gd_ws/install/ros_tcp_endpoint:/home/alberto/ros2_ws/install/docker_test:/opt/ros/humble:/home/alberto/install/catkin:/home/alberto/ros2_ws/install/sub:/home/alberto/ros2_ws/install/pid:/home/alberto/ros2_ws/install/catkin:/home/alberto/uuv/install/uuv /usr/bin/cmake --build /home/alberto/Documents/sub_alberto/build/uuv_control -- -j8 -l8
[1.012s] [ 50%] Built target uuv_model_lib
[1.322s] [100%] Built target dynamic_model_uuv
[1.958s] Invoked command in '/home/alberto/Documents/sub_alberto/build/uuv_control' returned '0': CMAKE_PREFIX_PATH=/home/alberto/Documents/kia_gd_ws/install/ur_ros_rtde_tutorials:/home/alberto/Documents/kia_gd_ws/install/ur_ros_rtde:/home/alberto/Documents/kia_gd_ws/install/ur_ros_rtde_simple_clients:/home/alberto/Documents/kia_gd_ws/install/ur_ros_rtde_gripper_commands:/home/alberto/Documents/kia_gd_ws/install/ur_ros_rtde_msgs:/home/alberto/Documents/kia_gd_ws/install/ur:/home/alberto/Documents/kia_gd_ws/install/ur_calibration:/home/alberto/Documents/kia_gd_ws/install/ur_robot_driver:/home/alberto/Documents/kia_gd_ws/install/ur_moveit_config:/home/alberto/Documents/kia_gd_ws/install/ur_bringup:/home/alberto/Documents/kia_gd_ws/install/ur_controllers:/home/alberto/Documents/kia_gd_ws/install/ur_dashboard_msgs:/home/alberto/Documents/kia_gd_ws/install/simple_ur10e_moveit_config:/home/alberto/Documents/kia_gd_ws/install/simple_ur10e_description:/home/alberto/Documents/kia_gd_ws/install/kia_gd:/home/alberto/Documents/sub_alberto/install/uuv_visualization:/home/alberto/Documents/sub_alberto/install/uuv_vision:/home/alberto/Documents/sub_alberto/install/uuv_navigation:/home/alberto/Documents/sub_alberto/install/uuv_mission:/home/alberto/Documents/sub_alberto/install/uuv_master:/home/alberto/Documents/sub_alberto/install/uuv_gazebo_plugins:/home/alberto/Documents/sub_alberto/install/uuv_description:/home/alberto/Documents/sub_alberto/install/uuv_control:/home/alberto/install/vectornav:/home/alberto/install/vectornav_msgs:/home/alberto/install/uuv_teleop:/home/alberto/install/uuv_description:/home/alberto/install/sub:/home/alberto/install/pid:/home/alberto/Documents/kia_gd_ws/install/ros_tcp_endpoint:/home/alberto/ros2_ws/install/docker_test:/opt/ros/humble:/home/alberto/install/catkin:/home/alberto/ros2_ws/install/sub:/home/alberto/ros2_ws/install/pid:/home/alberto/ros2_ws/install/catkin:/home/alberto/uuv/install/uuv /usr/bin/cmake --build /home/alberto/Documents/sub_alberto/build/uuv_control -- -j8 -l8
[1.963s] Invoking command in '/home/alberto/Documents/sub_alberto/build/uuv_control': CMAKE_PREFIX_PATH=/home/alberto/Documents/kia_gd_ws/install/ur_ros_rtde_tutorials:/home/alberto/Documents/kia_gd_ws/install/ur_ros_rtde:/home/alberto/Documents/kia_gd_ws/install/ur_ros_rtde_simple_clients:/home/alberto/Documents/kia_gd_ws/install/ur_ros_rtde_gripper_commands:/home/alberto/Documents/kia_gd_ws/install/ur_ros_rtde_msgs:/home/alberto/Documents/kia_gd_ws/install/ur:/home/alberto/Documents/kia_gd_ws/install/ur_calibration:/home/alberto/Documents/kia_gd_ws/install/ur_robot_driver:/home/alberto/Documents/kia_gd_ws/install/ur_moveit_config:/home/alberto/Documents/kia_gd_ws/install/ur_bringup:/home/alberto/Documents/kia_gd_ws/install/ur_controllers:/home/alberto/Documents/kia_gd_ws/install/ur_dashboard_msgs:/home/alberto/Documents/kia_gd_ws/install/simple_ur10e_moveit_config:/home/alberto/Documents/kia_gd_ws/install/simple_ur10e_description:/home/alberto/Documents/kia_gd_ws/install/kia_gd:/home/alberto/Documents/sub_alberto/install/uuv_visualization:/home/alberto/Documents/sub_alberto/install/uuv_vision:/home/alberto/Documents/sub_alberto/install/uuv_navigation:/home/alberto/Documents/sub_alberto/install/uuv_mission:/home/alberto/Documents/sub_alberto/install/uuv_master:/home/alberto/Documents/sub_alberto/install/uuv_gazebo_plugins:/home/alberto/Documents/sub_alberto/install/uuv_description:/home/alberto/Documents/sub_alberto/install/uuv_control:/home/alberto/install/vectornav:/home/alberto/install/vectornav_msgs:/home/alberto/install/uuv_teleop:/home/alberto/install/uuv_description:/home/alberto/install/sub:/home/alberto/install/pid:/home/alberto/Documents/kia_gd_ws/install/ros_tcp_endpoint:/home/alberto/ros2_ws/install/docker_test:/opt/ros/humble:/home/alberto/install/catkin:/home/alberto/ros2_ws/install/sub:/home/alberto/ros2_ws/install/pid:/home/alberto/ros2_ws/install/catkin:/home/alberto/uuv/install/uuv /usr/bin/cmake --install /home/alberto/Documents/sub_alberto/build/uuv_control
[2.025s] -- Install configuration: ""
[2.025s] -- Up-to-date: /home/alberto/Documents/sub_alberto/install/uuv_control/share/uuv_control/libs
[2.026s] -- Up-to-date: /home/alberto/Documents/sub_alberto/install/uuv_control/share/uuv_control/libs/model
[2.027s] -- Up-to-date: /home/alberto/Documents/sub_alberto/install/uuv_control/share/uuv_control/libs/model/uuv_dynamic_model.cpp
[2.027s] -- Up-to-date: /home/alberto/Documents/sub_alberto/install/uuv_control/share/uuv_control/libs/model/uuv_dynamic_model.h
[2.028s] -- Up-to-date: /home/alberto/Documents/sub_alberto/install/uuv_control/share/uuv_control/libs/model/uuv_datatypes.h
[2.030s] -- Up-to-date: /home/alberto/Documents/sub_alberto/install/uuv_control/share/uuv_control/scripts
[2.031s] -- Up-to-date: /home/alberto/Documents/sub_alberto/install/uuv_control/share/uuv_control/scripts/asmc.py
[2.031s] -- Up-to-date: /home/alberto/Documents/sub_alberto/install/uuv_control/share/uuv_control/scripts/pid.py
[2.032s] -- Up-to-date: /home/alberto/Documents/sub_alberto/install/uuv_control/share/uuv_control/scripts/joystick_converter.py
[2.033s] -- Up-to-date: /home/alberto/Documents/sub_alberto/install/uuv_control/lib/uuv_control/pid
[2.034s] -- Up-to-date: /home/alberto/Documents/sub_alberto/install/uuv_control/lib/uuv_control/asmc
[2.034s] -- Up-to-date: /home/alberto/Documents/sub_alberto/install/uuv_control/lib/uuv_control/dynamic_model_uuv
[2.035s] -- Up-to-date: /home/alberto/Documents/sub_alberto/install/uuv_control/share/uuv_control/scripts
[2.035s] -- Up-to-date: /home/alberto/Documents/sub_alberto/install/uuv_control/share/uuv_control/scripts/asmc.py
[2.036s] -- Up-to-date: /home/alberto/Documents/sub_alberto/install/uuv_control/share/uuv_control/scripts/pid.py
[2.036s] -- Up-to-date: /home/alberto/Documents/sub_alberto/install/uuv_control/share/uuv_control/scripts/joystick_converter.py
[2.037s] -- Up-to-date: /home/alberto/Documents/sub_alberto/install/uuv_control/lib/uuv_control/pid
[2.037s] -- Up-to-date: /home/alberto/Documents/sub_alberto/install/uuv_control/lib/uuv_control/asmc
[2.038s] -- Up-to-date: /home/alberto/Documents/sub_alberto/install/uuv_control/lib/uuv_control/joystick_converter
[2.038s] -- Up-to-date: /home/alberto/Documents/sub_alberto/install/uuv_control/share/ament_index/resource_index/package_run_dependencies/uuv_control
[2.039s] -- Up-to-date: /home/alberto/Documents/sub_alberto/install/uuv_control/share/ament_index/resource_index/parent_prefix_path/uuv_control
[2.039s] -- Up-to-date: /home/alberto/Documents/sub_alberto/install/uuv_control/share/uuv_control/environment/ament_prefix_path.sh
[2.040s] -- Up-to-date: /home/alberto/Documents/sub_alberto/install/uuv_control/share/uuv_control/environment/ament_prefix_path.dsv
[2.040s] -- Up-to-date: /home/alberto/Documents/sub_alberto/install/uuv_control/share/uuv_control/environment/path.sh
[2.041s] -- Up-to-date: /home/alberto/Documents/sub_alberto/install/uuv_control/share/uuv_control/environment/path.dsv
[2.042s] -- Up-to-date: /home/alberto/Documents/sub_alberto/install/uuv_control/share/uuv_control/local_setup.bash
[2.043s] -- Up-to-date: /home/alberto/Documents/sub_alberto/install/uuv_control/share/uuv_control/local_setup.sh
[2.046s] -- Up-to-date: /home/alberto/Documents/sub_alberto/install/uuv_control/share/uuv_control/local_setup.zsh
[2.048s] -- Up-to-date: /home/alberto/Documents/sub_alberto/install/uuv_control/share/uuv_control/local_setup.dsv
[2.049s] -- Installing: /home/alberto/Documents/sub_alberto/install/uuv_control/share/uuv_control/package.dsv
[2.050s] -- Up-to-date: /home/alberto/Documents/sub_alberto/install/uuv_control/share/ament_index/resource_index/packages/uuv_control
[2.050s] -- Up-to-date: /home/alberto/Documents/sub_alberto/install/uuv_control/share/uuv_control/cmake/uuv_controlConfig.cmake
[2.053s] -- Up-to-date: /home/alberto/Documents/sub_alberto/install/uuv_control/share/uuv_control/cmake/uuv_controlConfig-version.cmake
[2.054s] -- Up-to-date: /home/alberto/Documents/sub_alberto/install/uuv_control/share/uuv_control/package.xml
[2.293s] Invoked command in '/home/alberto/Documents/sub_alberto/build/uuv_control' returned '0': CMAKE_PREFIX_PATH=/home/alberto/Documents/kia_gd_ws/install/ur_ros_rtde_tutorials:/home/alberto/Documents/kia_gd_ws/install/ur_ros_rtde:/home/alberto/Documents/kia_gd_ws/install/ur_ros_rtde_simple_clients:/home/alberto/Documents/kia_gd_ws/install/ur_ros_rtde_gripper_commands:/home/alberto/Documents/kia_gd_ws/install/ur_ros_rtde_msgs:/home/alberto/Documents/kia_gd_ws/install/ur:/home/alberto/Documents/kia_gd_ws/install/ur_calibration:/home/alberto/Documents/kia_gd_ws/install/ur_robot_driver:/home/alberto/Documents/kia_gd_ws/install/ur_moveit_config:/home/alberto/Documents/kia_gd_ws/install/ur_bringup:/home/alberto/Documents/kia_gd_ws/install/ur_controllers:/home/alberto/Documents/kia_gd_ws/install/ur_dashboard_msgs:/home/alberto/Documents/kia_gd_ws/install/simple_ur10e_moveit_config:/home/alberto/Documents/kia_gd_ws/install/simple_ur10e_description:/home/alberto/Documents/kia_gd_ws/install/kia_gd:/home/alberto/Documents/sub_alberto/install/uuv_visualization:/home/alberto/Documents/sub_alberto/install/uuv_vision:/home/alberto/Documents/sub_alberto/install/uuv_navigation:/home/alberto/Documents/sub_alberto/install/uuv_mission:/home/alberto/Documents/sub_alberto/install/uuv_master:/home/alberto/Documents/sub_alberto/install/uuv_gazebo_plugins:/home/alberto/Documents/sub_alberto/install/uuv_description:/home/alberto/Documents/sub_alberto/install/uuv_control:/home/alberto/install/vectornav:/home/alberto/install/vectornav_msgs:/home/alberto/install/uuv_teleop:/home/alberto/install/uuv_description:/home/alberto/install/sub:/home/alberto/install/pid:/home/alberto/Documents/kia_gd_ws/install/ros_tcp_endpoint:/home/alberto/ros2_ws/install/docker_test:/opt/ros/humble:/home/alberto/install/catkin:/home/alberto/ros2_ws/install/sub:/home/alberto/ros2_ws/install/pid:/home/alberto/ros2_ws/install/catkin:/home/alberto/uuv/install/uuv /usr/bin/cmake --install /home/alberto/Documents/sub_alberto/build/uuv_control
