[0.032s] Invoking command in '/home/alberto/Documents/sub_alberto/build/uuv_control': CMAKE_PREFIX_PATH=/home/alberto/Documents/kia_gd_ws/install/ur_ros_rtde_tutorials:/home/alberto/Documents/kia_gd_ws/install/ur_ros_rtde:/home/alberto/Documents/kia_gd_ws/install/ur_ros_rtde_simple_clients:/home/alberto/Documents/kia_gd_ws/install/ur_ros_rtde_gripper_commands:/home/alberto/Documents/kia_gd_ws/install/ur_ros_rtde_msgs:/home/alberto/Documents/kia_gd_ws/install/ur:/home/alberto/Documents/kia_gd_ws/install/ur_calibration:/home/alberto/Documents/kia_gd_ws/install/ur_robot_driver:/home/alberto/Documents/kia_gd_ws/install/ur_moveit_config:/home/alberto/Documents/kia_gd_ws/install/ur_bringup:/home/alberto/Documents/kia_gd_ws/install/ur_controllers:/home/alberto/Documents/kia_gd_ws/install/ur_dashboard_msgs:/home/alberto/Documents/kia_gd_ws/install/simple_ur10e_moveit_config:/home/alberto/Documents/kia_gd_ws/install/simple_ur10e_description:/home/alberto/Documents/kia_gd_ws/install/kia_gd:/home/alberto/Documents/sub_alberto/install/uuv_visualization:/home/alberto/Documents/sub_alberto/install/uuv_vision:/home/alberto/Documents/sub_alberto/install/uuv_navigation:/home/alberto/Documents/sub_alberto/install/uuv_mission:/home/alberto/Documents/sub_alberto/install/uuv_master:/home/alberto/Documents/sub_alberto/install/uuv_control:/home/alberto/install/vectornav:/home/alberto/install/vectornav_msgs:/home/alberto/install/uuv_teleop:/home/alberto/install/uuv_description:/home/alberto/install/sub:/home/alberto/install/pid:/home/alberto/Documents/kia_gd_ws/install/ros_tcp_endpoint:/home/alberto/ros2_ws/install/docker_test:/opt/ros/humble:/home/alberto/install/catkin:/home/alberto/ros2_ws/install/sub:/home/alberto/ros2_ws/install/pid:/home/alberto/ros2_ws/install/catkin:/home/alberto/uuv/install/uuv /usr/bin/cmake --build /home/alberto/Documents/sub_alberto/build/uuv_control -- -j8 -l8
[0.081s] [ 50%] Built target uuv_model_lib
[0.112s] [ 75%] [32mBuilding CXX object CMakeFiles/dynamic_model_uuv.dir/src/dynamic_model_uuv.cpp.o[0m
[2.353s] [01m[K/home/alberto/Documents/sub_alberto/src/uuv_control/src/dynamic_model_uuv.cpp:[m[K In constructor ‘[01m[KDynamicModelSim::DynamicModelSim()[m[K’:
[2.353s] [01m[K/home/alberto/Documents/sub_alberto/src/uuv_control/src/dynamic_model_uuv.cpp:33:76:[m[K [01;31m[Kerror: [m[Kno match for ‘[01m[Koperator=[m[K’ (operand types are ‘[01m[Krclcpp::Publisher<geometry_msgs::msg::Pose_<std::allocator<void> > >::SharedPtr[m[K’ {aka ‘[01m[Kstd::shared_ptr<rclcpp::Publisher<geometry_msgs::msg::Pose_<std::allocator<void> > > >[m[K’} and ‘[01m[Kstd::shared_ptr<rclcpp::Publisher<geometry_msgs::msg::PoseStamped_<std::allocator<void> >, std::allocator<void> > >[m[K’)
[2.353s]    33 |         this->create_publisher<geometry_msgs::msg::PoseStamped>("/pose", 10[01;31m[K)[m[K;
[2.353s]       |                                                                            [01;31m[K^[m[K
[2.353s] In file included from [01m[K/usr/include/c++/11/memory:77[m[K,
[2.353s]                  from [01m[K/opt/ros/humble/include/geometry_msgs/geometry_msgs/msg/detail/pose__struct.hpp:10[m[K,
[2.353s]                  from [01m[K/opt/ros/humble/include/geometry_msgs/geometry_msgs/msg/pose.hpp:7[m[K,
[2.353s]                  from [01m[K/home/alberto/Documents/sub_alberto/src/uuv_control/src/dynamic_model_uuv.cpp:7[m[K:
[2.353s] [01m[K/usr/include/c++/11/bits/shared_ptr.h:363:9:[m[K [01;36m[Knote: [m[Kcandidate: ‘[01m[Ktemplate<class _Yp> std::shared_ptr<_Tp>::_Assignable<const std::shared_ptr<_Yp>&> std::shared_ptr<_Tp>::operator=(const std::shared_ptr<_Yp>&) [with _Yp = _Yp; _Tp = rclcpp::Publisher<geometry_msgs::msg::Pose_<std::allocator<void> > >][m[K’
[2.353s]   363 |         [01;36m[Koperator[m[K=(const shared_ptr<_Yp>& __r) noexcept
[2.353s]       |         [01;36m[K^~~~~~~~[m[K
[2.353s] [01m[K/usr/include/c++/11/bits/shared_ptr.h:363:9:[m[K [01;36m[Knote: [m[K  template argument deduction/substitution failed:
[2.353s] /usr/include/c++/11/bits/shared_ptr.h: In substitution of ‘[01m[Ktemplate<class _Tp> template<class _Arg> using _Assignable = typename std::enable_if<std::is_assignable<std::__shared_ptr<_Tp>&, _Arg>::value, std::shared_ptr<_Tp>&>::type [with _Arg = const std::shared_ptr<rclcpp::Publisher<geometry_msgs::msg::PoseStamped_<std::allocator<void> >, std::allocator<void> > >&; _Tp = rclcpp::Publisher<geometry_msgs::msg::Pose_<std::allocator<void> > >][m[K’:
[2.353s] [01m[K/usr/include/c++/11/bits/shared_ptr.h:363:2:[m[K   required by substitution of ‘[01m[Ktemplate<class _Yp> std::shared_ptr<rclcpp::Publisher<geometry_msgs::msg::Pose_<std::allocator<void> > > >::_Assignable<const std::shared_ptr<_Tp>&> std::shared_ptr<rclcpp::Publisher<geometry_msgs::msg::Pose_<std::allocator<void> > > >::operator=<_Yp>(const std::shared_ptr<_Tp>&) [with _Yp = rclcpp::Publisher<geometry_msgs::msg::PoseStamped_<std::allocator<void> >, std::allocator<void> >][m[K’
[2.354s] [01m[K/home/alberto/Documents/sub_alberto/src/uuv_control/src/dynamic_model_uuv.cpp:33:76:[m[K   required from here
[2.354s] [01m[K/usr/include/c++/11/bits/shared_ptr.h:130:15:[m[K [01;31m[Kerror: [m[Kno type named ‘[01m[Ktype[m[K’ in ‘[01m[Kstruct std::enable_if<false, std::shared_ptr<rclcpp::Publisher<geometry_msgs::msg::Pose_<std::allocator<void> > > >&>[m[K’
[2.354s]   130 |         using [01;31m[K_Assignable[m[K = typename enable_if<
[2.354s]       |               [01;31m[K^~~~~~~~~~~[m[K
[2.354s] [01m[K/usr/include/c++/11/bits/shared_ptr.h:374:9:[m[K [01;36m[Knote: [m[Kcandidate: ‘[01m[Ktemplate<class _Yp> std::shared_ptr<_Tp>::_Assignable<std::auto_ptr<_Up> > std::shared_ptr<_Tp>::operator=(std::auto_ptr<_Up>&&) [with _Yp = _Yp; _Tp = rclcpp::Publisher<geometry_msgs::msg::Pose_<std::allocator<void> > >][m[K’
[2.354s]   374 |         [01;36m[Koperator[m[K=(auto_ptr<_Yp>&& __r)
[2.354s]       |         [01;36m[K^~~~~~~~[m[K
[2.354s] [01m[K/usr/include/c++/11/bits/shared_ptr.h:374:9:[m[K [01;36m[Knote: [m[K  template argument deduction/substitution failed:
[2.354s] [01m[K/home/alberto/Documents/sub_alberto/src/uuv_control/src/dynamic_model_uuv.cpp:33:76:[m[K [01;36m[Knote: [m[K  ‘[01m[Kstd::shared_ptr<rclcpp::Publisher<geometry_msgs::msg::PoseStamped_<std::allocator<void> >, std::allocator<void> > >[m[K’ is not derived from ‘[01m[Kstd::auto_ptr<_Up>[m[K’
[2.354s]    33 |         this->create_publisher<geometry_msgs::msg::PoseStamped>("/pose", 10[01;36m[K)[m[K;
[2.354s]       |                                                                            [01;36m[K^[m[K
[2.354s] In file included from [01m[K/usr/include/c++/11/memory:77[m[K,
[2.354s]                  from [01m[K/opt/ros/humble/include/geometry_msgs/geometry_msgs/msg/detail/pose__struct.hpp:10[m[K,
[2.354s]                  from [01m[K/opt/ros/humble/include/geometry_msgs/geometry_msgs/msg/pose.hpp:7[m[K,
[2.354s]                  from [01m[K/home/alberto/Documents/sub_alberto/src/uuv_control/src/dynamic_model_uuv.cpp:7[m[K:
[2.354s] [01m[K/usr/include/c++/11/bits/shared_ptr.h:391:9:[m[K [01;36m[Knote: [m[Kcandidate: ‘[01m[Ktemplate<class _Yp> std::shared_ptr<_Tp>::_Assignable<std::shared_ptr<_Yp> > std::shared_ptr<_Tp>::operator=(std::shared_ptr<_Yp>&&) [with _Yp = _Yp; _Tp = rclcpp::Publisher<geometry_msgs::msg::Pose_<std::allocator<void> > >][m[K’
[2.354s]   391 |         [01;36m[Koperator[m[K=(shared_ptr<_Yp>&& __r) noexcept
[2.354s]       |         [01;36m[K^~~~~~~~[m[K
[2.354s] [01m[K/usr/include/c++/11/bits/shared_ptr.h:391:9:[m[K [01;36m[Knote: [m[K  template argument deduction/substitution failed:
[2.354s] /usr/include/c++/11/bits/shared_ptr.h: In substitution of ‘[01m[Ktemplate<class _Tp> template<class _Arg> using _Assignable = typename std::enable_if<std::is_assignable<std::__shared_ptr<_Tp>&, _Arg>::value, std::shared_ptr<_Tp>&>::type [with _Arg = std::shared_ptr<rclcpp::Publisher<geometry_msgs::msg::PoseStamped_<std::allocator<void> >, std::allocator<void> > >; _Tp = rclcpp::Publisher<geometry_msgs::msg::Pose_<std::allocator<void> > >][m[K’:
[2.354s] [01m[K/usr/include/c++/11/bits/shared_ptr.h:391:2:[m[K   required by substitution of ‘[01m[Ktemplate<class _Yp> std::shared_ptr<rclcpp::Publisher<geometry_msgs::msg::Pose_<std::allocator<void> > > >::_Assignable<std::shared_ptr<_Tp> > std::shared_ptr<rclcpp::Publisher<geometry_msgs::msg::Pose_<std::allocator<void> > > >::operator=<_Yp>(std::shared_ptr<_Tp>&&) [with _Yp = rclcpp::Publisher<geometry_msgs::msg::PoseStamped_<std::allocator<void> >, std::allocator<void> >][m[K’
[2.354s] [01m[K/home/alberto/Documents/sub_alberto/src/uuv_control/src/dynamic_model_uuv.cpp:33:76:[m[K   required from here
[2.354s] [01m[K/usr/include/c++/11/bits/shared_ptr.h:130:15:[m[K [01;31m[Kerror: [m[Kno type named ‘[01m[Ktype[m[K’ in ‘[01m[Kstruct std::enable_if<false, std::shared_ptr<rclcpp::Publisher<geometry_msgs::msg::Pose_<std::allocator<void> > > >&>[m[K’
[2.354s]   130 |         using [01;31m[K_Assignable[m[K = typename enable_if<
[2.354s]       |               [01;31m[K^~~~~~~~~~~[m[K
[2.354s] [01m[K/usr/include/c++/11/bits/shared_ptr.h:399:9:[m[K [01;36m[Knote: [m[Kcandidate: ‘[01m[Ktemplate<class _Yp, class _Del> std::shared_ptr<_Tp>::_Assignable<std::unique_ptr<_Up, _Ep> > std::shared_ptr<_Tp>::operator=(std::unique_ptr<_Up, _Ep>&&) [with _Yp = _Yp; _Del = _Del; _Tp = rclcpp::Publisher<geometry_msgs::msg::Pose_<std::allocator<void> > >][m[K’
[2.354s]   399 |         [01;36m[Koperator[m[K=(unique_ptr<_Yp, _Del>&& __r)
[2.355s]       |         [01;36m[K^~~~~~~~[m[K
[2.355s] [01m[K/usr/include/c++/11/bits/shared_ptr.h:399:9:[m[K [01;36m[Knote: [m[K  template argument deduction/substitution failed:
[2.355s] [01m[K/home/alberto/Documents/sub_alberto/src/uuv_control/src/dynamic_model_uuv.cpp:33:76:[m[K [01;36m[Knote: [m[K  ‘[01m[Kstd::shared_ptr<rclcpp::Publisher<geometry_msgs::msg::PoseStamped_<std::allocator<void> >, std::allocator<void> > >[m[K’ is not derived from ‘[01m[Kstd::unique_ptr<_Tp, _Dp>[m[K’
[2.355s]    33 |         this->create_publisher<geometry_msgs::msg::PoseStamped>("/pose", 10[01;36m[K)[m[K;
[2.355s]       |                                                                            [01;36m[K^[m[K
[2.355s] In file included from [01m[K/usr/include/c++/11/memory:77[m[K,
[2.355s]                  from [01m[K/opt/ros/humble/include/geometry_msgs/geometry_msgs/msg/detail/pose__struct.hpp:10[m[K,
[2.355s]                  from [01m[K/opt/ros/humble/include/geometry_msgs/geometry_msgs/msg/pose.hpp:7[m[K,
[2.355s]                  from [01m[K/home/alberto/Documents/sub_alberto/src/uuv_control/src/dynamic_model_uuv.cpp:7[m[K:
[2.355s] [01m[K/usr/include/c++/11/bits/shared_ptr.h:359:19:[m[K [01;36m[Knote: [m[Kcandidate: ‘[01m[Kstd::shared_ptr<_Tp>& std::shared_ptr<_Tp>::operator=(const std::shared_ptr<_Tp>&) [with _Tp = rclcpp::Publisher<geometry_msgs::msg::Pose_<std::allocator<void> > >][m[K’
[2.355s]   359 |       shared_ptr& [01;36m[Koperator[m[K=(const shared_ptr&) noexcept = default;
[2.355s]       |                   [01;36m[K^~~~~~~~[m[K
[2.355s] [01m[K/usr/include/c++/11/bits/shared_ptr.h:359:29:[m[K [01;36m[Knote: [m[K  no known conversion for argument 1 from ‘[01m[Kstd::shared_ptr<rclcpp::Publisher<geometry_msgs::msg::PoseStamped_<std::allocator<void> >, std::allocator<void> > >[m[K’ to ‘[01m[Kconst std::shared_ptr<rclcpp::Publisher<geometry_msgs::msg::Pose_<std::allocator<void> > > >&[m[K’
[2.355s]   359 |       shared_ptr& operator=([01;36m[Kconst shared_ptr&[m[K) noexcept = default;
[2.355s]       |                             [01;36m[K^~~~~~~~~~~~~~~~~[m[K
[2.355s] [01m[K/usr/include/c++/11/bits/shared_ptr.h:383:7:[m[K [01;36m[Knote: [m[Kcandidate: ‘[01m[Kstd::shared_ptr<_Tp>& std::shared_ptr<_Tp>::operator=(std::shared_ptr<_Tp>&&) [with _Tp = rclcpp::Publisher<geometry_msgs::msg::Pose_<std::allocator<void> > >][m[K’
[2.355s]   383 |       [01;36m[Koperator[m[K=(shared_ptr&& __r) noexcept
[2.355s]       |       [01;36m[K^~~~~~~~[m[K
[2.355s] [01m[K/usr/include/c++/11/bits/shared_ptr.h:383:30:[m[K [01;36m[Knote: [m[K  no known conversion for argument 1 from ‘[01m[Kstd::shared_ptr<rclcpp::Publisher<geometry_msgs::msg::PoseStamped_<std::allocator<void> >, std::allocator<void> > >[m[K’ to ‘[01m[Kstd::shared_ptr<rclcpp::Publisher<geometry_msgs::msg::Pose_<std::allocator<void> > > >&&[m[K’
[2.355s]   383 |       operator=([01;36m[Kshared_ptr&& __r[m[K) noexcept
[2.355s]       |                 [01;36m[K~~~~~~~~~~~~~^~~[m[K
[2.363s] [01m[K/home/alberto/Documents/sub_alberto/src/uuv_control/src/dynamic_model_uuv.cpp:[m[K In member function ‘[01m[Kvoid DynamicModelSim::update()[m[K’:
[2.363s] [01m[K/home/alberto/Documents/sub_alberto/src/uuv_control/src/dynamic_model_uuv.cpp:93:10:[m[K [01;31m[Kerror: [m[K‘[01m[Kusing PoseStamped = struct geometry_msgs::msg::PoseStamped_<std::allocator<void> >[m[K’ {aka ‘[01m[Kstruct geometry_msgs::msg::PoseStamped_<std::allocator<void> >[m[K’} has no member named ‘[01m[Kposition[m[K’
[2.363s]    93 |     pose.[01;31m[Kposition[m[K.x = x;
[2.363s]       |          [01;31m[K^~~~~~~~[m[K
[2.363s] [01m[K/home/alberto/Documents/sub_alberto/src/uuv_control/src/dynamic_model_uuv.cpp:94:10:[m[K [01;31m[Kerror: [m[K‘[01m[Kusing PoseStamped = struct geometry_msgs::msg::PoseStamped_<std::allocator<void> >[m[K’ {aka ‘[01m[Kstruct geometry_msgs::msg::PoseStamped_<std::allocator<void> >[m[K’} has no member named ‘[01m[Kposition[m[K’
[2.364s]    94 |     pose.[01;31m[Kposition[m[K.y = y;
[2.364s]       |          [01;31m[K^~~~~~~~[m[K
[2.364s] [01m[K/home/alberto/Documents/sub_alberto/src/uuv_control/src/dynamic_model_uuv.cpp:95:10:[m[K [01;31m[Kerror: [m[K‘[01m[Kusing PoseStamped = struct geometry_msgs::msg::PoseStamped_<std::allocator<void> >[m[K’ {aka ‘[01m[Kstruct geometry_msgs::msg::PoseStamped_<std::allocator<void> >[m[K’} has no member named ‘[01m[Kposition[m[K’
[2.364s]    95 |     pose.[01;31m[Kposition[m[K.z = z;
[2.364s]       |          [01;31m[K^~~~~~~~[m[K
[2.364s] [01m[K/home/alberto/Documents/sub_alberto/src/uuv_control/src/dynamic_model_uuv.cpp:100:10:[m[K [01;31m[Kerror: [m[K‘[01m[Kusing PoseStamped = struct geometry_msgs::msg::PoseStamped_<std::allocator<void> >[m[K’ {aka ‘[01m[Kstruct geometry_msgs::msg::PoseStamped_<std::allocator<void> >[m[K’} has no member named ‘[01m[Korientation[m[K’
[2.364s]   100 |     pose.[01;31m[Korientation[m[K.w = qq.getW();
[2.364s]       |          [01;31m[K^~~~~~~~~~~[m[K
[2.364s] [01m[K/home/alberto/Documents/sub_alberto/src/uuv_control/src/dynamic_model_uuv.cpp:101:10:[m[K [01;31m[Kerror: [m[K‘[01m[Kusing PoseStamped = struct geometry_msgs::msg::PoseStamped_<std::allocator<void> >[m[K’ {aka ‘[01m[Kstruct geometry_msgs::msg::PoseStamped_<std::allocator<void> >[m[K’} has no member named ‘[01m[Korientation[m[K’
[2.364s]   101 |     pose.[01;31m[Korientation[m[K.x = qq.getX();
[2.364s]       |          [01;31m[K^~~~~~~~~~~[m[K
[2.364s] [01m[K/home/alberto/Documents/sub_alberto/src/uuv_control/src/dynamic_model_uuv.cpp:102:10:[m[K [01;31m[Kerror: [m[K‘[01m[Kusing PoseStamped = struct geometry_msgs::msg::PoseStamped_<std::allocator<void> >[m[K’ {aka ‘[01m[Kstruct geometry_msgs::msg::PoseStamped_<std::allocator<void> >[m[K’} has no member named ‘[01m[Korientation[m[K’
[2.364s]   102 |     pose.[01;31m[Korientation[m[K.y = qq.getY();
[2.364s]       |          [01;31m[K^~~~~~~~~~~[m[K
[2.364s] [01m[K/home/alberto/Documents/sub_alberto/src/uuv_control/src/dynamic_model_uuv.cpp:103:10:[m[K [01;31m[Kerror: [m[K‘[01m[Kusing PoseStamped = struct geometry_msgs::msg::PoseStamped_<std::allocator<void> >[m[K’ {aka ‘[01m[Kstruct geometry_msgs::msg::PoseStamped_<std::allocator<void> >[m[K’} has no member named ‘[01m[Korientation[m[K’
[2.364s]   103 |     pose.[01;31m[Korientation[m[K.z = qq.getZ();
[2.364s]       |          [01;31m[K^~~~~~~~~~~[m[K
[2.364s] [01m[K/home/alberto/Documents/sub_alberto/src/uuv_control/src/dynamic_model_uuv.cpp:109:22:[m[K [01;31m[Kerror: [m[Kno match for ‘[01m[Koperator=[m[K’ (operand types are ‘[01m[Kgeometry_msgs::msg::PoseWithCovariance_<std::allocator<void> >::_pose_type[m[K’ {aka ‘[01m[Kgeometry_msgs::msg::Pose_<std::allocator<void> >[m[K’} and ‘[01m[Kgeometry_msgs::msg::PoseStamped[m[K’ {aka ‘[01m[Kgeometry_msgs::msg::PoseStamped_<std::allocator<void> >[m[K’})
[2.365s]   109 |     odom.pose.pose = [01;31m[Kpose[m[K;
[2.365s]       |                      [01;31m[K^~~~[m[K
[2.365s] In file included from [01m[K/opt/ros/humble/include/geometry_msgs/geometry_msgs/msg/pose.hpp:7[m[K,
[2.365s]                  from [01m[K/home/alberto/Documents/sub_alberto/src/uuv_control/src/dynamic_model_uuv.cpp:7[m[K:
[2.365s] [01m[K/opt/ros/humble/include/geometry_msgs/geometry_msgs/msg/detail/pose__struct.hpp:38:8:[m[K [01;36m[Knote: [m[Kcandidate: ‘[01m[Kconstexpr geometry_msgs::msg::Pose_<std::allocator<void> >& geometry_msgs::msg::Pose_<std::allocator<void> >::operator=(const geometry_msgs::msg::Pose_<std::allocator<void> >&)[m[K’
[2.365s]    38 | struct [01;36m[KPose_[m[K
[2.365s]       |        [01;36m[K^~~~~[m[K
[2.365s] [01m[K/opt/ros/humble/include/geometry_msgs/geometry_msgs/msg/detail/pose__struct.hpp:38:8:[m[K [01;36m[Knote: [m[K  no known conversion for argument 1 from ‘[01m[Kgeometry_msgs::msg::PoseStamped[m[K’ {aka ‘[01m[Kgeometry_msgs::msg::PoseStamped_<std::allocator<void> >[m[K’} to ‘[01m[Kconst geometry_msgs::msg::Pose_<std::allocator<void> >&[m[K’
[2.365s] [01m[K/opt/ros/humble/include/geometry_msgs/geometry_msgs/msg/detail/pose__struct.hpp:38:8:[m[K [01;36m[Knote: [m[Kcandidate: ‘[01m[Kconstexpr geometry_msgs::msg::Pose_<std::allocator<void> >& geometry_msgs::msg::Pose_<std::allocator<void> >::operator=(geometry_msgs::msg::Pose_<std::allocator<void> >&&)[m[K’
[2.365s] [01m[K/opt/ros/humble/include/geometry_msgs/geometry_msgs/msg/detail/pose__struct.hpp:38:8:[m[K [01;36m[Knote: [m[K  no known conversion for argument 1 from ‘[01m[Kgeometry_msgs::msg::PoseStamped[m[K’ {aka ‘[01m[Kgeometry_msgs::msg::PoseStamped_<std::allocator<void> >[m[K’} to ‘[01m[Kgeometry_msgs::msg::Pose_<std::allocator<void> >&&[m[K’
[2.365s] [01m[K/home/alberto/Documents/sub_alberto/src/uuv_control/src/dynamic_model_uuv.cpp:111:21:[m[K [01;31m[Kerror: [m[Kno matching function for call to ‘[01m[Krclcpp::Publisher<geometry_msgs::msg::Pose_<std::allocator<void> > >::publish(geometry_msgs::msg::PoseStamped&)[m[K’
[2.365s]   111 |     [01;31m[KposePub->publish(pose)[m[K;
[2.365s]       |     [01;31m[K~~~~~~~~~~~~~~~~^~~~~~[m[K
[2.365s] In file included from [01m[K/opt/ros/humble/include/rclcpp/rclcpp/topic_statistics/subscription_topic_statistics.hpp:31[m[K,
[2.365s]                  from [01m[K/opt/ros/humble/include/rclcpp/rclcpp/subscription.hpp:50[m[K,
[2.365s]                  from [01m[K/opt/ros/humble/include/rclcpp/rclcpp/any_executable.hpp:25[m[K,
[2.365s]                  from [01m[K/opt/ros/humble/include/rclcpp/rclcpp/memory_strategy.hpp:25[m[K,
[2.365s]                  from [01m[K/opt/ros/humble/include/rclcpp/rclcpp/memory_strategies.hpp:18[m[K,
[2.365s]                  from [01m[K/opt/ros/humble/include/rclcpp/rclcpp/executor_options.hpp:20[m[K,
[2.365s]                  from [01m[K/opt/ros/humble/include/rclcpp/rclcpp/executor.hpp:37[m[K,
[2.365s]                  from [01m[K/opt/ros/humble/include/rclcpp/rclcpp/executors/multi_threaded_executor.hpp:25[m[K,
[2.365s]                  from [01m[K/opt/ros/humble/include/rclcpp/rclcpp/executors.hpp:21[m[K,
[2.365s]                  from [01m[K/opt/ros/humble/include/rclcpp/rclcpp/rclcpp.hpp:155[m[K,
[2.365s]                  from [01m[K/home/alberto/Documents/sub_alberto/src/uuv_control/src/dynamic_model_uuv.cpp:13[m[K:
[2.365s] [01m[K/opt/ros/humble/include/rclcpp/rclcpp/publisher.hpp:254:3:[m[K [01;36m[Knote: [m[Kcandidate: ‘[01m[Ktemplate<class T> std::enable_if_t<(rosidl_generator_traits::is_message<T>::value && std::is_same<T, typename rclcpp::TypeAdapter<MessageT>::ros_message_type>::value)> rclcpp::Publisher<MessageT, AllocatorT>::publish(std::unique_ptr<T, typename std::conditional<std::is_same<typename std::allocator_traits<typename std::allocator_traits<_Allocator>::rebind_traits<typename rclcpp::TypeAdapter<MessageT, void, void>::ros_message_type>::allocator_type>::rebind_alloc<typename rclcpp::TypeAdapter<MessageT, void, void>::ros_message_type>, std::allocator<typename rclcpp::TypeAdapter<MessageT>::ros_message_type> >::value, std::default_delete<typename rclcpp::TypeAdapter<MessageT>::ros_message_type>, rclcpp::allocator::AllocatorDeleter<typename std::allocator_traits<_Allocator>::rebind_traits<typename rclcpp::TypeAdapter<MessageT, void, void>::ros_message_type>::allocator_type> >::type>) [with T = T; MessageT = geometry_msgs::msg::Pose_<std::allocator<void> >; AllocatorT = std::allocator<void>][m[K’
[2.365s]   254 |   [01;36m[Kpublish[m[K(std::unique_ptr<T, ROSMessageTypeDeleter> msg)
[2.366s]       |   [01;36m[K^~~~~~~[m[K
[2.366s] [01m[K/opt/ros/humble/include/rclcpp/rclcpp/publisher.hpp:254:3:[m[K [01;36m[Knote: [m[K  template argument deduction/substitution failed:
[2.366s] [01m[K/home/alberto/Documents/sub_alberto/src/uuv_control/src/dynamic_model_uuv.cpp:111:21:[m[K [01;36m[Knote: [m[K  ‘[01m[Kgeometry_msgs::msg::PoseStamped_<std::allocator<void> >[m[K’ is not derived from ‘[01m[Kstd::unique_ptr<T, std::default_delete<geometry_msgs::msg::Pose_<std::allocator<void> > > >[m[K’
[2.366s]   111 |     [01;36m[KposePub->publish(pose)[m[K;
[2.366s]       |     [01;36m[K~~~~~~~~~~~~~~~~^~~~~~[m[K
[2.366s] In file included from [01m[K/opt/ros/humble/include/rclcpp/rclcpp/topic_statistics/subscription_topic_statistics.hpp:31[m[K,
[2.366s]                  from [01m[K/opt/ros/humble/include/rclcpp/rclcpp/subscription.hpp:50[m[K,
[2.366s]                  from [01m[K/opt/ros/humble/include/rclcpp/rclcpp/any_executable.hpp:25[m[K,
[2.366s]                  from [01m[K/opt/ros/humble/include/rclcpp/rclcpp/memory_strategy.hpp:25[m[K,
[2.366s]                  from [01m[K/opt/ros/humble/include/rclcpp/rclcpp/memory_strategies.hpp:18[m[K,
[2.366s]                  from [01m[K/opt/ros/humble/include/rclcpp/rclcpp/executor_options.hpp:20[m[K,
[2.366s]                  from [01m[K/opt/ros/humble/include/rclcpp/rclcpp/executor.hpp:37[m[K,
[2.366s]                  from [01m[K/opt/ros/humble/include/rclcpp/rclcpp/executors/multi_threaded_executor.hpp:25[m[K,
[2.366s]                  from [01m[K/opt/ros/humble/include/rclcpp/rclcpp/executors.hpp:21[m[K,
[2.366s]                  from [01m[K/opt/ros/humble/include/rclcpp/rclcpp/rclcpp.hpp:155[m[K,
[2.366s]                  from [01m[K/home/alberto/Documents/sub_alberto/src/uuv_control/src/dynamic_model_uuv.cpp:13[m[K:
[2.366s] [01m[K/opt/ros/humble/include/rclcpp/rclcpp/publisher.hpp:295:3:[m[K [01;36m[Knote: [m[Kcandidate: ‘[01m[Ktemplate<class T> std::enable_if_t<(rosidl_generator_traits::is_message<T>::value && std::is_same<T, typename rclcpp::TypeAdapter<MessageT>::ros_message_type>::value)> rclcpp::Publisher<MessageT, AllocatorT>::publish(const T&) [with T = T; MessageT = geometry_msgs::msg::Pose_<std::allocator<void> >; AllocatorT = std::allocator<void>][m[K’
[2.366s]   295 |   [01;36m[Kpublish[m[K(const T & msg)
[2.366s]       |   [01;36m[K^~~~~~~[m[K
[2.366s] [01m[K/opt/ros/humble/include/rclcpp/rclcpp/publisher.hpp:295:3:[m[K [01;36m[Knote: [m[K  template argument deduction/substitution failed:
[2.366s] In file included from [01m[K/usr/include/c++/11/bits/move.h:57[m[K,
[2.366s]                  from [01m[K/usr/include/c++/11/bits/stl_pair.h:59[m[K,
[2.366s]                  from [01m[K/usr/include/c++/11/bits/stl_algobase.h:64[m[K,
[2.366s]                  from [01m[K/usr/include/c++/11/bits/specfun.h:45[m[K,
[2.366s]                  from [01m[K/usr/include/c++/11/cmath:1935[m[K,
[2.366s]                  from [01m[K/usr/include/c++/11/math.h:36[m[K,
[2.367s]                  from [01m[K/opt/ros/humble/include/tf2/tf2/LinearMath/Scalar.hpp:26[m[K,
[2.367s]                  from [01m[K/opt/ros/humble/include/tf2/tf2/LinearMath/Vector3.hpp:21[m[K,
[2.367s]                  from [01m[K/opt/ros/humble/include/tf2/tf2/LinearMath/Quaternion.hpp:21[m[K,
[2.367s]                  from [01m[K/opt/ros/humble/include/tf2/tf2/LinearMath/Quaternion.h:19[m[K,
[2.367s]                  from [01m[K/home/alberto/Documents/sub_alberto/src/uuv_control/src/dynamic_model_uuv.cpp:1[m[K:
[2.367s] /usr/include/c++/11/type_traits: In substitution of ‘[01m[Ktemplate<bool _Cond, class _Tp> using enable_if_t = typename std::enable_if::type [with bool _Cond = false; _Tp = void][m[K’:
[2.367s] [01m[K/opt/ros/humble/include/rclcpp/rclcpp/publisher.hpp:295:3:[m[K   required by substitution of ‘[01m[Ktemplate<class T> std::enable_if_t<(rosidl_generator_traits::is_message<T>::value && std::is_same<T, geometry_msgs::msg::Pose_<std::allocator<void> > >::value), void> rclcpp::Publisher<geometry_msgs::msg::Pose_<std::allocator<void> > >::publish<T>(const T&) [with T = geometry_msgs::msg::PoseStamped_<std::allocator<void> >][m[K’
[2.367s] [01m[K/home/alberto/Documents/sub_alberto/src/uuv_control/src/dynamic_model_uuv.cpp:111:21:[m[K   required from here
[2.367s] [01m[K/usr/include/c++/11/type_traits:2579:11:[m[K [01;31m[Kerror: [m[Kno type named ‘[01m[Ktype[m[K’ in ‘[01m[Kstruct std::enable_if<false, void>[m[K’
[2.367s]  2579 |     using [01;31m[Kenable_if_t[m[K = typename enable_if<_Cond, _Tp>::type;
[2.367s]       |           [01;31m[K^~~~~~~~~~~[m[K
[2.367s] In file included from [01m[K/opt/ros/humble/include/rclcpp/rclcpp/topic_statistics/subscription_topic_statistics.hpp:31[m[K,
[2.367s]                  from [01m[K/opt/ros/humble/include/rclcpp/rclcpp/subscription.hpp:50[m[K,
[2.367s]                  from [01m[K/opt/ros/humble/include/rclcpp/rclcpp/any_executable.hpp:25[m[K,
[2.367s]                  from [01m[K/opt/ros/humble/include/rclcpp/rclcpp/memory_strategy.hpp:25[m[K,
[2.367s]                  from [01m[K/opt/ros/humble/include/rclcpp/rclcpp/memory_strategies.hpp:18[m[K,
[2.367s]                  from [01m[K/opt/ros/humble/include/rclcpp/rclcpp/executor_options.hpp:20[m[K,
[2.367s]                  from [01m[K/opt/ros/humble/include/rclcpp/rclcpp/executor.hpp:37[m[K,
[2.367s]                  from [01m[K/opt/ros/humble/include/rclcpp/rclcpp/executors/multi_threaded_executor.hpp:25[m[K,
[2.367s]                  from [01m[K/opt/ros/humble/include/rclcpp/rclcpp/executors.hpp:21[m[K,
[2.367s]                  from [01m[K/opt/ros/humble/include/rclcpp/rclcpp/rclcpp.hpp:155[m[K,
[2.367s]                  from [01m[K/home/alberto/Documents/sub_alberto/src/uuv_control/src/dynamic_model_uuv.cpp:13[m[K:
[2.367s] [01m[K/opt/ros/humble/include/rclcpp/rclcpp/publisher.hpp:325:3:[m[K [01;36m[Knote: [m[Kcandidate: ‘[01m[Ktemplate<class T> std::enable_if_t<(typename rclcpp::TypeAdapter<MessageT>::is_specialized::value && std::is_same<T, typename rclcpp::TypeAdapter<MessageT>::custom_type>::value)> rclcpp::Publisher<MessageT, AllocatorT>::publish(std::unique_ptr<T, typename std::conditional<std::is_same<typename std::allocator_traits<typename std::allocator_traits<_Allocator>::rebind_traits<typename rclcpp::TypeAdapter<MessageT, void, void>::custom_type>::allocator_type>::rebind_alloc<typename rclcpp::TypeAdapter<MessageT, void, void>::custom_type>, std::allocator<typename rclcpp::TypeAdapter<MessageT>::custom_type> >::value, std::default_delete<typename rclcpp::TypeAdapter<MessageT>::custom_type>, rclcpp::allocator::AllocatorDeleter<typename std::allocator_traits<_Allocator>::rebind_traits<typename rclcpp::TypeAdapter<MessageT, void, void>::custom_type>::allocator_type> >::type>) [with T = T; MessageT = geometry_msgs::msg::Pose_<std::allocator<void> >; AllocatorT = std::allocator<void>][m[K’
[2.367s]   325 |   [01;36m[Kpublish[m[K(std::unique_ptr<T, PublishedTypeDeleter> msg)
[2.367s]       |   [01;36m[K^~~~~~~[m[K
[2.368s] [01m[K/opt/ros/humble/include/rclcpp/rclcpp/publisher.hpp:325:3:[m[K [01;36m[Knote: [m[K  template argument deduction/substitution failed:
[2.368s] [01m[K/home/alberto/Documents/sub_alberto/src/uuv_control/src/dynamic_model_uuv.cpp:111:21:[m[K [01;36m[Knote: [m[K  ‘[01m[Kgeometry_msgs::msg::PoseStamped_<std::allocator<void> >[m[K’ is not derived from ‘[01m[Kstd::unique_ptr<T, std::default_delete<geometry_msgs::msg::Pose_<std::allocator<void> > > >[m[K’
[2.368s]   111 |     [01;36m[KposePub->publish(pose)[m[K;
[2.368s]       |     [01;36m[K~~~~~~~~~~~~~~~~^~~~~~[m[K
[2.368s] In file included from [01m[K/opt/ros/humble/include/rclcpp/rclcpp/topic_statistics/subscription_topic_statistics.hpp:31[m[K,
[2.368s]                  from [01m[K/opt/ros/humble/include/rclcpp/rclcpp/subscription.hpp:50[m[K,
[2.368s]                  from [01m[K/opt/ros/humble/include/rclcpp/rclcpp/any_executable.hpp:25[m[K,
[2.368s]                  from [01m[K/opt/ros/humble/include/rclcpp/rclcpp/memory_strategy.hpp:25[m[K,
[2.368s]                  from [01m[K/opt/ros/humble/include/rclcpp/rclcpp/memory_strategies.hpp:18[m[K,
[2.368s]                  from [01m[K/opt/ros/humble/include/rclcpp/rclcpp/executor_options.hpp:20[m[K,
[2.368s]                  from [01m[K/opt/ros/humble/include/rclcpp/rclcpp/executor.hpp:37[m[K,
[2.368s]                  from [01m[K/opt/ros/humble/include/rclcpp/rclcpp/executors/multi_threaded_executor.hpp:25[m[K,
[2.368s]                  from [01m[K/opt/ros/humble/include/rclcpp/rclcpp/executors.hpp:21[m[K,
[2.368s]                  from [01m[K/opt/ros/humble/include/rclcpp/rclcpp/rclcpp.hpp:155[m[K,
[2.368s]                  from [01m[K/home/alberto/Documents/sub_alberto/src/uuv_control/src/dynamic_model_uuv.cpp:13[m[K:
[2.368s] [01m[K/opt/ros/humble/include/rclcpp/rclcpp/publisher.hpp:367:3:[m[K [01;36m[Knote: [m[Kcandidate: ‘[01m[Ktemplate<class T> std::enable_if_t<(typename rclcpp::TypeAdapter<MessageT>::is_specialized::value && std::is_same<T, typename rclcpp::TypeAdapter<MessageT>::custom_type>::value)> rclcpp::Publisher<MessageT, AllocatorT>::publish(const T&) [with T = T; MessageT = geometry_msgs::msg::Pose_<std::allocator<void> >; AllocatorT = std::allocator<void>][m[K’
[2.368s]   367 |   [01;36m[Kpublish[m[K(const T & msg)
[2.368s]       |   [01;36m[K^~~~~~~[m[K
[2.368s] [01m[K/opt/ros/humble/include/rclcpp/rclcpp/publisher.hpp:367:3:[m[K [01;36m[Knote: [m[K  template argument deduction/substitution failed:
[2.368s] [01m[K/opt/ros/humble/include/rclcpp/rclcpp/publisher.hpp:386:3:[m[K [01;36m[Knote: [m[Kcandidate: ‘[01m[Kvoid rclcpp::Publisher<MessageT, AllocatorT>::publish(const rcl_serialized_message_t&) [with MessageT = geometry_msgs::msg::Pose_<std::allocator<void> >; AllocatorT = std::allocator<void>; rcl_serialized_message_t = rcutils_uint8_array_s][m[K’
[2.368s]   386 |   [01;36m[Kpublish[m[K(const rcl_serialized_message_t & serialized_msg)
[2.368s]       |   [01;36m[K^~~~~~~[m[K
[2.368s] [01m[K/opt/ros/humble/include/rclcpp/rclcpp/publisher.hpp:386:44:[m[K [01;36m[Knote: [m[K  no known conversion for argument 1 from ‘[01m[Kgeometry_msgs::msg::PoseStamped[m[K’ {aka ‘[01m[Kgeometry_msgs::msg::PoseStamped_<std::allocator<void> >[m[K’} to ‘[01m[Kconst rcl_serialized_message_t&[m[K’ {aka ‘[01m[Kconst rcutils_uint8_array_s&[m[K’}
[2.368s]   386 |   publish([01;36m[Kconst rcl_serialized_message_t & serialized_msg[m[K)
[2.369s]       |           [01;36m[K~~~~~~~~~~~~~~~~~~~~~~~~~~~~~~~~~^~~~~~~~~~~~~~[m[K
[2.369s] [01m[K/opt/ros/humble/include/rclcpp/rclcpp/publisher.hpp:392:3:[m[K [01;36m[Knote: [m[Kcandidate: ‘[01m[Kvoid rclcpp::Publisher<MessageT, AllocatorT>::publish(const rclcpp::SerializedMessage&) [with MessageT = geometry_msgs::msg::Pose_<std::allocator<void> >; AllocatorT = std::allocator<void>][m[K’
[2.369s]   392 |   [01;36m[Kpublish[m[K(const SerializedMessage & serialized_msg)
[2.369s]       |   [01;36m[K^~~~~~~[m[K
[2.369s] [01m[K/opt/ros/humble/include/rclcpp/rclcpp/publisher.hpp:392:37:[m[K [01;36m[Knote: [m[K  no known conversion for argument 1 from ‘[01m[Kgeometry_msgs::msg::PoseStamped[m[K’ {aka ‘[01m[Kgeometry_msgs::msg::PoseStamped_<std::allocator<void> >[m[K’} to ‘[01m[Kconst rclcpp::SerializedMessage&[m[K’
[2.369s]   392 |   publish([01;36m[Kconst SerializedMessage & serialized_msg[m[K)
[2.369s]       |           [01;36m[K~~~~~~~~~~~~~~~~~~~~~~~~~~^~~~~~~~~~~~~~[m[K
[2.369s] [01m[K/opt/ros/humble/include/rclcpp/rclcpp/publisher.hpp:406:3:[m[K [01;36m[Knote: [m[Kcandidate: ‘[01m[Kvoid rclcpp::Publisher<MessageT, AllocatorT>::publish(rclcpp::LoanedMessage<typename rclcpp::TypeAdapter<MessageT>::ros_message_type, AllocatorT>&&) [with MessageT = geometry_msgs::msg::Pose_<std::allocator<void> >; AllocatorT = std::allocator<void>; typename rclcpp::TypeAdapter<MessageT>::ros_message_type = geometry_msgs::msg::Pose_<std::allocator<void> >][m[K’
[2.369s]   406 |   [01;36m[Kpublish[m[K(rclcpp::LoanedMessage<ROSMessageType, AllocatorT> && loaned_msg)
[2.369s]       |   [01;36m[K^~~~~~~[m[K
[2.369s] [01m[K/opt/ros/humble/include/rclcpp/rclcpp/publisher.hpp:406:64:[m[K [01;36m[Knote: [m[K  no known conversion for argument 1 from ‘[01m[Kgeometry_msgs::msg::PoseStamped[m[K’ {aka ‘[01m[Kgeometry_msgs::msg::PoseStamped_<std::allocator<void> >[m[K’} to ‘[01m[Krclcpp::LoanedMessage<geometry_msgs::msg::Pose_<std::allocator<void> >, std::allocator<void> >&&[m[K’
[2.369s]   406 |   publish([01;36m[Krclcpp::LoanedMessage<ROSMessageType, AllocatorT> && loaned_msg[m[K)
[2.369s]       |           [01;36m[K~~~~~~~~~~~~~~~~~~~~~~~~~~~~~~~~~~~~~~~~~~~~~~~~~~~~~^~~~~~~~~~[m[K
[2.369s] [01m[K/home/alberto/Documents/sub_alberto/src/uuv_control/src/dynamic_model_uuv.cpp:141:30:[m[K [01;31m[Kerror: [m[Kno match for ‘[01m[Koperator=[m[K’ (operand types are ‘[01m[Kgeometry_msgs::msg::PoseStamped_<std::allocator<void> >::_pose_type[m[K’ {aka ‘[01m[Kgeometry_msgs::msg::Pose_<std::allocator<void> >[m[K’} and ‘[01m[Kgeometry_msgs::msg::PoseStamped[m[K’ {aka ‘[01m[Kgeometry_msgs::msg::PoseStamped_<std::allocator<void> >[m[K’})
[2.369s]   141 |     pose_stamped_tmp_.pose = [01;31m[Kpose[m[K;
[2.369s]       |                              [01;31m[K^~~~[m[K
[2.369s] In file included from [01m[K/opt/ros/humble/include/geometry_msgs/geometry_msgs/msg/pose.hpp:7[m[K,
[2.369s]                  from [01m[K/home/alberto/Documents/sub_alberto/src/uuv_control/src/dynamic_model_uuv.cpp:7[m[K:
[2.369s] [01m[K/opt/ros/humble/include/geometry_msgs/geometry_msgs/msg/detail/pose__struct.hpp:38:8:[m[K [01;36m[Knote: [m[Kcandidate: ‘[01m[Kconstexpr geometry_msgs::msg::Pose_<std::allocator<void> >& geometry_msgs::msg::Pose_<std::allocator<void> >::operator=(const geometry_msgs::msg::Pose_<std::allocator<void> >&)[m[K’
[2.369s]    38 | struct [01;36m[KPose_[m[K
[2.369s]       |        [01;36m[K^~~~~[m[K
[2.369s] [01m[K/opt/ros/humble/include/geometry_msgs/geometry_msgs/msg/detail/pose__struct.hpp:38:8:[m[K [01;36m[Knote: [m[K  no known conversion for argument 1 from ‘[01m[Kgeometry_msgs::msg::PoseStamped[m[K’ {aka ‘[01m[Kgeometry_msgs::msg::PoseStamped_<std::allocator<void> >[m[K’} to ‘[01m[Kconst geometry_msgs::msg::Pose_<std::allocator<void> >&[m[K’
[2.369s] [01m[K/opt/ros/humble/include/geometry_msgs/geometry_msgs/msg/detail/pose__struct.hpp:38:8:[m[K [01;36m[Knote: [m[Kcandidate: ‘[01m[Kconstexpr geometry_msgs::msg::Pose_<std::allocator<void> >& geometry_msgs::msg::Pose_<std::allocator<void> >::operator=(geometry_msgs::msg::Pose_<std::allocator<void> >&&)[m[K’
[2.369s] [01m[K/opt/ros/humble/include/geometry_msgs/geometry_msgs/msg/detail/pose__struct.hpp:38:8:[m[K [01;36m[Knote: [m[K  no known conversion for argument 1 from ‘[01m[Kgeometry_msgs::msg::PoseStamped[m[K’ {aka ‘[01m[Kgeometry_msgs::msg::PoseStamped_<std::allocator<void> >[m[K’} to ‘[01m[Kgeometry_msgs::msg::Pose_<std::allocator<void> >&&[m[K’
[2.369s] [01m[K/home/alberto/Documents/sub_alberto/src/uuv_control/src/dynamic_model_uuv.cpp:150:18:[m[K [01;31m[Kerror: [m[Kcannot convert ‘[01m[Kgeometry_msgs::msg::PoseStamped[m[K’ {aka ‘[01m[Kgeometry_msgs::msg::PoseStamped_<std::allocator<void> >[m[K’} to ‘[01m[Kconst Pose&[m[K’ {aka ‘[01m[Kconst geometry_msgs::msg::Pose_<std::allocator<void> >&[m[K’}
[2.370s]   150 |     tf_broadcast([01;31m[Kpose[m[K);
[2.370s]       |                  [01;31m[K^~~~[m[K
[2.370s]       |                  [01;31m[K|[m[K
[2.370s]       |                  [01;31m[Kgeometry_msgs::msg::PoseStamped {aka geometry_msgs::msg::PoseStamped_<std::allocator<void> >}[m[K
[2.370s] [01m[K/home/alberto/Documents/sub_alberto/src/uuv_control/src/dynamic_model_uuv.cpp:188:53:[m[K [01;36m[Knote: [m[K  initializing argument 1 of ‘[01m[Kvoid DynamicModelSim::tf_broadcast(const Pose&)[m[K’
[2.370s]   188 |   void tf_broadcast([01;36m[Kconst geometry_msgs::msg::Pose &msg[m[K) {
[2.370s]       |                     [01;36m[K~~~~~~~~~~~~~~~~~~~~~~~~~~~~~~~~^~~[m[K
[4.609s] gmake[2]: *** [CMakeFiles/dynamic_model_uuv.dir/build.make:76: CMakeFiles/dynamic_model_uuv.dir/src/dynamic_model_uuv.cpp.o] Error 1
[4.609s] gmake[1]: *** [CMakeFiles/Makefile2:165: CMakeFiles/dynamic_model_uuv.dir/all] Error 2
[4.609s] gmake: *** [Makefile:146: all] Error 2
[4.611s] Invoked command in '/home/alberto/Documents/sub_alberto/build/uuv_control' returned '2': CMAKE_PREFIX_PATH=/home/alberto/Documents/kia_gd_ws/install/ur_ros_rtde_tutorials:/home/alberto/Documents/kia_gd_ws/install/ur_ros_rtde:/home/alberto/Documents/kia_gd_ws/install/ur_ros_rtde_simple_clients:/home/alberto/Documents/kia_gd_ws/install/ur_ros_rtde_gripper_commands:/home/alberto/Documents/kia_gd_ws/install/ur_ros_rtde_msgs:/home/alberto/Documents/kia_gd_ws/install/ur:/home/alberto/Documents/kia_gd_ws/install/ur_calibration:/home/alberto/Documents/kia_gd_ws/install/ur_robot_driver:/home/alberto/Documents/kia_gd_ws/install/ur_moveit_config:/home/alberto/Documents/kia_gd_ws/install/ur_bringup:/home/alberto/Documents/kia_gd_ws/install/ur_controllers:/home/alberto/Documents/kia_gd_ws/install/ur_dashboard_msgs:/home/alberto/Documents/kia_gd_ws/install/simple_ur10e_moveit_config:/home/alberto/Documents/kia_gd_ws/install/simple_ur10e_description:/home/alberto/Documents/kia_gd_ws/install/kia_gd:/home/alberto/Documents/sub_alberto/install/uuv_visualization:/home/alberto/Documents/sub_alberto/install/uuv_vision:/home/alberto/Documents/sub_alberto/install/uuv_navigation:/home/alberto/Documents/sub_alberto/install/uuv_mission:/home/alberto/Documents/sub_alberto/install/uuv_master:/home/alberto/Documents/sub_alberto/install/uuv_control:/home/alberto/install/vectornav:/home/alberto/install/vectornav_msgs:/home/alberto/install/uuv_teleop:/home/alberto/install/uuv_description:/home/alberto/install/sub:/home/alberto/install/pid:/home/alberto/Documents/kia_gd_ws/install/ros_tcp_endpoint:/home/alberto/ros2_ws/install/docker_test:/opt/ros/humble:/home/alberto/install/catkin:/home/alberto/ros2_ws/install/sub:/home/alberto/ros2_ws/install/pid:/home/alberto/ros2_ws/install/catkin:/home/alberto/uuv/install/uuv /usr/bin/cmake --build /home/alberto/Documents/sub_alberto/build/uuv_control -- -j8 -l8
