-- Install configuration: ""
-- Up-to-date: /home/alberto/Documents/sub_alberto/install/uuv_visualization/share/uuv_visualization/launch
-- Up-to-date: /home/alberto/Documents/sub_alberto/install/uuv_visualization/share/uuv_visualization/launch/test_pid.py
-- Up-to-date: /home/alberto/Documents/sub_alberto/install/uuv_visualization/share/uuv_visualization/launch/launch.py
-- Up-to-date: /home/alberto/Documents/sub_alberto/install/uuv_visualization/share/uuv_visualization/launch/gazebo_launch.py
-- Up-to-date: /home/alberto/Documents/sub_alberto/install/uuv_visualization/share/uuv_visualization/meshes
-- Up-to-date: /home/alberto/Documents/sub_alberto/install/uuv_visualization/share/uuv_visualization/meshes/UUV_binary.stl
-- Up-to-date: /home/alberto/Documents/sub_alberto/install/uuv_visualization/share/uuv_visualization/meshes/mesa.stl
-- Up-to-date: /home/alberto/Documents/sub_alberto/install/uuv_visualization/share/uuv_visualization/meshes/slalom.stl
-- Up-to-date: /home/alberto/Documents/sub_alberto/install/uuv_visualization/share/uuv_visualization/meshes/path.stl
-- Up-to-date: /home/alberto/Documents/sub_alberto/install/uuv_visualization/share/uuv_visualization/meshes/octagon.stl
-- Up-to-date: /home/alberto/Documents/sub_alberto/install/uuv_visualization/share/uuv_visualization/meshes/tagging.stl
-- Up-to-date: /home/alberto/Documents/sub_alberto/install/uuv_visualization/share/uuv_visualization/rviz
-- Up-to-date: /home/alberto/Documents/sub_alberto/install/uuv_visualization/share/uuv_visualization/rviz/visualization_1.rviz
-- Up-to-date: /home/alberto/Documents/sub_alberto/install/uuv_visualization/share/uuv_visualization/rviz/gazebo_visualization.rviz
-- Up-to-date: /home/alberto/Documents/sub_alberto/install/uuv_visualization/share/uuv_visualization/urdf
-- Up-to-date: /home/alberto/Documents/sub_alberto/install/uuv_visualization/share/uuv_visualization/urdf/path.urdf
-- Up-to-date: /home/alberto/Documents/sub_alberto/install/uuv_visualization/share/uuv_visualization/urdf/octagon.urdf
-- Up-to-date: /home/alberto/Documents/sub_alberto/install/uuv_visualization/share/uuv_visualization/urdf/tagging.urdf
-- Up-to-date: /home/alberto/Documents/sub_alberto/install/uuv_visualization/share/uuv_visualization/urdf/mesa.urdf
-- Up-to-date: /home/alberto/Documents/sub_alberto/install/uuv_visualization/share/uuv_visualization/urdf/slalom.urdf
-- Up-to-date: /home/alberto/Documents/sub_alberto/install/uuv_visualization/share/uuv_visualization/urdf/sub.urdf
-- Up-to-date: /home/alberto/Documents/sub_alberto/install/uuv_visualization/share/uuv_visualization/urdf/sub_cam.urdf
-- Up-to-date: /home/alberto/Documents/sub_alberto/install/uuv_visualization/share/uuv_visualization/scripts
-- Up-to-date: /home/alberto/Documents/sub_alberto/install/uuv_visualization/share/uuv_visualization/scripts/object_visualizer.py
-- Up-to-date: /home/alberto/Documents/sub_alberto/install/uuv_visualization/share/uuv_visualization/scripts/trayectory_visualizer.py
-- Installing: /home/alberto/Documents/sub_alberto/install/uuv_visualization/share/uuv_visualization/scripts/dashboard.py
-- Up-to-date: /home/alberto/Documents/sub_alberto/install/uuv_visualization/share/uuv_visualization/scripts/uuv_tracker.py
-- Up-to-date: /home/alberto/Documents/sub_alberto/install/uuv_visualization/share/uuv_visualization/data
-- Up-to-date: /home/alberto/Documents/sub_alberto/install/uuv_visualization/share/uuv_visualization/data/obstacles.db
-- Up-to-date: /home/alberto/Documents/sub_alberto/install/uuv_visualization/share/uuv_visualization/config
-- Up-to-date: /home/alberto/Documents/sub_alberto/install/uuv_visualization/share/uuv_visualization/config/object_visualizer_params.yaml
-- Up-to-date: /home/alberto/Documents/sub_alberto/install/uuv_visualization/share/uuv_visualization/worlds
-- Up-to-date: /home/alberto/Documents/sub_alberto/install/uuv_visualization/share/uuv_visualization/worlds/mundo_submarino.sdf
-- Up-to-date: /home/alberto/Documents/sub_alberto/install/uuv_visualization/share/uuv_visualization/www
-- Up-to-date: /home/alberto/Documents/sub_alberto/install/uuv_visualization/share/uuv_visualization/www/index.html
-- Up-to-date: /home/alberto/Documents/sub_alberto/install/uuv_visualization/lib/uuv_visualization/object_visualizer
-- Up-to-date: /home/alberto/Documents/sub_alberto/install/uuv_visualization/lib/uuv_visualization/trayectory_visualizer
-- Up-to-date: /home/alberto/Documents/sub_alberto/install/uuv_visualization/lib/uuv_visualization/uuv_tracker
-- Installing: /home/alberto/Documents/sub_alberto/install/uuv_visualization/lib/uuv_visualization/dashboard
-- Up-to-date: /home/alberto/Documents/sub_alberto/install/uuv_visualization/share/ament_index/resource_index/package_run_dependencies/uuv_visualization
-- Up-to-date: /home/alberto/Documents/sub_alberto/install/uuv_visualization/share/ament_index/resource_index/parent_prefix_path/uuv_visualization
-- Up-to-date: /home/alberto/Documents/sub_alberto/install/uuv_visualization/share/uuv_visualization/environment/ament_prefix_path.sh
-- Up-to-date: /home/alberto/Documents/sub_alberto/install/uuv_visualization/share/uuv_visualization/environment/ament_prefix_path.dsv
-- Up-to-date: /home/alberto/Documents/sub_alberto/install/uuv_visualization/share/uuv_visualization/environment/path.sh
-- Up-to-date: /home/alberto/Documents/sub_alberto/install/uuv_visualization/share/uuv_visualization/environment/path.dsv
-- Up-to-date: /home/alberto/Documents/sub_alberto/install/uuv_visualization/share/uuv_visualization/local_setup.bash
-- Up-to-date: /home/alberto/Documents/sub_alberto/install/uuv_visualization/share/uuv_visualization/local_setup.sh
-- Up-to-date: /home/alberto/Documents/sub_alberto/install/uuv_visualization/share/uuv_visualization/local_setup.zsh
-- Up-to-date: /home/alberto/Documents/sub_alberto/install/uuv_visualization/share/uuv_visualization/local_setup.dsv
-- Up-to-date: /home/alberto/Documents/sub_alberto/install/uuv_visualization/share/uuv_visualization/package.dsv
-- Up-to-date: /home/alberto/Documents/sub_alberto/install/uuv_visualization/share/ament_index/resource_index/packages/uuv_visualization
-- Up-to-date: /home/alberto/Documents/sub_alberto/install/uuv_visualization/share/uuv_visualization/cmake/uuv_visualizationConfig.cmake
-- Up-to-date: /home/alberto/Documents/sub_alberto/install/uuv_visualization/share/uuv_visualization/cmake/uuv_visualizationConfig-version.cmake
-- Up-to-date: /home/alberto/Documents/sub_alberto/install/uuv_visualization/share/uuv_visualization/package.xml
