-- Install configuration: ""
-- Up-to-date: /home/alberto/Documents/sub_alberto/install/uuv_description/share/uuv_description/models
-- Up-to-date: /home/alberto/Documents/sub_alberto/install/uuv_description/share/uuv_description/models/ocean_cleanup_table
-- Up-to-date: /home/alberto/Documents/sub_alberto/install/uuv_description/share/uuv_description/models/ocean_cleanup_table/model.sdf
-- Up-to-date: /home/alberto/Documents/sub_alberto/install/uuv_description/share/uuv_description/models/ocean_cleanup_table/model.config
-- Up-to-date: /home/alberto/Documents/sub_alberto/install/uuv_description/share/uuv_description/models/ocean_cleanup_table/meshes
-- Up-to-date: /home/alberto/Documents/sub_alberto/install/uuv_description/share/uuv_description/models/ocean_cleanup_table/meshes/mesa.obj
-- Up-to-date: /home/alberto/Documents/sub_alberto/install/uuv_description/share/uuv_description/models/ocean_cleanup_table/meshes/mesa.gltf
-- Up-to-date: /home/alberto/Documents/sub_alberto/install/uuv_description/share/uuv_description/models/ocean_cleanup_table/meshes/mesa.dae
-- Up-to-date: /home/alberto/Documents/sub_alberto/install/uuv_description/share/uuv_description/models/ocean_cleanup_table/meshes/mesa.mtl
-- Up-to-date: /home/alberto/Documents/sub_alberto/install/uuv_description/share/uuv_description/models/tagging
-- Up-to-date: /home/alberto/Documents/sub_alberto/install/uuv_description/share/uuv_description/models/tagging/model.sdf
-- Up-to-date: /home/alberto/Documents/sub_alberto/install/uuv_description/share/uuv_description/models/tagging/model.config
-- Up-to-date: /home/alberto/Documents/sub_alberto/install/uuv_description/share/uuv_description/models/tagging/meshes
-- Up-to-date: /home/alberto/Documents/sub_alberto/install/uuv_description/share/uuv_description/models/tagging/meshes/tagging.gltf
-- Up-to-date: /home/alberto/Documents/sub_alberto/install/uuv_description/share/uuv_description/models/tagging/meshes/tagging.obj
-- Up-to-date: /home/alberto/Documents/sub_alberto/install/uuv_description/share/uuv_description/models/tagging/meshes/tagging.dae
-- Up-to-date: /home/alberto/Documents/sub_alberto/install/uuv_description/share/uuv_description/models/tagging/meshes/tagging.mtl
-- Up-to-date: /home/alberto/Documents/sub_alberto/install/uuv_description/share/uuv_description/models/slalom
-- Up-to-date: /home/alberto/Documents/sub_alberto/install/uuv_description/share/uuv_description/models/slalom/model.sdf
-- Up-to-date: /home/alberto/Documents/sub_alberto/install/uuv_description/share/uuv_description/models/slalom/model.config
-- Up-to-date: /home/alberto/Documents/sub_alberto/install/uuv_description/share/uuv_description/models/slalom/meshes
-- Up-to-date: /home/alberto/Documents/sub_alberto/install/uuv_description/share/uuv_description/models/slalom/meshes/slalom.gltf
-- Up-to-date: /home/alberto/Documents/sub_alberto/install/uuv_description/share/uuv_description/models/slalom/meshes/slalom.dae
-- Up-to-date: /home/alberto/Documents/sub_alberto/install/uuv_description/share/uuv_description/models/slalom/meshes/slalom.mtl
-- Up-to-date: /home/alberto/Documents/sub_alberto/install/uuv_description/share/uuv_description/models/slalom/meshes/slalom.obj
-- Up-to-date: /home/alberto/Documents/sub_alberto/install/uuv_description/share/uuv_description/models/ocean_cleanup_octagon
-- Up-to-date: /home/alberto/Documents/sub_alberto/install/uuv_description/share/uuv_description/models/ocean_cleanup_octagon/model.sdf
-- Up-to-date: /home/alberto/Documents/sub_alberto/install/uuv_description/share/uuv_description/models/ocean_cleanup_octagon/model.config
-- Up-to-date: /home/alberto/Documents/sub_alberto/install/uuv_description/share/uuv_description/models/ocean_cleanup_octagon/meshes
-- Up-to-date: /home/alberto/Documents/sub_alberto/install/uuv_description/share/uuv_description/models/ocean_cleanup_octagon/meshes/octagon.obj
-- Up-to-date: /home/alberto/Documents/sub_alberto/install/uuv_description/share/uuv_description/models/ocean_cleanup_octagon/meshes/octagon.gltf
-- Up-to-date: /home/alberto/Documents/sub_alberto/install/uuv_description/share/uuv_description/models/ocean_cleanup_octagon/meshes/octagon.mtl
-- Up-to-date: /home/alberto/Documents/sub_alberto/install/uuv_description/share/uuv_description/models/ocean_cleanup_octagon/meshes/octagon.dae
-- Up-to-date: /home/alberto/Documents/sub_alberto/install/uuv_description/share/uuv_description/models/path
-- Up-to-date: /home/alberto/Documents/sub_alberto/install/uuv_description/share/uuv_description/models/path/model.sdf
-- Up-to-date: /home/alberto/Documents/sub_alberto/install/uuv_description/share/uuv_description/models/path/model.config
-- Up-to-date: /home/alberto/Documents/sub_alberto/install/uuv_description/share/uuv_description/models/path/meshes
-- Up-to-date: /home/alberto/Documents/sub_alberto/install/uuv_description/share/uuv_description/models/path/meshes/path.dae
-- Up-to-date: /home/alberto/Documents/sub_alberto/install/uuv_description/share/uuv_description/models/path/meshes/path_obj.mtl
-- Up-to-date: /home/alberto/Documents/sub_alberto/install/uuv_description/share/uuv_description/models/path/meshes/path.gltf
-- Up-to-date: /home/alberto/Documents/sub_alberto/install/uuv_description/share/uuv_description/models/path/meshes/path_obj.obj
-- Up-to-date: /home/alberto/Documents/sub_alberto/install/uuv_description/share/ament_index/resource_index/package_run_dependencies/uuv_description
-- Up-to-date: /home/alberto/Documents/sub_alberto/install/uuv_description/share/ament_index/resource_index/parent_prefix_path/uuv_description
-- Up-to-date: /home/alberto/Documents/sub_alberto/install/uuv_description/share/uuv_description/environment/ament_prefix_path.sh
-- Up-to-date: /home/alberto/Documents/sub_alberto/install/uuv_description/share/uuv_description/environment/ament_prefix_path.dsv
-- Up-to-date: /home/alberto/Documents/sub_alberto/install/uuv_description/share/uuv_description/environment/path.sh
-- Up-to-date: /home/alberto/Documents/sub_alberto/install/uuv_description/share/uuv_description/environment/path.dsv
-- Up-to-date: /home/alberto/Documents/sub_alberto/install/uuv_description/share/uuv_description/local_setup.bash
-- Up-to-date: /home/alberto/Documents/sub_alberto/install/uuv_description/share/uuv_description/local_setup.sh
-- Up-to-date: /home/alberto/Documents/sub_alberto/install/uuv_description/share/uuv_description/local_setup.zsh
-- Up-to-date: /home/alberto/Documents/sub_alberto/install/uuv_description/share/uuv_description/local_setup.dsv
-- Installing: /home/alberto/Documents/sub_alberto/install/uuv_description/share/uuv_description/package.dsv
-- Up-to-date: /home/alberto/Documents/sub_alberto/install/uuv_description/share/ament_index/resource_index/packages/uuv_description
-- Up-to-date: /home/alberto/Documents/sub_alberto/install/uuv_description/share/uuv_description/cmake/uuv_descriptionConfig.cmake
-- Up-to-date: /home/alberto/Documents/sub_alberto/install/uuv_description/share/uuv_description/cmake/uuv_descriptionConfig-version.cmake
-- Up-to-date: /home/alberto/Documents/sub_alberto/install/uuv_description/share/uuv_description/package.xml
