[0.043s] Invoking command in '/home/alberto/Documents/sub_alberto/build/uuv_control': CMAKE_PREFIX_PATH=/home/alberto/Documents/kia_gd_ws/install/ur_ros_rtde_tutorials:/home/alberto/Documents/kia_gd_ws/install/ur_ros_rtde:/home/alberto/Documents/kia_gd_ws/install/ur_ros_rtde_simple_clients:/home/alberto/Documents/kia_gd_ws/install/ur_ros_rtde_gripper_commands:/home/alberto/Documents/kia_gd_ws/install/ur_ros_rtde_msgs:/home/alberto/Documents/kia_gd_ws/install/ur:/home/alberto/Documents/kia_gd_ws/install/ur_calibration:/home/alberto/Documents/kia_gd_ws/install/ur_robot_driver:/home/alberto/Documents/kia_gd_ws/install/ur_moveit_config:/home/alberto/Documents/kia_gd_ws/install/ur_bringup:/home/alberto/Documents/kia_gd_ws/install/ur_controllers:/home/alberto/Documents/kia_gd_ws/install/ur_dashboard_msgs:/home/alberto/Documents/kia_gd_ws/install/simple_ur10e_moveit_config:/home/alberto/Documents/kia_gd_ws/install/simple_ur10e_description:/home/alberto/Documents/kia_gd_ws/install/kia_gd:/home/alberto/Documents/sub_alberto/install/uuv_visualization:/home/alberto/Documents/sub_alberto/install/uuv_vision:/home/alberto/Documents/sub_alberto/install/uuv_navigation:/home/alberto/Documents/sub_alberto/install/uuv_mission:/home/alberto/Documents/sub_alberto/install/uuv_master:/home/alberto/Documents/sub_alberto/install/uuv_gazebo_plugins:/home/alberto/Documents/sub_alberto/install/uuv_description:/home/alberto/Documents/sub_alberto/install/uuv_control:/home/alberto/install/vectornav:/home/alberto/install/vectornav_msgs:/home/alberto/install/uuv_teleop:/home/alberto/install/uuv_description:/home/alberto/install/sub:/home/alberto/install/pid:/home/alberto/Documents/kia_gd_ws/install/ros_tcp_endpoint:/home/alberto/ros2_ws/install/docker_test:/opt/ros/humble:/home/alberto/install/catkin:/home/alberto/ros2_ws/install/sub:/home/alberto/ros2_ws/install/pid:/home/alberto/ros2_ws/install/catkin:/home/alberto/uuv/install/uuv /usr/bin/cmake --build /home/alberto/Documents/sub_alberto/build/uuv_control -- -j8 -l8
[0.097s] -- Found ament_cmake: 1.3.12 (/opt/ros/humble/share/ament_cmake/cmake)
[0.248s] -- Found rclcpp: 16.0.16 (/opt/ros/humble/share/rclcpp/cmake)
[0.280s] -- Found rosidl_generator_c: 3.1.7 (/opt/ros/humble/share/rosidl_generator_c/cmake)
[0.282s] -- Found rosidl_adapter: 3.1.7 (/opt/ros/humble/share/rosidl_adapter/cmake)
[0.288s] -- Found rosidl_generator_cpp: 3.1.7 (/opt/ros/humble/share/rosidl_generator_cpp/cmake)
[0.306s] -- Using all available rosidl_typesupport_c: rosidl_typesupport_fastrtps_c;rosidl_typesupport_introspection_c
[0.321s] -- Using all available rosidl_typesupport_cpp: rosidl_typesupport_fastrtps_cpp;rosidl_typesupport_introspection_cpp
[0.352s] -- Found rmw_implementation_cmake: 6.1.2 (/opt/ros/humble/share/rmw_implementation_cmake/cmake)
[0.354s] -- Found rmw_fastrtps_cpp: 6.2.9 (/opt/ros/humble/share/rmw_fastrtps_cpp/cmake)
[0.454s] -- Using RMW implementation 'rmw_fastrtps_cpp' as default
[0.502s] -- Found geometry_msgs: 4.9.0 (/opt/ros/humble/share/geometry_msgs/cmake)
[0.513s] -- Found sensor_msgs: 4.9.0 (/opt/ros/humble/share/sensor_msgs/cmake)
[0.528s] -- Found visualization_msgs: 4.9.0 (/opt/ros/humble/share/visualization_msgs/cmake)
[0.550s] -- Found nav2_msgs: 1.1.20 (/opt/ros/humble/share/nav2_msgs/cmake)
[0.605s] -- Found tf2_ros: 0.25.17 (/opt/ros/humble/share/tf2_ros/cmake)
[0.658s] -- Found eigen3_cmake_module: 0.1.1 (/opt/ros/humble/share/eigen3_cmake_module/cmake)
[0.671s] -- Found ament_lint_auto: 0.12.14 (/opt/ros/humble/share/ament_lint_auto/cmake)
[0.765s] -- Added test 'cppcheck' to perform static code analysis on C / C++ code
[0.765s] -- Configured cppcheck include dirs: /home/alberto/Documents/sub_alberto/src/uuv_control/libs/model
[0.765s] -- Configured cppcheck exclude dirs and/or files: 
[0.765s] -- Added test 'flake8' to check Python code syntax and style conventions
[0.766s] -- Added test 'lint_cmake' to check CMake code style
[0.766s] -- Added test 'pep257' to check Python code against some of the docstring style conventions in PEP 257
[0.767s] -- Added test 'uncrustify' to check C / C++ code style
[0.767s] -- Configured uncrustify additional arguments: 
[0.767s] -- Added test 'xmllint' to check XML markup files
[0.769s] -- Configuring done
[0.789s] -- Generating done
[0.793s] -- Build files have been written to: /home/alberto/Documents/sub_alberto/build/uuv_control
[0.816s] [35m[1mConsolidate compiler generated dependencies of target uuv_model_lib[0m
[0.828s] [ 50%] Built target uuv_model_lib
[0.837s] [35m[1mConsolidate compiler generated dependencies of target dynamic_model_uuv[0m
[0.856s] [100%] Built target dynamic_model_uuv
[0.865s] Invoked command in '/home/alberto/Documents/sub_alberto/build/uuv_control' returned '0': CMAKE_PREFIX_PATH=/home/alberto/Documents/kia_gd_ws/install/ur_ros_rtde_tutorials:/home/alberto/Documents/kia_gd_ws/install/ur_ros_rtde:/home/alberto/Documents/kia_gd_ws/install/ur_ros_rtde_simple_clients:/home/alberto/Documents/kia_gd_ws/install/ur_ros_rtde_gripper_commands:/home/alberto/Documents/kia_gd_ws/install/ur_ros_rtde_msgs:/home/alberto/Documents/kia_gd_ws/install/ur:/home/alberto/Documents/kia_gd_ws/install/ur_calibration:/home/alberto/Documents/kia_gd_ws/install/ur_robot_driver:/home/alberto/Documents/kia_gd_ws/install/ur_moveit_config:/home/alberto/Documents/kia_gd_ws/install/ur_bringup:/home/alberto/Documents/kia_gd_ws/install/ur_controllers:/home/alberto/Documents/kia_gd_ws/install/ur_dashboard_msgs:/home/alberto/Documents/kia_gd_ws/install/simple_ur10e_moveit_config:/home/alberto/Documents/kia_gd_ws/install/simple_ur10e_description:/home/alberto/Documents/kia_gd_ws/install/kia_gd:/home/alberto/Documents/sub_alberto/install/uuv_visualization:/home/alberto/Documents/sub_alberto/install/uuv_vision:/home/alberto/Documents/sub_alberto/install/uuv_navigation:/home/alberto/Documents/sub_alberto/install/uuv_mission:/home/alberto/Documents/sub_alberto/install/uuv_master:/home/alberto/Documents/sub_alberto/install/uuv_gazebo_plugins:/home/alberto/Documents/sub_alberto/install/uuv_description:/home/alberto/Documents/sub_alberto/install/uuv_control:/home/alberto/install/vectornav:/home/alberto/install/vectornav_msgs:/home/alberto/install/uuv_teleop:/home/alberto/install/uuv_description:/home/alberto/install/sub:/home/alberto/install/pid:/home/alberto/Documents/kia_gd_ws/install/ros_tcp_endpoint:/home/alberto/ros2_ws/install/docker_test:/opt/ros/humble:/home/alberto/install/catkin:/home/alberto/ros2_ws/install/sub:/home/alberto/ros2_ws/install/pid:/home/alberto/ros2_ws/install/catkin:/home/alberto/uuv/install/uuv /usr/bin/cmake --build /home/alberto/Documents/sub_alberto/build/uuv_control -- -j8 -l8
[0.866s] Invoking command in '/home/alberto/Documents/sub_alberto/build/uuv_control': CMAKE_PREFIX_PATH=/home/alberto/Documents/kia_gd_ws/install/ur_ros_rtde_tutorials:/home/alberto/Documents/kia_gd_ws/install/ur_ros_rtde:/home/alberto/Documents/kia_gd_ws/install/ur_ros_rtde_simple_clients:/home/alberto/Documents/kia_gd_ws/install/ur_ros_rtde_gripper_commands:/home/alberto/Documents/kia_gd_ws/install/ur_ros_rtde_msgs:/home/alberto/Documents/kia_gd_ws/install/ur:/home/alberto/Documents/kia_gd_ws/install/ur_calibration:/home/alberto/Documents/kia_gd_ws/install/ur_robot_driver:/home/alberto/Documents/kia_gd_ws/install/ur_moveit_config:/home/alberto/Documents/kia_gd_ws/install/ur_bringup:/home/alberto/Documents/kia_gd_ws/install/ur_controllers:/home/alberto/Documents/kia_gd_ws/install/ur_dashboard_msgs:/home/alberto/Documents/kia_gd_ws/install/simple_ur10e_moveit_config:/home/alberto/Documents/kia_gd_ws/install/simple_ur10e_description:/home/alberto/Documents/kia_gd_ws/install/kia_gd:/home/alberto/Documents/sub_alberto/install/uuv_visualization:/home/alberto/Documents/sub_alberto/install/uuv_vision:/home/alberto/Documents/sub_alberto/install/uuv_navigation:/home/alberto/Documents/sub_alberto/install/uuv_mission:/home/alberto/Documents/sub_alberto/install/uuv_master:/home/alberto/Documents/sub_alberto/install/uuv_gazebo_plugins:/home/alberto/Documents/sub_alberto/install/uuv_description:/home/alberto/Documents/sub_alberto/install/uuv_control:/home/alberto/install/vectornav:/home/alberto/install/vectornav_msgs:/home/alberto/install/uuv_teleop:/home/alberto/install/uuv_description:/home/alberto/install/sub:/home/alberto/install/pid:/home/alberto/Documents/kia_gd_ws/install/ros_tcp_endpoint:/home/alberto/ros2_ws/install/docker_test:/opt/ros/humble:/home/alberto/install/catkin:/home/alberto/ros2_ws/install/sub:/home/alberto/ros2_ws/install/pid:/home/alberto/ros2_ws/install/catkin:/home/alberto/uuv/install/uuv /usr/bin/cmake --install /home/alberto/Documents/sub_alberto/build/uuv_control
[0.873s] -- Install configuration: ""
[0.873s] -- Up-to-date: /home/alberto/Documents/sub_alberto/install/uuv_control/share/uuv_control/libs
[0.873s] -- Up-to-date: /home/alberto/Documents/sub_alberto/install/uuv_control/share/uuv_control/libs/model
[0.873s] -- Up-to-date: /home/alberto/Documents/sub_alberto/install/uuv_control/share/uuv_control/libs/model/uuv_dynamic_model.cpp
[0.873s] -- Up-to-date: /home/alberto/Documents/sub_alberto/install/uuv_control/share/uuv_control/libs/model/uuv_dynamic_model.h
[0.873s] -- Up-to-date: /home/alberto/Documents/sub_alberto/install/uuv_control/share/uuv_control/libs/model/uuv_datatypes.h
[0.873s] -- Up-to-date: /home/alberto/Documents/sub_alberto/install/uuv_control/share/uuv_control/scripts
[0.873s] -- Up-to-date: /home/alberto/Documents/sub_alberto/install/uuv_control/share/uuv_control/scripts/asmc.py
[0.873s] -- Up-to-date: /home/alberto/Documents/sub_alberto/install/uuv_control/share/uuv_control/scripts/pid.py
[0.873s] -- Installing: /home/alberto/Documents/sub_alberto/install/uuv_control/share/uuv_control/scripts/joystick_converter.py
[0.873s] -- Up-to-date: /home/alberto/Documents/sub_alberto/install/uuv_control/lib/uuv_control/pid
[0.873s] -- Up-to-date: /home/alberto/Documents/sub_alberto/install/uuv_control/lib/uuv_control/asmc
[0.873s] -- Up-to-date: /home/alberto/Documents/sub_alberto/install/uuv_control/lib/uuv_control/dynamic_model_uuv
[0.873s] -- Up-to-date: /home/alberto/Documents/sub_alberto/install/uuv_control/share/uuv_control/scripts
[0.874s] -- Up-to-date: /home/alberto/Documents/sub_alberto/install/uuv_control/share/uuv_control/scripts/asmc.py
[0.874s] -- Up-to-date: /home/alberto/Documents/sub_alberto/install/uuv_control/share/uuv_control/scripts/pid.py
[0.874s] -- Up-to-date: /home/alberto/Documents/sub_alberto/install/uuv_control/share/uuv_control/scripts/joystick_converter.py
[0.874s] -- Up-to-date: /home/alberto/Documents/sub_alberto/install/uuv_control/lib/uuv_control/pid
[0.874s] -- Up-to-date: /home/alberto/Documents/sub_alberto/install/uuv_control/lib/uuv_control/asmc
[0.874s] -- Installing: /home/alberto/Documents/sub_alberto/install/uuv_control/lib/uuv_control/joystick_converter
[0.874s] -- Up-to-date: /home/alberto/Documents/sub_alberto/install/uuv_control/share/ament_index/resource_index/package_run_dependencies/uuv_control
[0.874s] -- Installing: /home/alberto/Documents/sub_alberto/install/uuv_control/share/ament_index/resource_index/parent_prefix_path/uuv_control
[0.874s] -- Up-to-date: /home/alberto/Documents/sub_alberto/install/uuv_control/share/uuv_control/environment/ament_prefix_path.sh
[0.874s] -- Installing: /home/alberto/Documents/sub_alberto/install/uuv_control/share/uuv_control/environment/ament_prefix_path.dsv
[0.874s] -- Up-to-date: /home/alberto/Documents/sub_alberto/install/uuv_control/share/uuv_control/environment/path.sh
[0.874s] -- Installing: /home/alberto/Documents/sub_alberto/install/uuv_control/share/uuv_control/environment/path.dsv
[0.874s] -- Up-to-date: /home/alberto/Documents/sub_alberto/install/uuv_control/share/uuv_control/local_setup.bash
[0.874s] -- Up-to-date: /home/alberto/Documents/sub_alberto/install/uuv_control/share/uuv_control/local_setup.sh
[0.874s] -- Up-to-date: /home/alberto/Documents/sub_alberto/install/uuv_control/share/uuv_control/local_setup.zsh
[0.874s] -- Installing: /home/alberto/Documents/sub_alberto/install/uuv_control/share/uuv_control/local_setup.dsv
[0.874s] -- Installing: /home/alberto/Documents/sub_alberto/install/uuv_control/share/uuv_control/package.dsv
[0.874s] -- Up-to-date: /home/alberto/Documents/sub_alberto/install/uuv_control/share/ament_index/resource_index/packages/uuv_control
[0.875s] -- Up-to-date: /home/alberto/Documents/sub_alberto/install/uuv_control/share/uuv_control/cmake/uuv_controlConfig.cmake
[0.875s] -- Up-to-date: /home/alberto/Documents/sub_alberto/install/uuv_control/share/uuv_control/cmake/uuv_controlConfig-version.cmake
[0.875s] -- Up-to-date: /home/alberto/Documents/sub_alberto/install/uuv_control/share/uuv_control/package.xml
[0.876s] Invoked command in '/home/alberto/Documents/sub_alberto/build/uuv_control' returned '0': CMAKE_PREFIX_PATH=/home/alberto/Documents/kia_gd_ws/install/ur_ros_rtde_tutorials:/home/alberto/Documents/kia_gd_ws/install/ur_ros_rtde:/home/alberto/Documents/kia_gd_ws/install/ur_ros_rtde_simple_clients:/home/alberto/Documents/kia_gd_ws/install/ur_ros_rtde_gripper_commands:/home/alberto/Documents/kia_gd_ws/install/ur_ros_rtde_msgs:/home/alberto/Documents/kia_gd_ws/install/ur:/home/alberto/Documents/kia_gd_ws/install/ur_calibration:/home/alberto/Documents/kia_gd_ws/install/ur_robot_driver:/home/alberto/Documents/kia_gd_ws/install/ur_moveit_config:/home/alberto/Documents/kia_gd_ws/install/ur_bringup:/home/alberto/Documents/kia_gd_ws/install/ur_controllers:/home/alberto/Documents/kia_gd_ws/install/ur_dashboard_msgs:/home/alberto/Documents/kia_gd_ws/install/simple_ur10e_moveit_config:/home/alberto/Documents/kia_gd_ws/install/simple_ur10e_description:/home/alberto/Documents/kia_gd_ws/install/kia_gd:/home/alberto/Documents/sub_alberto/install/uuv_visualization:/home/alberto/Documents/sub_alberto/install/uuv_vision:/home/alberto/Documents/sub_alberto/install/uuv_navigation:/home/alberto/Documents/sub_alberto/install/uuv_mission:/home/alberto/Documents/sub_alberto/install/uuv_master:/home/alberto/Documents/sub_alberto/install/uuv_gazebo_plugins:/home/alberto/Documents/sub_alberto/install/uuv_description:/home/alberto/Documents/sub_alberto/install/uuv_control:/home/alberto/install/vectornav:/home/alberto/install/vectornav_msgs:/home/alberto/install/uuv_teleop:/home/alberto/install/uuv_description:/home/alberto/install/sub:/home/alberto/install/pid:/home/alberto/Documents/kia_gd_ws/install/ros_tcp_endpoint:/home/alberto/ros2_ws/install/docker_test:/opt/ros/humble:/home/alberto/install/catkin:/home/alberto/ros2_ws/install/sub:/home/alberto/ros2_ws/install/pid:/home/alberto/ros2_ws/install/catkin:/home/alberto/uuv/install/uuv /usr/bin/cmake --install /home/alberto/Documents/sub_alberto/build/uuv_control
