[0.032s] Invoking command in '/home/alberto/Documents/sub_alberto/build/uuv_navigation': CMAKE_PREFIX_PATH=/home/alberto/Documents/kia_gd_ws/install/ur_ros_rtde_tutorials:/home/alberto/Documents/kia_gd_ws/install/ur_ros_rtde:/home/alberto/Documents/kia_gd_ws/install/ur_ros_rtde_simple_clients:/home/alberto/Documents/kia_gd_ws/install/ur_ros_rtde_gripper_commands:/home/alberto/Documents/kia_gd_ws/install/ur_ros_rtde_msgs:/home/alberto/Documents/kia_gd_ws/install/ur:/home/alberto/Documents/kia_gd_ws/install/ur_calibration:/home/alberto/Documents/kia_gd_ws/install/ur_robot_driver:/home/alberto/Documents/kia_gd_ws/install/ur_moveit_config:/home/alberto/Documents/kia_gd_ws/install/ur_bringup:/home/alberto/Documents/kia_gd_ws/install/ur_controllers:/home/alberto/Documents/kia_gd_ws/install/ur_dashboard_msgs:/home/alberto/Documents/kia_gd_ws/install/simple_ur10e_moveit_config:/home/alberto/Documents/kia_gd_ws/install/simple_ur10e_description:/home/alberto/Documents/kia_gd_ws/install/kia_gd:/home/alberto/Documents/sub_alberto/install/uuv_visualization:/home/alberto/Documents/sub_alberto/install/uuv_vision:/home/alberto/Documents/sub_alberto/install/uuv_navigation:/home/alberto/Documents/sub_alberto/install/uuv_mission:/home/alberto/Documents/sub_alberto/install/uuv_master:/home/alberto/Documents/sub_alberto/install/uuv_gazebo_plugins:/home/alberto/Documents/sub_alberto/install/uuv_description:/home/alberto/Documents/sub_alberto/install/uuv_control:/home/alberto/install/vectornav:/home/alberto/install/vectornav_msgs:/home/alberto/install/uuv_teleop:/home/alberto/install/uuv_description:/home/alberto/install/sub:/home/alberto/install/pid:/home/alberto/Documents/kia_gd_ws/install/ros_tcp_endpoint:/home/alberto/ros2_ws/install/docker_test:/opt/ros/humble:/home/alberto/install/catkin:/home/alberto/ros2_ws/install/sub:/home/alberto/ros2_ws/install/pid:/home/alberto/ros2_ws/install/catkin:/home/alberto/uuv/install/uuv /usr/bin/cmake --build /home/alberto/Documents/sub_alberto/build/uuv_navigation -- -j8 -l8
[0.089s] -- Found ament_cmake: 1.3.12 (/opt/ros/humble/share/ament_cmake/cmake)
[0.227s] -- Found rclcpp: 16.0.16 (/opt/ros/humble/share/rclcpp/cmake)
[0.257s] -- Found rosidl_generator_c: 3.1.7 (/opt/ros/humble/share/rosidl_generator_c/cmake)
[0.259s] -- Found rosidl_adapter: 3.1.7 (/opt/ros/humble/share/rosidl_adapter/cmake)
[0.265s] -- Found rosidl_generator_cpp: 3.1.7 (/opt/ros/humble/share/rosidl_generator_cpp/cmake)
[0.274s] -- Using all available rosidl_typesupport_c: rosidl_typesupport_fastrtps_c;rosidl_typesupport_introspection_c
[0.286s] -- Using all available rosidl_typesupport_cpp: rosidl_typesupport_fastrtps_cpp;rosidl_typesupport_introspection_cpp
[0.315s] -- Found rmw_implementation_cmake: 6.1.2 (/opt/ros/humble/share/rmw_implementation_cmake/cmake)
[0.318s] -- Found rmw_fastrtps_cpp: 6.2.9 (/opt/ros/humble/share/rmw_fastrtps_cpp/cmake)
[0.406s] -- Using RMW implementation 'rmw_fastrtps_cpp' as default
[0.457s] -- Found geometry_msgs: 4.9.0 (/opt/ros/humble/share/geometry_msgs/cmake)
[0.467s] -- Found sensor_msgs: 4.9.0 (/opt/ros/humble/share/sensor_msgs/cmake)
[0.480s] -- Found visualization_msgs: 4.9.0 (/opt/ros/humble/share/visualization_msgs/cmake)
[0.495s] -- Found nav2_msgs: 1.1.20 (/opt/ros/humble/share/nav2_msgs/cmake)
[0.553s] -- Found tf2_ros: 0.25.17 (/opt/ros/humble/share/tf2_ros/cmake)
[0.629s] -- Found tf2_geometry_msgs: 0.25.17 (/opt/ros/humble/share/tf2_geometry_msgs/cmake)
[0.641s] -- Found eigen3_cmake_module: 0.1.1 (/opt/ros/humble/share/eigen3_cmake_module/cmake)
[0.643s] -- Found Eigen3: TRUE (found version "3.4.0") 
[0.643s] -- Ensuring Eigen3 include directory is part of orocos-kdl CMake target
[0.651s] -- Found ament_lint_auto: 0.12.14 (/opt/ros/humble/share/ament_lint_auto/cmake)
[0.725s] -- Added test 'cppcheck' to perform static code analysis on C / C++ code
[0.725s] -- Configured cppcheck include dirs: $<BUILD_INTERFACE:/home/alberto/Documents/sub_alberto/src/uuv_navigation/include>
[0.725s] -- Configured cppcheck exclude dirs and/or files: 
[0.727s] -- Added test 'flake8' to check Python code syntax and style conventions
[0.727s] -- Added test 'lint_cmake' to check CMake code style
[0.727s] -- Added test 'pep257' to check Python code against some of the docstring style conventions in PEP 257
[0.728s] -- Added test 'uncrustify' to check C / C++ code style
[0.728s] -- Configured uncrustify additional arguments: 
[0.730s] -- Added test 'xmllint' to check XML markup files
[0.731s] -- Configuring done
[0.743s] -- Generating done
[0.748s] -- Build files have been written to: /home/alberto/Documents/sub_alberto/build/uuv_navigation
[0.779s] [ 50%] [32mBuilding CXX object CMakeFiles/bezier.dir/src/bezier.cpp.o[0m
[10.414s] [100%] [32m[1mLinking CXX executable bezier[0m
[11.008s] [100%] Built target bezier
[11.016s] Invoked command in '/home/alberto/Documents/sub_alberto/build/uuv_navigation' returned '0': CMAKE_PREFIX_PATH=/home/alberto/Documents/kia_gd_ws/install/ur_ros_rtde_tutorials:/home/alberto/Documents/kia_gd_ws/install/ur_ros_rtde:/home/alberto/Documents/kia_gd_ws/install/ur_ros_rtde_simple_clients:/home/alberto/Documents/kia_gd_ws/install/ur_ros_rtde_gripper_commands:/home/alberto/Documents/kia_gd_ws/install/ur_ros_rtde_msgs:/home/alberto/Documents/kia_gd_ws/install/ur:/home/alberto/Documents/kia_gd_ws/install/ur_calibration:/home/alberto/Documents/kia_gd_ws/install/ur_robot_driver:/home/alberto/Documents/kia_gd_ws/install/ur_moveit_config:/home/alberto/Documents/kia_gd_ws/install/ur_bringup:/home/alberto/Documents/kia_gd_ws/install/ur_controllers:/home/alberto/Documents/kia_gd_ws/install/ur_dashboard_msgs:/home/alberto/Documents/kia_gd_ws/install/simple_ur10e_moveit_config:/home/alberto/Documents/kia_gd_ws/install/simple_ur10e_description:/home/alberto/Documents/kia_gd_ws/install/kia_gd:/home/alberto/Documents/sub_alberto/install/uuv_visualization:/home/alberto/Documents/sub_alberto/install/uuv_vision:/home/alberto/Documents/sub_alberto/install/uuv_navigation:/home/alberto/Documents/sub_alberto/install/uuv_mission:/home/alberto/Documents/sub_alberto/install/uuv_master:/home/alberto/Documents/sub_alberto/install/uuv_gazebo_plugins:/home/alberto/Documents/sub_alberto/install/uuv_description:/home/alberto/Documents/sub_alberto/install/uuv_control:/home/alberto/install/vectornav:/home/alberto/install/vectornav_msgs:/home/alberto/install/uuv_teleop:/home/alberto/install/uuv_description:/home/alberto/install/sub:/home/alberto/install/pid:/home/alberto/Documents/kia_gd_ws/install/ros_tcp_endpoint:/home/alberto/ros2_ws/install/docker_test:/opt/ros/humble:/home/alberto/install/catkin:/home/alberto/ros2_ws/install/sub:/home/alberto/ros2_ws/install/pid:/home/alberto/ros2_ws/install/catkin:/home/alberto/uuv/install/uuv /usr/bin/cmake --build /home/alberto/Documents/sub_alberto/build/uuv_navigation -- -j8 -l8
[11.017s] Invoking command in '/home/alberto/Documents/sub_alberto/build/uuv_navigation': CMAKE_PREFIX_PATH=/home/alberto/Documents/kia_gd_ws/install/ur_ros_rtde_tutorials:/home/alberto/Documents/kia_gd_ws/install/ur_ros_rtde:/home/alberto/Documents/kia_gd_ws/install/ur_ros_rtde_simple_clients:/home/alberto/Documents/kia_gd_ws/install/ur_ros_rtde_gripper_commands:/home/alberto/Documents/kia_gd_ws/install/ur_ros_rtde_msgs:/home/alberto/Documents/kia_gd_ws/install/ur:/home/alberto/Documents/kia_gd_ws/install/ur_calibration:/home/alberto/Documents/kia_gd_ws/install/ur_robot_driver:/home/alberto/Documents/kia_gd_ws/install/ur_moveit_config:/home/alberto/Documents/kia_gd_ws/install/ur_bringup:/home/alberto/Documents/kia_gd_ws/install/ur_controllers:/home/alberto/Documents/kia_gd_ws/install/ur_dashboard_msgs:/home/alberto/Documents/kia_gd_ws/install/simple_ur10e_moveit_config:/home/alberto/Documents/kia_gd_ws/install/simple_ur10e_description:/home/alberto/Documents/kia_gd_ws/install/kia_gd:/home/alberto/Documents/sub_alberto/install/uuv_visualization:/home/alberto/Documents/sub_alberto/install/uuv_vision:/home/alberto/Documents/sub_alberto/install/uuv_navigation:/home/alberto/Documents/sub_alberto/install/uuv_mission:/home/alberto/Documents/sub_alberto/install/uuv_master:/home/alberto/Documents/sub_alberto/install/uuv_gazebo_plugins:/home/alberto/Documents/sub_alberto/install/uuv_description:/home/alberto/Documents/sub_alberto/install/uuv_control:/home/alberto/install/vectornav:/home/alberto/install/vectornav_msgs:/home/alberto/install/uuv_teleop:/home/alberto/install/uuv_description:/home/alberto/install/sub:/home/alberto/install/pid:/home/alberto/Documents/kia_gd_ws/install/ros_tcp_endpoint:/home/alberto/ros2_ws/install/docker_test:/opt/ros/humble:/home/alberto/install/catkin:/home/alberto/ros2_ws/install/sub:/home/alberto/ros2_ws/install/pid:/home/alberto/ros2_ws/install/catkin:/home/alberto/uuv/install/uuv /usr/bin/cmake --install /home/alberto/Documents/sub_alberto/build/uuv_navigation
[11.023s] -- Install configuration: ""
[11.023s] -- Up-to-date: /home/alberto/Documents/sub_alberto/install/uuv_navigation/share/uuv_navigation/scripts
[11.023s] -- Up-to-date: /home/alberto/Documents/sub_alberto/install/uuv_navigation/share/uuv_navigation/scripts/line_trayectory.py
[11.023s] -- Up-to-date: /home/alberto/Documents/sub_alberto/install/uuv_navigation/share/uuv_navigation/scripts/bezier_trayectory.py
[11.023s] -- Up-to-date: /home/alberto/Documents/sub_alberto/install/uuv_navigation/share/uuv_navigation/scripts/mapeador.py
[11.023s] -- Installing: /home/alberto/Documents/sub_alberto/install/uuv_navigation/share/uuv_navigation/scripts/los.py
[11.023s] -- Up-to-date: /home/alberto/Documents/sub_alberto/install/uuv_navigation/share/uuv_navigation/config
[11.023s] -- Up-to-date: /home/alberto/Documents/sub_alberto/install/uuv_navigation/share/uuv_navigation/config/bezier_params.yaml
[11.024s] -- Up-to-date: /home/alberto/Documents/sub_alberto/install/uuv_navigation/share/uuv_navigation/launch
[11.024s] -- Up-to-date: /home/alberto/Documents/sub_alberto/install/uuv_navigation/share/uuv_navigation/launch/launch.py
[11.024s] -- Up-to-date: /home/alberto/Documents/sub_alberto/install/uuv_navigation/share/uuv_navigation/data
[11.024s] -- Up-to-date: /home/alberto/Documents/sub_alberto/install/uuv_navigation/share/uuv_navigation/data/waypoints.db
[11.024s] -- Up-to-date: /home/alberto/Documents/sub_alberto/install/uuv_navigation/lib/uuv_navigation/bezier_trayectory
[11.024s] -- Up-to-date: /home/alberto/Documents/sub_alberto/install/uuv_navigation/lib/uuv_navigation/line_trayectory
[11.024s] -- Installing: /home/alberto/Documents/sub_alberto/install/uuv_navigation/lib/uuv_navigation/los
[11.024s] -- Up-to-date: /home/alberto/Documents/sub_alberto/install/uuv_navigation/lib/uuv_navigation/mapeador
[11.024s] -- Installing: /home/alberto/Documents/sub_alberto/install/uuv_navigation/lib/uuv_navigation/bezier
[11.028s] -- Set runtime path of "/home/alberto/Documents/sub_alberto/install/uuv_navigation/lib/uuv_navigation/bezier" to ""
[11.028s] -- Installing: /home/alberto/Documents/sub_alberto/install/uuv_navigation/share/ament_index/resource_index/package_run_dependencies/uuv_navigation
[11.028s] -- Installing: /home/alberto/Documents/sub_alberto/install/uuv_navigation/share/ament_index/resource_index/parent_prefix_path/uuv_navigation
[11.028s] -- Up-to-date: /home/alberto/Documents/sub_alberto/install/uuv_navigation/share/uuv_navigation/environment/ament_prefix_path.sh
[11.029s] -- Installing: /home/alberto/Documents/sub_alberto/install/uuv_navigation/share/uuv_navigation/environment/ament_prefix_path.dsv
[11.029s] -- Up-to-date: /home/alberto/Documents/sub_alberto/install/uuv_navigation/share/uuv_navigation/environment/path.sh
[11.029s] -- Installing: /home/alberto/Documents/sub_alberto/install/uuv_navigation/share/uuv_navigation/environment/path.dsv
[11.029s] -- Up-to-date: /home/alberto/Documents/sub_alberto/install/uuv_navigation/share/uuv_navigation/local_setup.bash
[11.029s] -- Up-to-date: /home/alberto/Documents/sub_alberto/install/uuv_navigation/share/uuv_navigation/local_setup.sh
[11.029s] -- Up-to-date: /home/alberto/Documents/sub_alberto/install/uuv_navigation/share/uuv_navigation/local_setup.zsh
[11.029s] -- Installing: /home/alberto/Documents/sub_alberto/install/uuv_navigation/share/uuv_navigation/local_setup.dsv
[11.029s] -- Installing: /home/alberto/Documents/sub_alberto/install/uuv_navigation/share/uuv_navigation/package.dsv
[11.029s] -- Up-to-date: /home/alberto/Documents/sub_alberto/install/uuv_navigation/share/ament_index/resource_index/packages/uuv_navigation
[11.029s] -- Up-to-date: /home/alberto/Documents/sub_alberto/install/uuv_navigation/share/uuv_navigation/cmake/uuv_navigationConfig.cmake
[11.029s] -- Up-to-date: /home/alberto/Documents/sub_alberto/install/uuv_navigation/share/uuv_navigation/cmake/uuv_navigationConfig-version.cmake
[11.029s] -- Installing: /home/alberto/Documents/sub_alberto/install/uuv_navigation/share/uuv_navigation/package.xml
[11.031s] Invoked command in '/home/alberto/Documents/sub_alberto/build/uuv_navigation' returned '0': CMAKE_PREFIX_PATH=/home/alberto/Documents/kia_gd_ws/install/ur_ros_rtde_tutorials:/home/alberto/Documents/kia_gd_ws/install/ur_ros_rtde:/home/alberto/Documents/kia_gd_ws/install/ur_ros_rtde_simple_clients:/home/alberto/Documents/kia_gd_ws/install/ur_ros_rtde_gripper_commands:/home/alberto/Documents/kia_gd_ws/install/ur_ros_rtde_msgs:/home/alberto/Documents/kia_gd_ws/install/ur:/home/alberto/Documents/kia_gd_ws/install/ur_calibration:/home/alberto/Documents/kia_gd_ws/install/ur_robot_driver:/home/alberto/Documents/kia_gd_ws/install/ur_moveit_config:/home/alberto/Documents/kia_gd_ws/install/ur_bringup:/home/alberto/Documents/kia_gd_ws/install/ur_controllers:/home/alberto/Documents/kia_gd_ws/install/ur_dashboard_msgs:/home/alberto/Documents/kia_gd_ws/install/simple_ur10e_moveit_config:/home/alberto/Documents/kia_gd_ws/install/simple_ur10e_description:/home/alberto/Documents/kia_gd_ws/install/kia_gd:/home/alberto/Documents/sub_alberto/install/uuv_visualization:/home/alberto/Documents/sub_alberto/install/uuv_vision:/home/alberto/Documents/sub_alberto/install/uuv_navigation:/home/alberto/Documents/sub_alberto/install/uuv_mission:/home/alberto/Documents/sub_alberto/install/uuv_master:/home/alberto/Documents/sub_alberto/install/uuv_gazebo_plugins:/home/alberto/Documents/sub_alberto/install/uuv_description:/home/alberto/Documents/sub_alberto/install/uuv_control:/home/alberto/install/vectornav:/home/alberto/install/vectornav_msgs:/home/alberto/install/uuv_teleop:/home/alberto/install/uuv_description:/home/alberto/install/sub:/home/alberto/install/pid:/home/alberto/Documents/kia_gd_ws/install/ros_tcp_endpoint:/home/alberto/ros2_ws/install/docker_test:/opt/ros/humble:/home/alberto/install/catkin:/home/alberto/ros2_ws/install/sub:/home/alberto/ros2_ws/install/pid:/home/alberto/ros2_ws/install/catkin:/home/alberto/uuv/install/uuv /usr/bin/cmake --install /home/alberto/Documents/sub_alberto/build/uuv_navigation
