[0.011s] Invoking command in '/home/alberto/Documents/sub_alberto/build/uuv_description': /usr/bin/cmake /home/alberto/Documents/sub_alberto/src/uuv_description -DCMAKE_INSTALL_PREFIX=/home/alberto/Documents/sub_alberto/install/uuv_description
[0.101s] -- The C compiler identification is GNU 11.4.0
[0.200s] -- The CXX compiler identification is GNU 11.4.0
[0.208s] -- Detecting C compiler ABI info
[0.266s] -- Detecting C compiler ABI info - done
[0.272s] -- Check for working C compiler: /usr/bin/cc - skipped
[0.273s] -- Detecting C compile features
[0.273s] -- Detecting C compile features - done
[0.276s] -- Detecting CXX compiler ABI info
[0.339s] -- Detecting CXX compiler ABI info - done
[0.345s] -- Check for working CXX compiler: /usr/bin/c++ - skipped
[0.345s] -- Detecting CXX compile features
[0.345s] -- Detecting CXX compile features - done
[0.351s] -- Found ament_cmake: 1.3.12 (/opt/ros/humble/share/ament_cmake/cmake)
[0.659s] -- Found Python3: /usr/bin/python3 (found version "3.10.12") found components: Interpreter 
[0.757s] -- Found rclcpp: 16.0.16 (/opt/ros/humble/share/rclcpp/cmake)
[0.811s] -- Found rosidl_generator_c: 3.1.7 (/opt/ros/humble/share/rosidl_generator_c/cmake)
[0.818s] -- Found rosidl_adapter: 3.1.7 (/opt/ros/humble/share/rosidl_adapter/cmake)
[0.829s] -- Found rosidl_generator_cpp: 3.1.7 (/opt/ros/humble/share/rosidl_generator_cpp/cmake)
[0.845s] -- Using all available rosidl_typesupport_c: rosidl_typesupport_fastrtps_c;rosidl_typesupport_introspection_c
[0.865s] -- Using all available rosidl_typesupport_cpp: rosidl_typesupport_fastrtps_cpp;rosidl_typesupport_introspection_cpp
[0.919s] -- Found rmw_implementation_cmake: 6.1.2 (/opt/ros/humble/share/rmw_implementation_cmake/cmake)
[0.924s] -- Found rmw_fastrtps_cpp: 6.2.9 (/opt/ros/humble/share/rmw_fastrtps_cpp/cmake)
[1.014s] -- Found OpenSSL: /usr/lib/x86_64-linux-gnu/libcrypto.so (found version "3.0.2")  
[1.038s] -- Found FastRTPS: /opt/ros/humble/include  
[1.074s] -- Using RMW implementation 'rmw_fastrtps_cpp' as default
[1.087s] -- Looking for pthread.h
[1.148s] -- Looking for pthread.h - found
[1.148s] -- Performing Test CMAKE_HAVE_LIBC_PTHREAD
[1.207s] -- Performing Test CMAKE_HAVE_LIBC_PTHREAD - Success
[1.207s] -- Found Threads: TRUE  
[1.260s] -- Found geometry_msgs: 4.9.0 (/opt/ros/humble/share/geometry_msgs/cmake)
[1.273s] -- Found sensor_msgs: 4.9.0 (/opt/ros/humble/share/sensor_msgs/cmake)
[1.288s] -- Found visualization_msgs: 4.9.0 (/opt/ros/humble/share/visualization_msgs/cmake)
[1.306s] -- Found ament_lint_auto: 0.12.14 (/opt/ros/humble/share/ament_lint_auto/cmake)
[1.362s] Error parsing '/home/alberto/Documents/sub_alberto/src/uuv_description/package.xml':
[1.391s] Traceback (most recent call last):
[1.391s]   File "/opt/ros/humble/share/ament_cmake_core/cmake/core/package_xml_2_cmake.py", line 150, in <module>
[1.391s]     main()
[1.392s]   File "/opt/ros/humble/share/ament_cmake_core/cmake/core/package_xml_2_cmake.py", line 53, in main
[1.392s]     raise e
[1.392s]   File "/opt/ros/humble/share/ament_cmake_core/cmake/core/package_xml_2_cmake.py", line 49, in main
[1.392s]     package = parse_package_string(
[1.392s]   File "/usr/lib/python3/dist-packages/catkin_pkg/package.py", line 719, in parse_package_string
[1.392s]     export_node = _get_optional_node(root, 'export', filename)
[1.392s]   File "/usr/lib/python3/dist-packages/catkin_pkg/package.py", line 807, in _get_optional_node
[1.392s]     raise InvalidPackage('The manifest must not contain more than one "%s" tags' % tagname, filename)
[1.392s] catkin_pkg.package.InvalidPackage: Error(s) in package '/home/alberto/Documents/sub_alberto/src/uuv_description/package.xml':
[1.392s] The manifest must not contain more than one "export" tags
[1.404s] [31mCMake Error at /opt/ros/humble/share/ament_cmake_core/cmake/core/ament_package_xml.cmake:95 (message):
[1.404s]   execute_process(/usr/bin/python3
[1.404s]   /opt/ros/humble/share/ament_cmake_core/cmake/core/package_xml_2_cmake.py
[1.404s]   /home/alberto/Documents/sub_alberto/src/uuv_description/package.xml
[1.404s]   /home/alberto/Documents/sub_alberto/build/uuv_description/ament_cmake_core/package.cmake)
[1.404s]   returned error code 1
[1.404s] Call Stack (most recent call first):
[1.404s]   /opt/ros/humble/share/ament_cmake_core/cmake/core/ament_package_xml.cmake:49 (_ament_package_xml)
[1.405s]   /opt/ros/humble/share/ament_lint_auto/cmake/ament_lint_auto_find_test_dependencies.cmake:31 (ament_package_xml)
[1.405s]   CMakeLists.txt:30 (ament_lint_auto_find_test_dependencies)
[1.405s] 
[1.405s] [0m
[1.405s] -- Configuring incomplete, errors occurred!
[1.405s] See also "/home/alberto/Documents/sub_alberto/build/uuv_description/CMakeFiles/CMakeOutput.log".
[1.412s] Invoked command in '/home/alberto/Documents/sub_alberto/build/uuv_description' returned '1': /usr/bin/cmake /home/alberto/Documents/sub_alberto/src/uuv_description -DCMAKE_INSTALL_PREFIX=/home/alberto/Documents/sub_alberto/install/uuv_description
