[0.035s] Invoking command in '/home/alberto/Documents/sub_alberto/build/uuv_control': CMAKE_PREFIX_PATH=/home/alberto/Documents/kia_gd_ws/install/ur_ros_rtde_tutorials:/home/alberto/Documents/kia_gd_ws/install/ur_ros_rtde:/home/alberto/Documents/kia_gd_ws/install/ur_ros_rtde_simple_clients:/home/alberto/Documents/kia_gd_ws/install/ur_ros_rtde_gripper_commands:/home/alberto/Documents/kia_gd_ws/install/ur_ros_rtde_msgs:/home/alberto/Documents/kia_gd_ws/install/ur:/home/alberto/Documents/kia_gd_ws/install/ur_calibration:/home/alberto/Documents/kia_gd_ws/install/ur_robot_driver:/home/alberto/Documents/kia_gd_ws/install/ur_moveit_config:/home/alberto/Documents/kia_gd_ws/install/ur_bringup:/home/alberto/Documents/kia_gd_ws/install/ur_controllers:/home/alberto/Documents/kia_gd_ws/install/ur_dashboard_msgs:/home/alberto/Documents/kia_gd_ws/install/simple_ur10e_moveit_config:/home/alberto/Documents/kia_gd_ws/install/simple_ur10e_description:/home/alberto/Documents/kia_gd_ws/install/kia_gd:/home/alberto/Documents/sub_alberto/install/uuv_visualization:/home/alberto/Documents/sub_alberto/install/uuv_vision:/home/alberto/Documents/sub_alberto/install/uuv_navigation:/home/alberto/Documents/sub_alberto/install/uuv_mission:/home/alberto/Documents/sub_alberto/install/uuv_master:/home/alberto/Documents/sub_alberto/install/uuv_control:/home/alberto/install/vectornav:/home/alberto/install/vectornav_msgs:/home/alberto/install/uuv_teleop:/home/alberto/install/uuv_description:/home/alberto/install/sub:/home/alberto/install/pid:/home/alberto/Documents/kia_gd_ws/install/ros_tcp_endpoint:/home/alberto/ros2_ws/install/docker_test:/opt/ros/humble:/home/alberto/install/catkin:/home/alberto/ros2_ws/install/sub:/home/alberto/ros2_ws/install/pid:/home/alberto/ros2_ws/install/catkin:/home/alberto/uuv/install/uuv /usr/bin/cmake --build /home/alberto/Documents/sub_alberto/build/uuv_control -- -j8 -l8
[0.100s] [ 50%] Built target uuv_model_lib
[0.129s] [35m[1mConsolidate compiler generated dependencies of target dynamic_model_uuv[0m
[0.135s] [ 75%] [32mBuilding CXX object CMakeFiles/dynamic_model_uuv.dir/src/dynamic_model_uuv.cpp.o[0m
[0.396s] [01m[K/home/alberto/Documents/sub_alberto/src/uuv_control/src/dynamic_model_uuv.cpp:170:53:[m[K [01;31m[Kerror: [m[Kstray ‘[01m[K#[m[K’ in program
[0.396s]   170 | eometry_msgs::msg::Twist>::Shar[01;31m[K#[m[Kinclude <tf2/LinearMath/Quaternion.h>
[0.396s]       |                                [01;31m[K^[m[K
[0.396s] 
[2.522s] [01m[K/home/alberto/Documents/sub_alberto/src/uuv_control/src/dynamic_model_uuv.cpp:170:49:[m[K [01;31m[Kerror: [m[K‘[01m[KShar[m[K’ in ‘[01m[Kclass rclcpp::Publisher<geometry_msgs::msg::Twist_<std::allocator<void> > >[m[K’ does not name a type
[2.522s]   170 | er<geometry_msgs::msg::Twist>::[01;31m[KShar[m[K#include <tf2/LinearMath/Quaternion.h>
[2.522s]       |                                [01;31m[K^~~~[m[K
[2.522s] 
[2.573s] [01m[K/home/alberto/Documents/sub_alberto/src/uuv_control/src/dynamic_model_uuv.cpp:[m[K In constructor ‘[01m[KDynamicModelSim::DynamicModelSim()[m[K’:
[2.573s] [01m[K/home/alberto/Documents/sub_alberto/src/uuv_control/src/dynamic_model_uuv.cpp:55:5:[m[K [01;31m[Kerror: [m[K‘[01m[Kpose_stamped_tmp_[m[K’ was not declared in this scope
[2.573s]    55 |     [01;31m[Kpose_stamped_tmp_[m[K.header.frame_id = "world";
[2.573s]       |     [01;31m[K^~~~~~~~~~~~~~~~~[m[K
[2.582s] [01m[K/home/alberto/Documents/sub_alberto/src/uuv_control/src/dynamic_model_uuv.cpp:[m[K In member function ‘[01m[Kvoid DynamicModelSim::update()[m[K’:
[2.582s] [01m[K/home/alberto/Documents/sub_alberto/src/uuv_control/src/dynamic_model_uuv.cpp:88:23:[m[K [01;31m[Kerror: [m[Kfound ‘[01m[K:[m[K’ in nested-name-specifier, expected ‘[01m[K::[m[K’
[2.582s]    88 |     geometry_msgs::msg[01;31m[K:[m[KTwist vel;
[2.582s]       |                       [01;31m[K^[m[K
[2.582s]       |                       [32m[K::[m[K
[2.592s] [01m[K/home/alberto/Documents/sub_alberto/src/uuv_control/src/dynamic_model_uuv.cpp:135:5:[m[K [01;31m[Kerror: [m[K‘[01m[Kpose_stamped_tmp_[m[K’ was not declared in this scope
[2.592s]   135 |     [01;31m[Kpose_stamped_tmp_[m[K.pose = pose;
[2.592s]       |     [01;31m[K^~~~~~~~~~~~~~~~~[m[K
[5.172s] gmake[2]: *** [CMakeFiles/dynamic_model_uuv.dir/build.make:76: CMakeFiles/dynamic_model_uuv.dir/src/dynamic_model_uuv.cpp.o] Error 1
[5.172s] gmake[1]: *** [CMakeFiles/Makefile2:165: CMakeFiles/dynamic_model_uuv.dir/all] Error 2
[5.172s] gmake: *** [Makefile:146: all] Error 2
[5.174s] Invoked command in '/home/alberto/Documents/sub_alberto/build/uuv_control' returned '2': CMAKE_PREFIX_PATH=/home/alberto/Documents/kia_gd_ws/install/ur_ros_rtde_tutorials:/home/alberto/Documents/kia_gd_ws/install/ur_ros_rtde:/home/alberto/Documents/kia_gd_ws/install/ur_ros_rtde_simple_clients:/home/alberto/Documents/kia_gd_ws/install/ur_ros_rtde_gripper_commands:/home/alberto/Documents/kia_gd_ws/install/ur_ros_rtde_msgs:/home/alberto/Documents/kia_gd_ws/install/ur:/home/alberto/Documents/kia_gd_ws/install/ur_calibration:/home/alberto/Documents/kia_gd_ws/install/ur_robot_driver:/home/alberto/Documents/kia_gd_ws/install/ur_moveit_config:/home/alberto/Documents/kia_gd_ws/install/ur_bringup:/home/alberto/Documents/kia_gd_ws/install/ur_controllers:/home/alberto/Documents/kia_gd_ws/install/ur_dashboard_msgs:/home/alberto/Documents/kia_gd_ws/install/simple_ur10e_moveit_config:/home/alberto/Documents/kia_gd_ws/install/simple_ur10e_description:/home/alberto/Documents/kia_gd_ws/install/kia_gd:/home/alberto/Documents/sub_alberto/install/uuv_visualization:/home/alberto/Documents/sub_alberto/install/uuv_vision:/home/alberto/Documents/sub_alberto/install/uuv_navigation:/home/alberto/Documents/sub_alberto/install/uuv_mission:/home/alberto/Documents/sub_alberto/install/uuv_master:/home/alberto/Documents/sub_alberto/install/uuv_control:/home/alberto/install/vectornav:/home/alberto/install/vectornav_msgs:/home/alberto/install/uuv_teleop:/home/alberto/install/uuv_description:/home/alberto/install/sub:/home/alberto/install/pid:/home/alberto/Documents/kia_gd_ws/install/ros_tcp_endpoint:/home/alberto/ros2_ws/install/docker_test:/opt/ros/humble:/home/alberto/install/catkin:/home/alberto/ros2_ws/install/sub:/home/alberto/ros2_ws/install/pid:/home/alberto/ros2_ws/install/catkin:/home/alberto/uuv/install/uuv /usr/bin/cmake --build /home/alberto/Documents/sub_alberto/build/uuv_control -- -j8 -l8
