-- Found ament_cmake: 1.3.12 (/opt/ros/humble/share/ament_cmake/cmake)
-- Found rclcpp: 16.0.16 (/opt/ros/humble/share/rclcpp/cmake)
-- Found rosidl_generator_c: 3.1.7 (/opt/ros/humble/share/rosidl_generator_c/cmake)
-- Found rosidl_adapter: 3.1.7 (/opt/ros/humble/share/rosidl_adapter/cmake)
-- Found rosidl_generator_cpp: 3.1.7 (/opt/ros/humble/share/rosidl_generator_cpp/cmake)
-- Using all available rosidl_typesupport_c: rosidl_typesupport_fastrtps_c;rosidl_typesupport_introspection_c
-- Using all available rosidl_typesupport_cpp: rosidl_typesupport_fastrtps_cpp;rosidl_typesupport_introspection_cpp
-- Found rmw_implementation_cmake: 6.1.2 (/opt/ros/humble/share/rmw_implementation_cmake/cmake)
-- Found rmw_fastrtps_cpp: 6.2.9 (/opt/ros/humble/share/rmw_fastrtps_cpp/cmake)
-- Using RMW implementation 'rmw_fastrtps_cpp' as default
-- Found geometry_msgs: 4.9.0 (/opt/ros/humble/share/geometry_msgs/cmake)
-- Found sensor_msgs: 4.9.0 (/opt/ros/humble/share/sensor_msgs/cmake)
-- Found visualization_msgs: 4.9.0 (/opt/ros/humble/share/visualization_msgs/cmake)
-- Configuring incomplete, errors occurred!
See also "/home/alberto/Documents/sub_alberto/build/uuv_gazebo_plugins/CMakeFiles/CMakeOutput.log".
[31mCMake Error at CMakeLists.txt:15 (find_package):
  By not providing "Findgz-sim7.cmake" in CMAKE_MODULE_PATH this project has
  asked CMake to find a package configuration file provided by "gz-sim7", but
  CMake did not find one.

  Could not find a package configuration file provided by "gz-sim7" with any
  of the following names:

    gz-sim7Config.cmake
    gz-sim7-config.cmake

  Add the installation prefix of "gz-sim7" to CMAKE_PREFIX_PATH or set
  "gz-sim7_DIR" to a directory containing one of the above files.  If
  "gz-sim7" provides a separate development package or SDK, be sure it has
  been installed.

[0m
gmake: *** [Makefile:226: cmake_check_build_system] Error 1
