[0.408s] Invoking command in '/home/alberto/Documents/sub_alberto/build/uuv_description': CMAKE_PREFIX_PATH=/home/alberto/Documents/kia_gd_ws/install/ur_ros_rtde_tutorials:/home/alberto/Documents/kia_gd_ws/install/ur_ros_rtde:/home/alberto/Documents/kia_gd_ws/install/ur_ros_rtde_simple_clients:/home/alberto/Documents/kia_gd_ws/install/ur_ros_rtde_gripper_commands:/home/alberto/Documents/kia_gd_ws/install/ur_ros_rtde_msgs:/home/alberto/Documents/kia_gd_ws/install/ur:/home/alberto/Documents/kia_gd_ws/install/ur_calibration:/home/alberto/Documents/kia_gd_ws/install/ur_robot_driver:/home/alberto/Documents/kia_gd_ws/install/ur_moveit_config:/home/alberto/Documents/kia_gd_ws/install/ur_bringup:/home/alberto/Documents/kia_gd_ws/install/ur_controllers:/home/alberto/Documents/kia_gd_ws/install/ur_dashboard_msgs:/home/alberto/Documents/kia_gd_ws/install/simple_ur10e_moveit_config:/home/alberto/Documents/kia_gd_ws/install/simple_ur10e_description:/home/alberto/Documents/kia_gd_ws/install/kia_gd:/home/alberto/Documents/sub_alberto/install/uuv_visualization:/home/alberto/Documents/sub_alberto/install/uuv_vision:/home/alberto/Documents/sub_alberto/install/uuv_navigation:/home/alberto/Documents/sub_alberto/install/uuv_mission:/home/alberto/Documents/sub_alberto/install/uuv_master:/home/alberto/Documents/sub_alberto/install/uuv_gazebo_plugins:/home/alberto/Documents/sub_alberto/install/uuv_description:/home/alberto/Documents/sub_alberto/install/uuv_control:/home/alberto/install/vectornav:/home/alberto/install/vectornav_msgs:/home/alberto/install/uuv_teleop:/home/alberto/install/uuv_description:/home/alberto/install/sub:/home/alberto/install/pid:/home/alberto/Documents/kia_gd_ws/install/ros_tcp_endpoint:/home/alberto/ros2_ws/install/docker_test:/opt/ros/humble:/home/alberto/install/catkin:/home/alberto/ros2_ws/install/sub:/home/alberto/ros2_ws/install/pid:/home/alberto/ros2_ws/install/catkin:/home/alberto/uuv/install/uuv /usr/bin/cmake --build /home/alberto/Documents/sub_alberto/build/uuv_description -- -j8 -l8
[0.814s] Invoked command in '/home/alberto/Documents/sub_alberto/build/uuv_description' returned '0': CMAKE_PREFIX_PATH=/home/alberto/Documents/kia_gd_ws/install/ur_ros_rtde_tutorials:/home/alberto/Documents/kia_gd_ws/install/ur_ros_rtde:/home/alberto/Documents/kia_gd_ws/install/ur_ros_rtde_simple_clients:/home/alberto/Documents/kia_gd_ws/install/ur_ros_rtde_gripper_commands:/home/alberto/Documents/kia_gd_ws/install/ur_ros_rtde_msgs:/home/alberto/Documents/kia_gd_ws/install/ur:/home/alberto/Documents/kia_gd_ws/install/ur_calibration:/home/alberto/Documents/kia_gd_ws/install/ur_robot_driver:/home/alberto/Documents/kia_gd_ws/install/ur_moveit_config:/home/alberto/Documents/kia_gd_ws/install/ur_bringup:/home/alberto/Documents/kia_gd_ws/install/ur_controllers:/home/alberto/Documents/kia_gd_ws/install/ur_dashboard_msgs:/home/alberto/Documents/kia_gd_ws/install/simple_ur10e_moveit_config:/home/alberto/Documents/kia_gd_ws/install/simple_ur10e_description:/home/alberto/Documents/kia_gd_ws/install/kia_gd:/home/alberto/Documents/sub_alberto/install/uuv_visualization:/home/alberto/Documents/sub_alberto/install/uuv_vision:/home/alberto/Documents/sub_alberto/install/uuv_navigation:/home/alberto/Documents/sub_alberto/install/uuv_mission:/home/alberto/Documents/sub_alberto/install/uuv_master:/home/alberto/Documents/sub_alberto/install/uuv_gazebo_plugins:/home/alberto/Documents/sub_alberto/install/uuv_description:/home/alberto/Documents/sub_alberto/install/uuv_control:/home/alberto/install/vectornav:/home/alberto/install/vectornav_msgs:/home/alberto/install/uuv_teleop:/home/alberto/install/uuv_description:/home/alberto/install/sub:/home/alberto/install/pid:/home/alberto/Documents/kia_gd_ws/install/ros_tcp_endpoint:/home/alberto/ros2_ws/install/docker_test:/opt/ros/humble:/home/alberto/install/catkin:/home/alberto/ros2_ws/install/sub:/home/alberto/ros2_ws/install/pid:/home/alberto/ros2_ws/install/catkin:/home/alberto/uuv/install/uuv /usr/bin/cmake --build /home/alberto/Documents/sub_alberto/build/uuv_description -- -j8 -l8
[0.917s] Invoking command in '/home/alberto/Documents/sub_alberto/build/uuv_description': CMAKE_PREFIX_PATH=/home/alberto/Documents/kia_gd_ws/install/ur_ros_rtde_tutorials:/home/alberto/Documents/kia_gd_ws/install/ur_ros_rtde:/home/alberto/Documents/kia_gd_ws/install/ur_ros_rtde_simple_clients:/home/alberto/Documents/kia_gd_ws/install/ur_ros_rtde_gripper_commands:/home/alberto/Documents/kia_gd_ws/install/ur_ros_rtde_msgs:/home/alberto/Documents/kia_gd_ws/install/ur:/home/alberto/Documents/kia_gd_ws/install/ur_calibration:/home/alberto/Documents/kia_gd_ws/install/ur_robot_driver:/home/alberto/Documents/kia_gd_ws/install/ur_moveit_config:/home/alberto/Documents/kia_gd_ws/install/ur_bringup:/home/alberto/Documents/kia_gd_ws/install/ur_controllers:/home/alberto/Documents/kia_gd_ws/install/ur_dashboard_msgs:/home/alberto/Documents/kia_gd_ws/install/simple_ur10e_moveit_config:/home/alberto/Documents/kia_gd_ws/install/simple_ur10e_description:/home/alberto/Documents/kia_gd_ws/install/kia_gd:/home/alberto/Documents/sub_alberto/install/uuv_visualization:/home/alberto/Documents/sub_alberto/install/uuv_vision:/home/alberto/Documents/sub_alberto/install/uuv_navigation:/home/alberto/Documents/sub_alberto/install/uuv_mission:/home/alberto/Documents/sub_alberto/install/uuv_master:/home/alberto/Documents/sub_alberto/install/uuv_gazebo_plugins:/home/alberto/Documents/sub_alberto/install/uuv_description:/home/alberto/Documents/sub_alberto/install/uuv_control:/home/alberto/install/vectornav:/home/alberto/install/vectornav_msgs:/home/alberto/install/uuv_teleop:/home/alberto/install/uuv_description:/home/alberto/install/sub:/home/alberto/install/pid:/home/alberto/Documents/kia_gd_ws/install/ros_tcp_endpoint:/home/alberto/ros2_ws/install/docker_test:/opt/ros/humble:/home/alberto/install/catkin:/home/alberto/ros2_ws/install/sub:/home/alberto/ros2_ws/install/pid:/home/alberto/ros2_ws/install/catkin:/home/alberto/uuv/install/uuv /usr/bin/cmake --install /home/alberto/Documents/sub_alberto/build/uuv_description
[1.035s] -- Install configuration: ""
[1.040s] -- Up-to-date: /home/alberto/Documents/sub_alberto/install/uuv_description/share/uuv_description/models
[1.041s] -- Up-to-date: /home/alberto/Documents/sub_alberto/install/uuv_description/share/uuv_description/models/Calibracion
[1.041s] -- Up-to-date: /home/alberto/Documents/sub_alberto/install/uuv_description/share/uuv_description/models/Calibracion/meshes
[1.042s] -- Up-to-date: /home/alberto/Documents/sub_alberto/install/uuv_description/share/uuv_description/models/Calibracion/meshes/Calibracion_obj.mtl
[1.048s] -- Up-to-date: /home/alberto/Documents/sub_alberto/install/uuv_description/share/uuv_description/models/Calibracion/meshes/Calibracion_obj.obj
[1.049s] -- Up-to-date: /home/alberto/Documents/sub_alberto/install/uuv_description/share/uuv_description/models/ocean_cleanup_table
[1.050s] -- Up-to-date: /home/alberto/Documents/sub_alberto/install/uuv_description/share/uuv_description/models/ocean_cleanup_table/model.sdf
[1.050s] -- Up-to-date: /home/alberto/Documents/sub_alberto/install/uuv_description/share/uuv_description/models/ocean_cleanup_table/model.config
[1.051s] -- Up-to-date: /home/alberto/Documents/sub_alberto/install/uuv_description/share/uuv_description/models/ocean_cleanup_table/meshes
[1.052s] -- Up-to-date: /home/alberto/Documents/sub_alberto/install/uuv_description/share/uuv_description/models/ocean_cleanup_table/meshes/mesa.obj
[1.056s] -- Up-to-date: /home/alberto/Documents/sub_alberto/install/uuv_description/share/uuv_description/models/ocean_cleanup_table/meshes/mesa.gltf
[1.057s] -- Up-to-date: /home/alberto/Documents/sub_alberto/install/uuv_description/share/uuv_description/models/ocean_cleanup_table/meshes/mesa.dae
[1.058s] -- Up-to-date: /home/alberto/Documents/sub_alberto/install/uuv_description/share/uuv_description/models/ocean_cleanup_table/meshes/mesa.mtl
[1.071s] -- Up-to-date: /home/alberto/Documents/sub_alberto/install/uuv_description/share/uuv_description/models/tagging
[1.074s] -- Up-to-date: /home/alberto/Documents/sub_alberto/install/uuv_description/share/uuv_description/models/tagging/model.sdf
[1.077s] -- Up-to-date: /home/alberto/Documents/sub_alberto/install/uuv_description/share/uuv_description/models/tagging/model.config
[1.082s] -- Up-to-date: /home/alberto/Documents/sub_alberto/install/uuv_description/share/uuv_description/models/tagging/meshes
[1.087s] -- Up-to-date: /home/alberto/Documents/sub_alberto/install/uuv_description/share/uuv_description/models/tagging/meshes/3 point beige.hdr
[1.094s] -- Up-to-date: /home/alberto/Documents/sub_alberto/install/uuv_description/share/uuv_description/models/tagging/meshes/tagging.gltf
[1.099s] -- Up-to-date: /home/alberto/Documents/sub_alberto/install/uuv_description/share/uuv_description/models/tagging/meshes/tagging.obj
[1.100s] -- Up-to-date: /home/alberto/Documents/sub_alberto/install/uuv_description/share/uuv_description/models/tagging/meshes/softbox.png
[1.101s] -- Up-to-date: /home/alberto/Documents/sub_alberto/install/uuv_description/share/uuv_description/models/tagging/meshes/tagging.dae
[1.102s] -- Up-to-date: /home/alberto/Documents/sub_alberto/install/uuv_description/share/uuv_description/models/tagging/meshes/tagging.mtl
[1.107s] -- Up-to-date: /home/alberto/Documents/sub_alberto/install/uuv_description/share/uuv_description/models/slalom
[1.108s] -- Up-to-date: /home/alberto/Documents/sub_alberto/install/uuv_description/share/uuv_description/models/slalom/model.sdf
[1.108s] -- Up-to-date: /home/alberto/Documents/sub_alberto/install/uuv_description/share/uuv_description/models/slalom/model.config
[1.109s] -- Up-to-date: /home/alberto/Documents/sub_alberto/install/uuv_description/share/uuv_description/models/slalom/meshes
[1.113s] -- Up-to-date: /home/alberto/Documents/sub_alberto/install/uuv_description/share/uuv_description/models/slalom/meshes/slalom.gltf
[1.114s] -- Up-to-date: /home/alberto/Documents/sub_alberto/install/uuv_description/share/uuv_description/models/slalom/meshes/slalom.dae
[1.114s] -- Up-to-date: /home/alberto/Documents/sub_alberto/install/uuv_description/share/uuv_description/models/slalom/meshes/slalom.mtl
[1.115s] -- Up-to-date: /home/alberto/Documents/sub_alberto/install/uuv_description/share/uuv_description/models/slalom/meshes/slalom.obj
[1.121s] -- Up-to-date: /home/alberto/Documents/sub_alberto/install/uuv_description/share/uuv_description/models/ocean_cleanup_octagon
[1.122s] -- Up-to-date: /home/alberto/Documents/sub_alberto/install/uuv_description/share/uuv_description/models/ocean_cleanup_octagon/3 point beige.hdr
[1.140s] -- Up-to-date: /home/alberto/Documents/sub_alberto/install/uuv_description/share/uuv_description/models/ocean_cleanup_octagon/model.sdf
[1.141s] -- Up-to-date: /home/alberto/Documents/sub_alberto/install/uuv_description/share/uuv_description/models/ocean_cleanup_octagon/softbox.png
[1.141s] -- Up-to-date: /home/alberto/Documents/sub_alberto/install/uuv_description/share/uuv_description/models/ocean_cleanup_octagon/model.config
[1.146s] -- Up-to-date: /home/alberto/Documents/sub_alberto/install/uuv_description/share/uuv_description/models/ocean_cleanup_octagon/meshes
[1.147s] -- Up-to-date: /home/alberto/Documents/sub_alberto/install/uuv_description/share/uuv_description/models/ocean_cleanup_octagon/meshes/octagon.obj
[1.148s] -- Up-to-date: /home/alberto/Documents/sub_alberto/install/uuv_description/share/uuv_description/models/ocean_cleanup_octagon/meshes/octagon.gltf
[1.148s] -- Up-to-date: /home/alberto/Documents/sub_alberto/install/uuv_description/share/uuv_description/models/ocean_cleanup_octagon/meshes/octagon.mtl
[1.149s] -- Up-to-date: /home/alberto/Documents/sub_alberto/install/uuv_description/share/uuv_description/models/ocean_cleanup_octagon/meshes/octagon.dae
[1.153s] -- Up-to-date: /home/alberto/Documents/sub_alberto/install/uuv_description/share/uuv_description/models/path
[1.154s] -- Up-to-date: /home/alberto/Documents/sub_alberto/install/uuv_description/share/uuv_description/models/path/model.sdf
[1.155s] -- Up-to-date: /home/alberto/Documents/sub_alberto/install/uuv_description/share/uuv_description/models/path/model.config
[1.159s] -- Up-to-date: /home/alberto/Documents/sub_alberto/install/uuv_description/share/uuv_description/models/path/meshes
[1.160s] -- Up-to-date: /home/alberto/Documents/sub_alberto/install/uuv_description/share/uuv_description/models/path/meshes/path.dae
[1.161s] -- Up-to-date: /home/alberto/Documents/sub_alberto/install/uuv_description/share/uuv_description/models/path/meshes/path_obj.mtl
[1.162s] -- Up-to-date: /home/alberto/Documents/sub_alberto/install/uuv_description/share/uuv_description/models/path/meshes/path.gltf
[1.163s] -- Up-to-date: /home/alberto/Documents/sub_alberto/install/uuv_description/share/uuv_description/models/path/meshes/path_obj.obj
[1.164s] -- Up-to-date: /home/alberto/Documents/sub_alberto/install/uuv_description/share/ament_index/resource_index/package_run_dependencies/uuv_description
[1.164s] -- Up-to-date: /home/alberto/Documents/sub_alberto/install/uuv_description/share/ament_index/resource_index/parent_prefix_path/uuv_description
[1.173s] -- Up-to-date: /home/alberto/Documents/sub_alberto/install/uuv_description/share/uuv_description/environment/ament_prefix_path.sh
[1.176s] -- Up-to-date: /home/alberto/Documents/sub_alberto/install/uuv_description/share/uuv_description/environment/ament_prefix_path.dsv
[1.177s] -- Up-to-date: /home/alberto/Documents/sub_alberto/install/uuv_description/share/uuv_description/environment/path.sh
[1.178s] -- Up-to-date: /home/alberto/Documents/sub_alberto/install/uuv_description/share/uuv_description/environment/path.dsv
[1.179s] -- Up-to-date: /home/alberto/Documents/sub_alberto/install/uuv_description/share/uuv_description/local_setup.bash
[1.179s] -- Up-to-date: /home/alberto/Documents/sub_alberto/install/uuv_description/share/uuv_description/local_setup.sh
[1.180s] -- Up-to-date: /home/alberto/Documents/sub_alberto/install/uuv_description/share/uuv_description/local_setup.zsh
[1.181s] -- Up-to-date: /home/alberto/Documents/sub_alberto/install/uuv_description/share/uuv_description/local_setup.dsv
[1.181s] -- Installing: /home/alberto/Documents/sub_alberto/install/uuv_description/share/uuv_description/package.dsv
[1.182s] -- Up-to-date: /home/alberto/Documents/sub_alberto/install/uuv_description/share/ament_index/resource_index/packages/uuv_description
[1.183s] -- Up-to-date: /home/alberto/Documents/sub_alberto/install/uuv_description/share/uuv_description/cmake/uuv_descriptionConfig.cmake
[1.184s] -- Up-to-date: /home/alberto/Documents/sub_alberto/install/uuv_description/share/uuv_description/cmake/uuv_descriptionConfig-version.cmake
[1.196s] -- Up-to-date: /home/alberto/Documents/sub_alberto/install/uuv_description/share/uuv_description/package.xml
[1.221s] Invoked command in '/home/alberto/Documents/sub_alberto/build/uuv_description' returned '0': CMAKE_PREFIX_PATH=/home/alberto/Documents/kia_gd_ws/install/ur_ros_rtde_tutorials:/home/alberto/Documents/kia_gd_ws/install/ur_ros_rtde:/home/alberto/Documents/kia_gd_ws/install/ur_ros_rtde_simple_clients:/home/alberto/Documents/kia_gd_ws/install/ur_ros_rtde_gripper_commands:/home/alberto/Documents/kia_gd_ws/install/ur_ros_rtde_msgs:/home/alberto/Documents/kia_gd_ws/install/ur:/home/alberto/Documents/kia_gd_ws/install/ur_calibration:/home/alberto/Documents/kia_gd_ws/install/ur_robot_driver:/home/alberto/Documents/kia_gd_ws/install/ur_moveit_config:/home/alberto/Documents/kia_gd_ws/install/ur_bringup:/home/alberto/Documents/kia_gd_ws/install/ur_controllers:/home/alberto/Documents/kia_gd_ws/install/ur_dashboard_msgs:/home/alberto/Documents/kia_gd_ws/install/simple_ur10e_moveit_config:/home/alberto/Documents/kia_gd_ws/install/simple_ur10e_description:/home/alberto/Documents/kia_gd_ws/install/kia_gd:/home/alberto/Documents/sub_alberto/install/uuv_visualization:/home/alberto/Documents/sub_alberto/install/uuv_vision:/home/alberto/Documents/sub_alberto/install/uuv_navigation:/home/alberto/Documents/sub_alberto/install/uuv_mission:/home/alberto/Documents/sub_alberto/install/uuv_master:/home/alberto/Documents/sub_alberto/install/uuv_gazebo_plugins:/home/alberto/Documents/sub_alberto/install/uuv_description:/home/alberto/Documents/sub_alberto/install/uuv_control:/home/alberto/install/vectornav:/home/alberto/install/vectornav_msgs:/home/alberto/install/uuv_teleop:/home/alberto/install/uuv_description:/home/alberto/install/sub:/home/alberto/install/pid:/home/alberto/Documents/kia_gd_ws/install/ros_tcp_endpoint:/home/alberto/ros2_ws/install/docker_test:/opt/ros/humble:/home/alberto/install/catkin:/home/alberto/ros2_ws/install/sub:/home/alberto/ros2_ws/install/pid:/home/alberto/ros2_ws/install/catkin:/home/alberto/uuv/install/uuv /usr/bin/cmake --install /home/alberto/Documents/sub_alberto/build/uuv_description
