[0.092s] DEBUG:colcon:Command line arguments: ['/usr/bin/colcon', 'build', '--packages-select', 'uuv_gazebo_plugins']
[0.092s] DEBUG:colcon:Parsed command line arguments: Namespace(log_base=None, log_level=None, verb_name='build', build_base='build', install_base='install', merge_install=False, symlink_install=False, test_result_base=None, continue_on_error=False, executor='parallel', parallel_workers=8, event_handlers=None, ignore_user_meta=False, metas=['./colcon.meta'], base_paths=['.'], packages_ignore=None, packages_ignore_regex=None, paths=None, packages_up_to=None, packages_up_to_regex=None, packages_above=None, packages_above_and_dependencies=None, packages_above_depth=None, packages_select_by_dep=None, packages_skip_by_dep=None, packages_skip_up_to=None, packages_select_build_failed=False, packages_skip_build_finished=False, packages_select_test_failures=False, packages_skip_test_passed=False, packages_select=['uuv_gazebo_plugins'], packages_skip=None, packages_select_regex=None, packages_skip_regex=None, packages_start=None, packages_end=None, allow_overriding=[], cmake_args=None, cmake_target=None, cmake_target_skip_unavailable=False, cmake_clean_cache=False, cmake_clean_first=False, cmake_force_configure=False, ament_cmake_args=None, catkin_cmake_args=None, catkin_skip_building_tests=False, mixin_files=None, mixin=None, verb_parser=<colcon_mixin.mixin.mixin_argument.MixinArgumentDecorator object at 0x72927f53e080>, verb_extension=<colcon_core.verb.build.BuildVerb object at 0x72927f53dab0>, main=<bound method BuildVerb.main of <colcon_core.verb.build.BuildVerb object at 0x72927f53dab0>>, mixin_verb=('build',))
[0.143s] Level 1:colcon.colcon_core.package_discovery:discover_packages(colcon_meta) check parameters
[0.143s] Level 1:colcon.colcon_core.package_discovery:discover_packages(recursive) check parameters
[0.143s] Level 1:colcon.colcon_core.package_discovery:discover_packages(ignore) check parameters
[0.143s] Level 1:colcon.colcon_core.package_discovery:discover_packages(path) check parameters
[0.143s] Level 1:colcon.colcon_core.package_discovery:discover_packages(colcon_meta) discover
[0.143s] Level 1:colcon.colcon_core.package_discovery:discover_packages(recursive) discover
[0.143s] INFO:colcon.colcon_core.package_discovery:Crawling recursively for packages in '/home/alberto/Documents/sub_alberto'
[0.143s] Level 1:colcon.colcon_core.package_identification:_identify(.) by extensions ['ignore', 'ignore_ament_install']
[0.143s] Level 1:colcon.colcon_core.package_identification:_identify(.) by extension 'ignore'
[0.143s] Level 1:colcon.colcon_core.package_identification:_identify(.) by extension 'ignore_ament_install'
[0.143s] Level 1:colcon.colcon_core.package_identification:_identify(.) by extensions ['colcon_pkg']
[0.143s] Level 1:colcon.colcon_core.package_identification:_identify(.) by extension 'colcon_pkg'
[0.143s] Level 1:colcon.colcon_core.package_identification:_identify(.) by extensions ['colcon_meta']
[0.143s] Level 1:colcon.colcon_core.package_identification:_identify(.) by extension 'colcon_meta'
[0.143s] Level 1:colcon.colcon_core.package_identification:_identify(.) by extensions ['ros']
[0.144s] Level 1:colcon.colcon_core.package_identification:_identify(.) by extension 'ros'
[0.176s] Level 1:colcon.colcon_core.package_identification:_identify(.) by extensions ['cmake', 'python']
[0.176s] Level 1:colcon.colcon_core.package_identification:_identify(.) by extension 'cmake'
[0.176s] Level 1:colcon.colcon_core.package_identification:_identify(.) by extension 'python'
[0.176s] Level 1:colcon.colcon_core.package_identification:_identify(.) by extensions ['python_setup_py']
[0.176s] Level 1:colcon.colcon_core.package_identification:_identify(.) by extension 'python_setup_py'
[0.177s] Level 1:colcon.colcon_core.package_identification:_identify(build) by extensions ['ignore', 'ignore_ament_install']
[0.177s] Level 1:colcon.colcon_core.package_identification:_identify(build) by extension 'ignore'
[0.177s] Level 1:colcon.colcon_core.package_identification:_identify(build) ignored
[0.177s] Level 1:colcon.colcon_core.package_identification:_identify(install) by extensions ['ignore', 'ignore_ament_install']
[0.177s] Level 1:colcon.colcon_core.package_identification:_identify(install) by extension 'ignore'
[0.177s] Level 1:colcon.colcon_core.package_identification:_identify(install) ignored
[0.177s] Level 1:colcon.colcon_core.package_identification:_identify(log) by extensions ['ignore', 'ignore_ament_install']
[0.178s] Level 1:colcon.colcon_core.package_identification:_identify(log) by extension 'ignore'
[0.178s] Level 1:colcon.colcon_core.package_identification:_identify(log) ignored
[0.178s] Level 1:colcon.colcon_core.package_identification:_identify(src) by extensions ['ignore', 'ignore_ament_install']
[0.178s] Level 1:colcon.colcon_core.package_identification:_identify(src) by extension 'ignore'
[0.178s] Level 1:colcon.colcon_core.package_identification:_identify(src) by extension 'ignore_ament_install'
[0.178s] Level 1:colcon.colcon_core.package_identification:_identify(src) by extensions ['colcon_pkg']
[0.178s] Level 1:colcon.colcon_core.package_identification:_identify(src) by extension 'colcon_pkg'
[0.178s] Level 1:colcon.colcon_core.package_identification:_identify(src) by extensions ['colcon_meta']
[0.178s] Level 1:colcon.colcon_core.package_identification:_identify(src) by extension 'colcon_meta'
[0.178s] Level 1:colcon.colcon_core.package_identification:_identify(src) by extensions ['ros']
[0.178s] Level 1:colcon.colcon_core.package_identification:_identify(src) by extension 'ros'
[0.178s] Level 1:colcon.colcon_core.package_identification:_identify(src) by extensions ['cmake', 'python']
[0.178s] Level 1:colcon.colcon_core.package_identification:_identify(src) by extension 'cmake'
[0.178s] Level 1:colcon.colcon_core.package_identification:_identify(src) by extension 'python'
[0.178s] Level 1:colcon.colcon_core.package_identification:_identify(src) by extensions ['python_setup_py']
[0.178s] Level 1:colcon.colcon_core.package_identification:_identify(src) by extension 'python_setup_py'
[0.178s] Level 1:colcon.colcon_core.package_identification:_identify(src/uuv_control) by extensions ['ignore', 'ignore_ament_install']
[0.179s] Level 1:colcon.colcon_core.package_identification:_identify(src/uuv_control) by extension 'ignore'
[0.179s] Level 1:colcon.colcon_core.package_identification:_identify(src/uuv_control) by extension 'ignore_ament_install'
[0.179s] Level 1:colcon.colcon_core.package_identification:_identify(src/uuv_control) by extensions ['colcon_pkg']
[0.179s] Level 1:colcon.colcon_core.package_identification:_identify(src/uuv_control) by extension 'colcon_pkg'
[0.179s] Level 1:colcon.colcon_core.package_identification:_identify(src/uuv_control) by extensions ['colcon_meta']
[0.179s] Level 1:colcon.colcon_core.package_identification:_identify(src/uuv_control) by extension 'colcon_meta'
[0.179s] Level 1:colcon.colcon_core.package_identification:_identify(src/uuv_control) by extensions ['ros']
[0.179s] Level 1:colcon.colcon_core.package_identification:_identify(src/uuv_control) by extension 'ros'
[0.182s] DEBUG:colcon.colcon_core.package_identification:Package 'src/uuv_control' with type 'ros.ament_cmake' and name 'uuv_control'
[0.183s] Level 1:colcon.colcon_core.package_identification:_identify(src/uuv_gazebo_plugins) by extensions ['ignore', 'ignore_ament_install']
[0.183s] Level 1:colcon.colcon_core.package_identification:_identify(src/uuv_gazebo_plugins) by extension 'ignore'
[0.183s] Level 1:colcon.colcon_core.package_identification:_identify(src/uuv_gazebo_plugins) by extension 'ignore_ament_install'
[0.183s] Level 1:colcon.colcon_core.package_identification:_identify(src/uuv_gazebo_plugins) by extensions ['colcon_pkg']
[0.183s] Level 1:colcon.colcon_core.package_identification:_identify(src/uuv_gazebo_plugins) by extension 'colcon_pkg'
[0.183s] Level 1:colcon.colcon_core.package_identification:_identify(src/uuv_gazebo_plugins) by extensions ['colcon_meta']
[0.183s] Level 1:colcon.colcon_core.package_identification:_identify(src/uuv_gazebo_plugins) by extension 'colcon_meta'
[0.183s] Level 1:colcon.colcon_core.package_identification:_identify(src/uuv_gazebo_plugins) by extensions ['ros']
[0.183s] Level 1:colcon.colcon_core.package_identification:_identify(src/uuv_gazebo_plugins) by extension 'ros'
[0.184s] DEBUG:colcon.colcon_core.package_identification:Package 'src/uuv_gazebo_plugins' with type 'ros.ament_cmake' and name 'uuv_gazebo_plugins'
[0.185s] Level 1:colcon.colcon_core.package_identification:_identify(src/uuv_master) by extensions ['ignore', 'ignore_ament_install']
[0.185s] Level 1:colcon.colcon_core.package_identification:_identify(src/uuv_master) by extension 'ignore'
[0.185s] Level 1:colcon.colcon_core.package_identification:_identify(src/uuv_master) by extension 'ignore_ament_install'
[0.185s] Level 1:colcon.colcon_core.package_identification:_identify(src/uuv_master) by extensions ['colcon_pkg']
[0.185s] Level 1:colcon.colcon_core.package_identification:_identify(src/uuv_master) by extension 'colcon_pkg'
[0.185s] Level 1:colcon.colcon_core.package_identification:_identify(src/uuv_master) by extensions ['colcon_meta']
[0.185s] Level 1:colcon.colcon_core.package_identification:_identify(src/uuv_master) by extension 'colcon_meta'
[0.185s] Level 1:colcon.colcon_core.package_identification:_identify(src/uuv_master) by extensions ['ros']
[0.185s] Level 1:colcon.colcon_core.package_identification:_identify(src/uuv_master) by extension 'ros'
[0.186s] DEBUG:colcon.colcon_core.package_identification:Package 'src/uuv_master' with type 'ros.ament_cmake' and name 'uuv_master'
[0.186s] Level 1:colcon.colcon_core.package_identification:_identify(src/uuv_mission) by extensions ['ignore', 'ignore_ament_install']
[0.186s] Level 1:colcon.colcon_core.package_identification:_identify(src/uuv_mission) by extension 'ignore'
[0.186s] Level 1:colcon.colcon_core.package_identification:_identify(src/uuv_mission) by extension 'ignore_ament_install'
[0.187s] Level 1:colcon.colcon_core.package_identification:_identify(src/uuv_mission) by extensions ['colcon_pkg']
[0.187s] Level 1:colcon.colcon_core.package_identification:_identify(src/uuv_mission) by extension 'colcon_pkg'
[0.187s] Level 1:colcon.colcon_core.package_identification:_identify(src/uuv_mission) by extensions ['colcon_meta']
[0.187s] Level 1:colcon.colcon_core.package_identification:_identify(src/uuv_mission) by extension 'colcon_meta'
[0.187s] Level 1:colcon.colcon_core.package_identification:_identify(src/uuv_mission) by extensions ['ros']
[0.187s] Level 1:colcon.colcon_core.package_identification:_identify(src/uuv_mission) by extension 'ros'
[0.188s] DEBUG:colcon.colcon_core.package_identification:Package 'src/uuv_mission' with type 'ros.ament_cmake' and name 'uuv_mission'
[0.188s] Level 1:colcon.colcon_core.package_identification:_identify(src/uuv_msgs) by extensions ['ignore', 'ignore_ament_install']
[0.188s] Level 1:colcon.colcon_core.package_identification:_identify(src/uuv_msgs) by extension 'ignore'
[0.188s] Level 1:colcon.colcon_core.package_identification:_identify(src/uuv_msgs) by extension 'ignore_ament_install'
[0.188s] Level 1:colcon.colcon_core.package_identification:_identify(src/uuv_msgs) by extensions ['colcon_pkg']
[0.188s] Level 1:colcon.colcon_core.package_identification:_identify(src/uuv_msgs) by extension 'colcon_pkg'
[0.188s] Level 1:colcon.colcon_core.package_identification:_identify(src/uuv_msgs) by extensions ['colcon_meta']
[0.188s] Level 1:colcon.colcon_core.package_identification:_identify(src/uuv_msgs) by extension 'colcon_meta'
[0.188s] Level 1:colcon.colcon_core.package_identification:_identify(src/uuv_msgs) by extensions ['ros']
[0.188s] Level 1:colcon.colcon_core.package_identification:_identify(src/uuv_msgs) by extension 'ros'
[0.188s] Level 1:colcon.colcon_core.package_identification:_identify(src/uuv_msgs) by extensions ['cmake', 'python']
[0.189s] Level 1:colcon.colcon_core.package_identification:_identify(src/uuv_msgs) by extension 'cmake'
[0.189s] Level 1:colcon.colcon_core.package_identification:_identify(src/uuv_msgs) by extension 'python'
[0.189s] Level 1:colcon.colcon_core.package_identification:_identify(src/uuv_msgs) by extensions ['python_setup_py']
[0.189s] Level 1:colcon.colcon_core.package_identification:_identify(src/uuv_msgs) by extension 'python_setup_py'
[0.189s] Level 1:colcon.colcon_core.package_identification:_identify(src/uuv_msgs/build) by extensions ['ignore', 'ignore_ament_install']
[0.189s] Level 1:colcon.colcon_core.package_identification:_identify(src/uuv_msgs/build) by extension 'ignore'
[0.189s] Level 1:colcon.colcon_core.package_identification:_identify(src/uuv_msgs/build) by extension 'ignore_ament_install'
[0.189s] Level 1:colcon.colcon_core.package_identification:_identify(src/uuv_msgs/build) by extensions ['colcon_pkg']
[0.189s] Level 1:colcon.colcon_core.package_identification:_identify(src/uuv_msgs/build) by extension 'colcon_pkg'
[0.189s] Level 1:colcon.colcon_core.package_identification:_identify(src/uuv_msgs/build) by extensions ['colcon_meta']
[0.189s] Level 1:colcon.colcon_core.package_identification:_identify(src/uuv_msgs/build) by extension 'colcon_meta'
[0.189s] Level 1:colcon.colcon_core.package_identification:_identify(src/uuv_msgs/build) by extensions ['ros']
[0.189s] Level 1:colcon.colcon_core.package_identification:_identify(src/uuv_msgs/build) by extension 'ros'
[0.189s] Level 1:colcon.colcon_core.package_identification:_identify(src/uuv_msgs/build) by extensions ['cmake', 'python']
[0.189s] Level 1:colcon.colcon_core.package_identification:_identify(src/uuv_msgs/build) by extension 'cmake'
[0.189s] Level 1:colcon.colcon_core.package_identification:_identify(src/uuv_msgs/build) by extension 'python'
[0.189s] Level 1:colcon.colcon_core.package_identification:_identify(src/uuv_msgs/build) by extensions ['python_setup_py']
[0.189s] Level 1:colcon.colcon_core.package_identification:_identify(src/uuv_msgs/build) by extension 'python_setup_py'
[0.189s] Level 1:colcon.colcon_core.package_identification:_identify(src/uuv_msgs/build/uuv_msgs) by extensions ['ignore', 'ignore_ament_install']
[0.190s] Level 1:colcon.colcon_core.package_identification:_identify(src/uuv_msgs/build/uuv_msgs) by extension 'ignore'
[0.190s] Level 1:colcon.colcon_core.package_identification:_identify(src/uuv_msgs/build/uuv_msgs) by extension 'ignore_ament_install'
[0.190s] Level 1:colcon.colcon_core.package_identification:_identify(src/uuv_msgs/build/uuv_msgs) by extensions ['colcon_pkg']
[0.190s] Level 1:colcon.colcon_core.package_identification:_identify(src/uuv_msgs/build/uuv_msgs) by extension 'colcon_pkg'
[0.190s] Level 1:colcon.colcon_core.package_identification:_identify(src/uuv_msgs/build/uuv_msgs) by extensions ['colcon_meta']
[0.190s] Level 1:colcon.colcon_core.package_identification:_identify(src/uuv_msgs/build/uuv_msgs) by extension 'colcon_meta'
[0.190s] Level 1:colcon.colcon_core.package_identification:_identify(src/uuv_msgs/build/uuv_msgs) by extensions ['ros']
[0.190s] Level 1:colcon.colcon_core.package_identification:_identify(src/uuv_msgs/build/uuv_msgs) by extension 'ros'
[0.190s] Level 1:colcon.colcon_core.package_identification:_identify(src/uuv_msgs/build/uuv_msgs) by extensions ['cmake', 'python']
[0.190s] Level 1:colcon.colcon_core.package_identification:_identify(src/uuv_msgs/build/uuv_msgs) by extension 'cmake'
[0.190s] Level 1:colcon.colcon_core.package_identification:_identify(src/uuv_msgs/build/uuv_msgs) by extension 'python'
[0.190s] Level 1:colcon.colcon_core.package_identification:_identify(src/uuv_msgs/build/uuv_msgs) by extensions ['python_setup_py']
[0.190s] Level 1:colcon.colcon_core.package_identification:_identify(src/uuv_msgs/build/uuv_msgs) by extension 'python_setup_py'
[0.190s] Level 1:colcon.colcon_core.package_identification:_identify(src/uuv_msgs/build/uuv_msgs/CMakeFiles) by extensions ['ignore', 'ignore_ament_install']
[0.190s] Level 1:colcon.colcon_core.package_identification:_identify(src/uuv_msgs/build/uuv_msgs/CMakeFiles) by extension 'ignore'
[0.190s] Level 1:colcon.colcon_core.package_identification:_identify(src/uuv_msgs/build/uuv_msgs/CMakeFiles) by extension 'ignore_ament_install'
[0.190s] Level 1:colcon.colcon_core.package_identification:_identify(src/uuv_msgs/build/uuv_msgs/CMakeFiles) by extensions ['colcon_pkg']
[0.190s] Level 1:colcon.colcon_core.package_identification:_identify(src/uuv_msgs/build/uuv_msgs/CMakeFiles) by extension 'colcon_pkg'
[0.190s] Level 1:colcon.colcon_core.package_identification:_identify(src/uuv_msgs/build/uuv_msgs/CMakeFiles) by extensions ['colcon_meta']
[0.191s] Level 1:colcon.colcon_core.package_identification:_identify(src/uuv_msgs/build/uuv_msgs/CMakeFiles) by extension 'colcon_meta'
[0.191s] Level 1:colcon.colcon_core.package_identification:_identify(src/uuv_msgs/build/uuv_msgs/CMakeFiles) by extensions ['ros']
[0.191s] Level 1:colcon.colcon_core.package_identification:_identify(src/uuv_msgs/build/uuv_msgs/CMakeFiles) by extension 'ros'
[0.191s] Level 1:colcon.colcon_core.package_identification:_identify(src/uuv_msgs/build/uuv_msgs/CMakeFiles) by extensions ['cmake', 'python']
[0.191s] Level 1:colcon.colcon_core.package_identification:_identify(src/uuv_msgs/build/uuv_msgs/CMakeFiles) by extension 'cmake'
[0.191s] Level 1:colcon.colcon_core.package_identification:_identify(src/uuv_msgs/build/uuv_msgs/CMakeFiles) by extension 'python'
[0.191s] Level 1:colcon.colcon_core.package_identification:_identify(src/uuv_msgs/build/uuv_msgs/CMakeFiles) by extensions ['python_setup_py']
[0.191s] Level 1:colcon.colcon_core.package_identification:_identify(src/uuv_msgs/build/uuv_msgs/CMakeFiles) by extension 'python_setup_py'
[0.191s] Level 1:colcon.colcon_core.package_identification:_identify(src/uuv_msgs/build/uuv_msgs/CMakeFiles/3.22.1) by extensions ['ignore', 'ignore_ament_install']
[0.191s] Level 1:colcon.colcon_core.package_identification:_identify(src/uuv_msgs/build/uuv_msgs/CMakeFiles/3.22.1) by extension 'ignore'
[0.191s] Level 1:colcon.colcon_core.package_identification:_identify(src/uuv_msgs/build/uuv_msgs/CMakeFiles/3.22.1) by extension 'ignore_ament_install'
[0.191s] Level 1:colcon.colcon_core.package_identification:_identify(src/uuv_msgs/build/uuv_msgs/CMakeFiles/3.22.1) by extensions ['colcon_pkg']
[0.191s] Level 1:colcon.colcon_core.package_identification:_identify(src/uuv_msgs/build/uuv_msgs/CMakeFiles/3.22.1) by extension 'colcon_pkg'
[0.191s] Level 1:colcon.colcon_core.package_identification:_identify(src/uuv_msgs/build/uuv_msgs/CMakeFiles/3.22.1) by extensions ['colcon_meta']
[0.191s] Level 1:colcon.colcon_core.package_identification:_identify(src/uuv_msgs/build/uuv_msgs/CMakeFiles/3.22.1) by extension 'colcon_meta'
[0.191s] Level 1:colcon.colcon_core.package_identification:_identify(src/uuv_msgs/build/uuv_msgs/CMakeFiles/3.22.1) by extensions ['ros']
[0.191s] Level 1:colcon.colcon_core.package_identification:_identify(src/uuv_msgs/build/uuv_msgs/CMakeFiles/3.22.1) by extension 'ros'
[0.191s] Level 1:colcon.colcon_core.package_identification:_identify(src/uuv_msgs/build/uuv_msgs/CMakeFiles/3.22.1) by extensions ['cmake', 'python']
[0.191s] Level 1:colcon.colcon_core.package_identification:_identify(src/uuv_msgs/build/uuv_msgs/CMakeFiles/3.22.1) by extension 'cmake'
[0.192s] Level 1:colcon.colcon_core.package_identification:_identify(src/uuv_msgs/build/uuv_msgs/CMakeFiles/3.22.1) by extension 'python'
[0.192s] Level 1:colcon.colcon_core.package_identification:_identify(src/uuv_msgs/build/uuv_msgs/CMakeFiles/3.22.1) by extensions ['python_setup_py']
[0.192s] Level 1:colcon.colcon_core.package_identification:_identify(src/uuv_msgs/build/uuv_msgs/CMakeFiles/3.22.1) by extension 'python_setup_py'
[0.192s] Level 1:colcon.colcon_core.package_identification:_identify(src/uuv_msgs/build/uuv_msgs/CMakeFiles/3.22.1/CompilerIdC) by extensions ['ignore', 'ignore_ament_install']
[0.192s] Level 1:colcon.colcon_core.package_identification:_identify(src/uuv_msgs/build/uuv_msgs/CMakeFiles/3.22.1/CompilerIdC) by extension 'ignore'
[0.192s] Level 1:colcon.colcon_core.package_identification:_identify(src/uuv_msgs/build/uuv_msgs/CMakeFiles/3.22.1/CompilerIdC) by extension 'ignore_ament_install'
[0.192s] Level 1:colcon.colcon_core.package_identification:_identify(src/uuv_msgs/build/uuv_msgs/CMakeFiles/3.22.1/CompilerIdC) by extensions ['colcon_pkg']
[0.192s] Level 1:colcon.colcon_core.package_identification:_identify(src/uuv_msgs/build/uuv_msgs/CMakeFiles/3.22.1/CompilerIdC) by extension 'colcon_pkg'
[0.192s] Level 1:colcon.colcon_core.package_identification:_identify(src/uuv_msgs/build/uuv_msgs/CMakeFiles/3.22.1/CompilerIdC) by extensions ['colcon_meta']
[0.192s] Level 1:colcon.colcon_core.package_identification:_identify(src/uuv_msgs/build/uuv_msgs/CMakeFiles/3.22.1/CompilerIdC) by extension 'colcon_meta'
[0.192s] Level 1:colcon.colcon_core.package_identification:_identify(src/uuv_msgs/build/uuv_msgs/CMakeFiles/3.22.1/CompilerIdC) by extensions ['ros']
[0.192s] Level 1:colcon.colcon_core.package_identification:_identify(src/uuv_msgs/build/uuv_msgs/CMakeFiles/3.22.1/CompilerIdC) by extension 'ros'
[0.192s] Level 1:colcon.colcon_core.package_identification:_identify(src/uuv_msgs/build/uuv_msgs/CMakeFiles/3.22.1/CompilerIdC) by extensions ['cmake', 'python']
[0.192s] Level 1:colcon.colcon_core.package_identification:_identify(src/uuv_msgs/build/uuv_msgs/CMakeFiles/3.22.1/CompilerIdC) by extension 'cmake'
[0.192s] Level 1:colcon.colcon_core.package_identification:_identify(src/uuv_msgs/build/uuv_msgs/CMakeFiles/3.22.1/CompilerIdC) by extension 'python'
[0.192s] Level 1:colcon.colcon_core.package_identification:_identify(src/uuv_msgs/build/uuv_msgs/CMakeFiles/3.22.1/CompilerIdC) by extensions ['python_setup_py']
[0.193s] Level 1:colcon.colcon_core.package_identification:_identify(src/uuv_msgs/build/uuv_msgs/CMakeFiles/3.22.1/CompilerIdC) by extension 'python_setup_py'
[0.193s] Level 1:colcon.colcon_core.package_identification:_identify(src/uuv_msgs/build/uuv_msgs/CMakeFiles/3.22.1/CompilerIdC/tmp) by extensions ['ignore', 'ignore_ament_install']
[0.193s] Level 1:colcon.colcon_core.package_identification:_identify(src/uuv_msgs/build/uuv_msgs/CMakeFiles/3.22.1/CompilerIdC/tmp) by extension 'ignore'
[0.193s] Level 1:colcon.colcon_core.package_identification:_identify(src/uuv_msgs/build/uuv_msgs/CMakeFiles/3.22.1/CompilerIdC/tmp) by extension 'ignore_ament_install'
[0.193s] Level 1:colcon.colcon_core.package_identification:_identify(src/uuv_msgs/build/uuv_msgs/CMakeFiles/3.22.1/CompilerIdC/tmp) by extensions ['colcon_pkg']
[0.193s] Level 1:colcon.colcon_core.package_identification:_identify(src/uuv_msgs/build/uuv_msgs/CMakeFiles/3.22.1/CompilerIdC/tmp) by extension 'colcon_pkg'
[0.193s] Level 1:colcon.colcon_core.package_identification:_identify(src/uuv_msgs/build/uuv_msgs/CMakeFiles/3.22.1/CompilerIdC/tmp) by extensions ['colcon_meta']
[0.193s] Level 1:colcon.colcon_core.package_identification:_identify(src/uuv_msgs/build/uuv_msgs/CMakeFiles/3.22.1/CompilerIdC/tmp) by extension 'colcon_meta'
[0.193s] Level 1:colcon.colcon_core.package_identification:_identify(src/uuv_msgs/build/uuv_msgs/CMakeFiles/3.22.1/CompilerIdC/tmp) by extensions ['ros']
[0.193s] Level 1:colcon.colcon_core.package_identification:_identify(src/uuv_msgs/build/uuv_msgs/CMakeFiles/3.22.1/CompilerIdC/tmp) by extension 'ros'
[0.193s] Level 1:colcon.colcon_core.package_identification:_identify(src/uuv_msgs/build/uuv_msgs/CMakeFiles/3.22.1/CompilerIdC/tmp) by extensions ['cmake', 'python']
[0.193s] Level 1:colcon.colcon_core.package_identification:_identify(src/uuv_msgs/build/uuv_msgs/CMakeFiles/3.22.1/CompilerIdC/tmp) by extension 'cmake'
[0.193s] Level 1:colcon.colcon_core.package_identification:_identify(src/uuv_msgs/build/uuv_msgs/CMakeFiles/3.22.1/CompilerIdC/tmp) by extension 'python'
[0.193s] Level 1:colcon.colcon_core.package_identification:_identify(src/uuv_msgs/build/uuv_msgs/CMakeFiles/3.22.1/CompilerIdC/tmp) by extensions ['python_setup_py']
[0.193s] Level 1:colcon.colcon_core.package_identification:_identify(src/uuv_msgs/build/uuv_msgs/CMakeFiles/3.22.1/CompilerIdC/tmp) by extension 'python_setup_py'
[0.193s] Level 1:colcon.colcon_core.package_identification:_identify(src/uuv_msgs/build/uuv_msgs/CMakeFiles/3.22.1/CompilerIdCXX) by extensions ['ignore', 'ignore_ament_install']
[0.194s] Level 1:colcon.colcon_core.package_identification:_identify(src/uuv_msgs/build/uuv_msgs/CMakeFiles/3.22.1/CompilerIdCXX) by extension 'ignore'
[0.194s] Level 1:colcon.colcon_core.package_identification:_identify(src/uuv_msgs/build/uuv_msgs/CMakeFiles/3.22.1/CompilerIdCXX) by extension 'ignore_ament_install'
[0.194s] Level 1:colcon.colcon_core.package_identification:_identify(src/uuv_msgs/build/uuv_msgs/CMakeFiles/3.22.1/CompilerIdCXX) by extensions ['colcon_pkg']
[0.194s] Level 1:colcon.colcon_core.package_identification:_identify(src/uuv_msgs/build/uuv_msgs/CMakeFiles/3.22.1/CompilerIdCXX) by extension 'colcon_pkg'
[0.194s] Level 1:colcon.colcon_core.package_identification:_identify(src/uuv_msgs/build/uuv_msgs/CMakeFiles/3.22.1/CompilerIdCXX) by extensions ['colcon_meta']
[0.194s] Level 1:colcon.colcon_core.package_identification:_identify(src/uuv_msgs/build/uuv_msgs/CMakeFiles/3.22.1/CompilerIdCXX) by extension 'colcon_meta'
[0.194s] Level 1:colcon.colcon_core.package_identification:_identify(src/uuv_msgs/build/uuv_msgs/CMakeFiles/3.22.1/CompilerIdCXX) by extensions ['ros']
[0.194s] Level 1:colcon.colcon_core.package_identification:_identify(src/uuv_msgs/build/uuv_msgs/CMakeFiles/3.22.1/CompilerIdCXX) by extension 'ros'
[0.194s] Level 1:colcon.colcon_core.package_identification:_identify(src/uuv_msgs/build/uuv_msgs/CMakeFiles/3.22.1/CompilerIdCXX) by extensions ['cmake', 'python']
[0.194s] Level 1:colcon.colcon_core.package_identification:_identify(src/uuv_msgs/build/uuv_msgs/CMakeFiles/3.22.1/CompilerIdCXX) by extension 'cmake'
[0.194s] Level 1:colcon.colcon_core.package_identification:_identify(src/uuv_msgs/build/uuv_msgs/CMakeFiles/3.22.1/CompilerIdCXX) by extension 'python'
[0.194s] Level 1:colcon.colcon_core.package_identification:_identify(src/uuv_msgs/build/uuv_msgs/CMakeFiles/3.22.1/CompilerIdCXX) by extensions ['python_setup_py']
[0.194s] Level 1:colcon.colcon_core.package_identification:_identify(src/uuv_msgs/build/uuv_msgs/CMakeFiles/3.22.1/CompilerIdCXX) by extension 'python_setup_py'
[0.194s] Level 1:colcon.colcon_core.package_identification:_identify(src/uuv_msgs/build/uuv_msgs/CMakeFiles/3.22.1/CompilerIdCXX/tmp) by extensions ['ignore', 'ignore_ament_install']
[0.194s] Level 1:colcon.colcon_core.package_identification:_identify(src/uuv_msgs/build/uuv_msgs/CMakeFiles/3.22.1/CompilerIdCXX/tmp) by extension 'ignore'
[0.194s] Level 1:colcon.colcon_core.package_identification:_identify(src/uuv_msgs/build/uuv_msgs/CMakeFiles/3.22.1/CompilerIdCXX/tmp) by extension 'ignore_ament_install'
[0.194s] Level 1:colcon.colcon_core.package_identification:_identify(src/uuv_msgs/build/uuv_msgs/CMakeFiles/3.22.1/CompilerIdCXX/tmp) by extensions ['colcon_pkg']
[0.194s] Level 1:colcon.colcon_core.package_identification:_identify(src/uuv_msgs/build/uuv_msgs/CMakeFiles/3.22.1/CompilerIdCXX/tmp) by extension 'colcon_pkg'
[0.194s] Level 1:colcon.colcon_core.package_identification:_identify(src/uuv_msgs/build/uuv_msgs/CMakeFiles/3.22.1/CompilerIdCXX/tmp) by extensions ['colcon_meta']
[0.194s] Level 1:colcon.colcon_core.package_identification:_identify(src/uuv_msgs/build/uuv_msgs/CMakeFiles/3.22.1/CompilerIdCXX/tmp) by extension 'colcon_meta'
[0.195s] Level 1:colcon.colcon_core.package_identification:_identify(src/uuv_msgs/build/uuv_msgs/CMakeFiles/3.22.1/CompilerIdCXX/tmp) by extensions ['ros']
[0.195s] Level 1:colcon.colcon_core.package_identification:_identify(src/uuv_msgs/build/uuv_msgs/CMakeFiles/3.22.1/CompilerIdCXX/tmp) by extension 'ros'
[0.195s] Level 1:colcon.colcon_core.package_identification:_identify(src/uuv_msgs/build/uuv_msgs/CMakeFiles/3.22.1/CompilerIdCXX/tmp) by extensions ['cmake', 'python']
[0.195s] Level 1:colcon.colcon_core.package_identification:_identify(src/uuv_msgs/build/uuv_msgs/CMakeFiles/3.22.1/CompilerIdCXX/tmp) by extension 'cmake'
[0.195s] Level 1:colcon.colcon_core.package_identification:_identify(src/uuv_msgs/build/uuv_msgs/CMakeFiles/3.22.1/CompilerIdCXX/tmp) by extension 'python'
[0.195s] Level 1:colcon.colcon_core.package_identification:_identify(src/uuv_msgs/build/uuv_msgs/CMakeFiles/3.22.1/CompilerIdCXX/tmp) by extensions ['python_setup_py']
[0.195s] Level 1:colcon.colcon_core.package_identification:_identify(src/uuv_msgs/build/uuv_msgs/CMakeFiles/3.22.1/CompilerIdCXX/tmp) by extension 'python_setup_py'
[0.195s] Level 1:colcon.colcon_core.package_identification:_identify(src/uuv_msgs/build/uuv_msgs/CMakeFiles/CMakeTmp) by extensions ['ignore', 'ignore_ament_install']
[0.195s] Level 1:colcon.colcon_core.package_identification:_identify(src/uuv_msgs/build/uuv_msgs/CMakeFiles/CMakeTmp) by extension 'ignore'
[0.195s] Level 1:colcon.colcon_core.package_identification:_identify(src/uuv_msgs/build/uuv_msgs/CMakeFiles/CMakeTmp) by extension 'ignore_ament_install'
[0.195s] Level 1:colcon.colcon_core.package_identification:_identify(src/uuv_msgs/build/uuv_msgs/CMakeFiles/CMakeTmp) by extensions ['colcon_pkg']
[0.195s] Level 1:colcon.colcon_core.package_identification:_identify(src/uuv_msgs/build/uuv_msgs/CMakeFiles/CMakeTmp) by extension 'colcon_pkg'
[0.195s] Level 1:colcon.colcon_core.package_identification:_identify(src/uuv_msgs/build/uuv_msgs/CMakeFiles/CMakeTmp) by extensions ['colcon_meta']
[0.195s] Level 1:colcon.colcon_core.package_identification:_identify(src/uuv_msgs/build/uuv_msgs/CMakeFiles/CMakeTmp) by extension 'colcon_meta'
[0.195s] Level 1:colcon.colcon_core.package_identification:_identify(src/uuv_msgs/build/uuv_msgs/CMakeFiles/CMakeTmp) by extensions ['ros']
[0.195s] Level 1:colcon.colcon_core.package_identification:_identify(src/uuv_msgs/build/uuv_msgs/CMakeFiles/CMakeTmp) by extension 'ros'
[0.195s] Level 1:colcon.colcon_core.package_identification:_identify(src/uuv_msgs/build/uuv_msgs/CMakeFiles/CMakeTmp) by extensions ['cmake', 'python']
[0.195s] Level 1:colcon.colcon_core.package_identification:_identify(src/uuv_msgs/build/uuv_msgs/CMakeFiles/CMakeTmp) by extension 'cmake'
[0.195s] Level 1:colcon.colcon_core.package_identification:_identify(src/uuv_msgs/build/uuv_msgs/CMakeFiles/CMakeTmp) by extension 'python'
[0.196s] Level 1:colcon.colcon_core.package_identification:_identify(src/uuv_msgs/build/uuv_msgs/CMakeFiles/CMakeTmp) by extensions ['python_setup_py']
[0.196s] Level 1:colcon.colcon_core.package_identification:_identify(src/uuv_msgs/build/uuv_msgs/CMakeFiles/CMakeTmp) by extension 'python_setup_py'
[0.196s] Level 1:colcon.colcon_core.package_identification:_identify(src/uuv_navigation) by extensions ['ignore', 'ignore_ament_install']
[0.196s] Level 1:colcon.colcon_core.package_identification:_identify(src/uuv_navigation) by extension 'ignore'
[0.196s] Level 1:colcon.colcon_core.package_identification:_identify(src/uuv_navigation) by extension 'ignore_ament_install'
[0.196s] Level 1:colcon.colcon_core.package_identification:_identify(src/uuv_navigation) by extensions ['colcon_pkg']
[0.196s] Level 1:colcon.colcon_core.package_identification:_identify(src/uuv_navigation) by extension 'colcon_pkg'
[0.196s] Level 1:colcon.colcon_core.package_identification:_identify(src/uuv_navigation) by extensions ['colcon_meta']
[0.196s] Level 1:colcon.colcon_core.package_identification:_identify(src/uuv_navigation) by extension 'colcon_meta'
[0.196s] Level 1:colcon.colcon_core.package_identification:_identify(src/uuv_navigation) by extensions ['ros']
[0.196s] Level 1:colcon.colcon_core.package_identification:_identify(src/uuv_navigation) by extension 'ros'
[0.198s] DEBUG:colcon.colcon_core.package_identification:Package 'src/uuv_navigation' with type 'ros.ament_cmake' and name 'uuv_navigation'
[0.198s] Level 1:colcon.colcon_core.package_identification:_identify(src/uuv_vision) by extensions ['ignore', 'ignore_ament_install']
[0.198s] Level 1:colcon.colcon_core.package_identification:_identify(src/uuv_vision) by extension 'ignore'
[0.198s] Level 1:colcon.colcon_core.package_identification:_identify(src/uuv_vision) by extension 'ignore_ament_install'
[0.198s] Level 1:colcon.colcon_core.package_identification:_identify(src/uuv_vision) by extensions ['colcon_pkg']
[0.198s] Level 1:colcon.colcon_core.package_identification:_identify(src/uuv_vision) by extension 'colcon_pkg'
[0.198s] Level 1:colcon.colcon_core.package_identification:_identify(src/uuv_vision) by extensions ['colcon_meta']
[0.198s] Level 1:colcon.colcon_core.package_identification:_identify(src/uuv_vision) by extension 'colcon_meta'
[0.198s] Level 1:colcon.colcon_core.package_identification:_identify(src/uuv_vision) by extensions ['ros']
[0.198s] Level 1:colcon.colcon_core.package_identification:_identify(src/uuv_vision) by extension 'ros'
[0.199s] DEBUG:colcon.colcon_core.package_identification:Package 'src/uuv_vision' with type 'ros.ament_cmake' and name 'uuv_vision'
[0.199s] Level 1:colcon.colcon_core.package_identification:_identify(src/uuv_visualization) by extensions ['ignore', 'ignore_ament_install']
[0.199s] Level 1:colcon.colcon_core.package_identification:_identify(src/uuv_visualization) by extension 'ignore'
[0.199s] Level 1:colcon.colcon_core.package_identification:_identify(src/uuv_visualization) by extension 'ignore_ament_install'
[0.200s] Level 1:colcon.colcon_core.package_identification:_identify(src/uuv_visualization) by extensions ['colcon_pkg']
[0.200s] Level 1:colcon.colcon_core.package_identification:_identify(src/uuv_visualization) by extension 'colcon_pkg'
[0.200s] Level 1:colcon.colcon_core.package_identification:_identify(src/uuv_visualization) by extensions ['colcon_meta']
[0.200s] Level 1:colcon.colcon_core.package_identification:_identify(src/uuv_visualization) by extension 'colcon_meta'
[0.200s] Level 1:colcon.colcon_core.package_identification:_identify(src/uuv_visualization) by extensions ['ros']
[0.200s] Level 1:colcon.colcon_core.package_identification:_identify(src/uuv_visualization) by extension 'ros'
[0.201s] DEBUG:colcon.colcon_core.package_identification:Package 'src/uuv_visualization' with type 'ros.ament_cmake' and name 'uuv_visualization'
[0.201s] Level 1:colcon.colcon_core.package_discovery:discover_packages(recursive) using defaults
[0.201s] Level 1:colcon.colcon_core.package_discovery:discover_packages(ignore) discover
[0.201s] Level 1:colcon.colcon_core.package_discovery:discover_packages(ignore) using defaults
[0.201s] Level 1:colcon.colcon_core.package_discovery:discover_packages(path) discover
[0.201s] Level 1:colcon.colcon_core.package_discovery:discover_packages(path) using defaults
[0.217s] INFO:colcon.colcon_core.package_selection:Skipping not selected package 'uuv_control' in 'src/uuv_control'
[0.217s] INFO:colcon.colcon_core.package_selection:Skipping not selected package 'uuv_master' in 'src/uuv_master'
[0.217s] INFO:colcon.colcon_core.package_selection:Skipping not selected package 'uuv_mission' in 'src/uuv_mission'
[0.217s] INFO:colcon.colcon_core.package_selection:Skipping not selected package 'uuv_navigation' in 'src/uuv_navigation'
[0.217s] INFO:colcon.colcon_core.package_selection:Skipping not selected package 'uuv_vision' in 'src/uuv_vision'
[0.217s] INFO:colcon.colcon_core.package_selection:Skipping not selected package 'uuv_visualization' in 'src/uuv_visualization'
[0.218s] Level 1:colcon.colcon_core.package_discovery:discover_packages(prefix_path) check parameters
[0.218s] Level 1:colcon.colcon_core.package_discovery:discover_packages(prefix_path) discover
[0.220s] DEBUG:colcon.colcon_installed_package_information.package_discovery:Found 6 installed packages in /home/alberto/Documents/sub_alberto/install
[0.221s] DEBUG:colcon.colcon_installed_package_information.package_discovery:Found 17 installed packages in /home/alberto/Documents/kia_gd_ws/install
[0.221s] DEBUG:colcon.colcon_installed_package_information.package_discovery:Found 8 installed packages in /home/alberto/install
[0.222s] DEBUG:colcon.colcon_installed_package_information.package_discovery:Found 4 installed packages in /home/alberto/ros2_ws/install
[0.222s] DEBUG:colcon.colcon_installed_package_information.package_discovery:Found 1 installed packages in /home/alberto/uuv/install
[0.224s] DEBUG:colcon.colcon_installed_package_information.package_discovery:Found 348 installed packages in /opt/ros/humble
[0.225s] Level 1:colcon.colcon_core.package_discovery:discover_packages(prefix_path) using defaults
[0.270s] Level 5:colcon.colcon_core.verb:set package 'uuv_gazebo_plugins' build argument 'cmake_args' from command line to 'None'
[0.271s] Level 5:colcon.colcon_core.verb:set package 'uuv_gazebo_plugins' build argument 'cmake_target' from command line to 'None'
[0.271s] Level 5:colcon.colcon_core.verb:set package 'uuv_gazebo_plugins' build argument 'cmake_target_skip_unavailable' from command line to 'False'
[0.271s] Level 5:colcon.colcon_core.verb:set package 'uuv_gazebo_plugins' build argument 'cmake_clean_cache' from command line to 'False'
[0.271s] Level 5:colcon.colcon_core.verb:set package 'uuv_gazebo_plugins' build argument 'cmake_clean_first' from command line to 'False'
[0.271s] Level 5:colcon.colcon_core.verb:set package 'uuv_gazebo_plugins' build argument 'cmake_force_configure' from command line to 'False'
[0.271s] Level 5:colcon.colcon_core.verb:set package 'uuv_gazebo_plugins' build argument 'ament_cmake_args' from command line to 'None'
[0.271s] Level 5:colcon.colcon_core.verb:set package 'uuv_gazebo_plugins' build argument 'catkin_cmake_args' from command line to 'None'
[0.271s] Level 5:colcon.colcon_core.verb:set package 'uuv_gazebo_plugins' build argument 'catkin_skip_building_tests' from command line to 'False'
[0.271s] DEBUG:colcon.colcon_core.verb:Building package 'uuv_gazebo_plugins' with the following arguments: {'ament_cmake_args': None, 'build_base': '/home/alberto/Documents/sub_alberto/build/uuv_gazebo_plugins', 'catkin_cmake_args': None, 'catkin_skip_building_tests': False, 'cmake_args': None, 'cmake_clean_cache': False, 'cmake_clean_first': False, 'cmake_force_configure': False, 'cmake_target': None, 'cmake_target_skip_unavailable': False, 'install_base': '/home/alberto/Documents/sub_alberto/install/uuv_gazebo_plugins', 'merge_install': False, 'path': '/home/alberto/Documents/sub_alberto/src/uuv_gazebo_plugins', 'symlink_install': False, 'test_result_base': None}
[0.271s] INFO:colcon.colcon_core.executor:Executing jobs using 'parallel' executor
[0.272s] DEBUG:colcon.colcon_parallel_executor.executor.parallel:run_until_complete
[0.272s] INFO:colcon.colcon_ros.task.ament_cmake.build:Building ROS package in '/home/alberto/Documents/sub_alberto/src/uuv_gazebo_plugins' with build type 'ament_cmake'
[0.272s] INFO:colcon.colcon_cmake.task.cmake.build:Building CMake package in '/home/alberto/Documents/sub_alberto/src/uuv_gazebo_plugins'
[0.274s] INFO:colcon.colcon_core.plugin_system:Skipping extension 'colcon_core.shell.bat': Not used on non-Windows systems
[0.274s] INFO:colcon.colcon_core.shell:Skip shell extension 'powershell' for command environment: Not usable outside of PowerShell
[0.274s] DEBUG:colcon.colcon_core.shell:Skip shell extension 'dsv' for command environment
[0.282s] DEBUG:colcon.colcon_core.event_handler.log_command:Invoking command in '/home/alberto/Documents/sub_alberto/build/uuv_gazebo_plugins': CMAKE_PREFIX_PATH=/home/alberto/Documents/kia_gd_ws/install/ur_ros_rtde_tutorials:/home/alberto/Documents/kia_gd_ws/install/ur_ros_rtde:/home/alberto/Documents/kia_gd_ws/install/ur_ros_rtde_simple_clients:/home/alberto/Documents/kia_gd_ws/install/ur_ros_rtde_gripper_commands:/home/alberto/Documents/kia_gd_ws/install/ur_ros_rtde_msgs:/home/alberto/Documents/kia_gd_ws/install/ur:/home/alberto/Documents/kia_gd_ws/install/ur_calibration:/home/alberto/Documents/kia_gd_ws/install/ur_robot_driver:/home/alberto/Documents/kia_gd_ws/install/ur_moveit_config:/home/alberto/Documents/kia_gd_ws/install/ur_bringup:/home/alberto/Documents/kia_gd_ws/install/ur_controllers:/home/alberto/Documents/kia_gd_ws/install/ur_dashboard_msgs:/home/alberto/Documents/kia_gd_ws/install/simple_ur10e_moveit_config:/home/alberto/Documents/kia_gd_ws/install/simple_ur10e_description:/home/alberto/Documents/kia_gd_ws/install/kia_gd:/home/alberto/Documents/sub_alberto/install/uuv_visualization:/home/alberto/Documents/sub_alberto/install/uuv_vision:/home/alberto/Documents/sub_alberto/install/uuv_navigation:/home/alberto/Documents/sub_alberto/install/uuv_mission:/home/alberto/Documents/sub_alberto/install/uuv_master:/home/alberto/Documents/sub_alberto/install/uuv_control:/home/alberto/install/vectornav:/home/alberto/install/vectornav_msgs:/home/alberto/install/uuv_teleop:/home/alberto/install/uuv_description:/home/alberto/install/sub:/home/alberto/install/pid:/home/alberto/Documents/kia_gd_ws/install/ros_tcp_endpoint:/home/alberto/ros2_ws/install/docker_test:/opt/ros/humble:/home/alberto/install/catkin:/home/alberto/ros2_ws/install/sub:/home/alberto/ros2_ws/install/pid:/home/alberto/ros2_ws/install/catkin:/home/alberto/uuv/install/uuv /usr/bin/cmake /home/alberto/Documents/sub_alberto/src/uuv_gazebo_plugins -DCMAKE_INSTALL_PREFIX=/home/alberto/Documents/sub_alberto/install/uuv_gazebo_plugins
[2.432s] DEBUG:colcon.colcon_core.event_handler.log_command:Invoked command in '/home/alberto/Documents/sub_alberto/build/uuv_gazebo_plugins' returned '0': CMAKE_PREFIX_PATH=/home/alberto/Documents/kia_gd_ws/install/ur_ros_rtde_tutorials:/home/alberto/Documents/kia_gd_ws/install/ur_ros_rtde:/home/alberto/Documents/kia_gd_ws/install/ur_ros_rtde_simple_clients:/home/alberto/Documents/kia_gd_ws/install/ur_ros_rtde_gripper_commands:/home/alberto/Documents/kia_gd_ws/install/ur_ros_rtde_msgs:/home/alberto/Documents/kia_gd_ws/install/ur:/home/alberto/Documents/kia_gd_ws/install/ur_calibration:/home/alberto/Documents/kia_gd_ws/install/ur_robot_driver:/home/alberto/Documents/kia_gd_ws/install/ur_moveit_config:/home/alberto/Documents/kia_gd_ws/install/ur_bringup:/home/alberto/Documents/kia_gd_ws/install/ur_controllers:/home/alberto/Documents/kia_gd_ws/install/ur_dashboard_msgs:/home/alberto/Documents/kia_gd_ws/install/simple_ur10e_moveit_config:/home/alberto/Documents/kia_gd_ws/install/simple_ur10e_description:/home/alberto/Documents/kia_gd_ws/install/kia_gd:/home/alberto/Documents/sub_alberto/install/uuv_visualization:/home/alberto/Documents/sub_alberto/install/uuv_vision:/home/alberto/Documents/sub_alberto/install/uuv_navigation:/home/alberto/Documents/sub_alberto/install/uuv_mission:/home/alberto/Documents/sub_alberto/install/uuv_master:/home/alberto/Documents/sub_alberto/install/uuv_control:/home/alberto/install/vectornav:/home/alberto/install/vectornav_msgs:/home/alberto/install/uuv_teleop:/home/alberto/install/uuv_description:/home/alberto/install/sub:/home/alberto/install/pid:/home/alberto/Documents/kia_gd_ws/install/ros_tcp_endpoint:/home/alberto/ros2_ws/install/docker_test:/opt/ros/humble:/home/alberto/install/catkin:/home/alberto/ros2_ws/install/sub:/home/alberto/ros2_ws/install/pid:/home/alberto/ros2_ws/install/catkin:/home/alberto/uuv/install/uuv /usr/bin/cmake /home/alberto/Documents/sub_alberto/src/uuv_gazebo_plugins -DCMAKE_INSTALL_PREFIX=/home/alberto/Documents/sub_alberto/install/uuv_gazebo_plugins
[2.434s] DEBUG:colcon.colcon_core.event_handler.log_command:Invoking command in '/home/alberto/Documents/sub_alberto/build/uuv_gazebo_plugins': CMAKE_PREFIX_PATH=/home/alberto/Documents/kia_gd_ws/install/ur_ros_rtde_tutorials:/home/alberto/Documents/kia_gd_ws/install/ur_ros_rtde:/home/alberto/Documents/kia_gd_ws/install/ur_ros_rtde_simple_clients:/home/alberto/Documents/kia_gd_ws/install/ur_ros_rtde_gripper_commands:/home/alberto/Documents/kia_gd_ws/install/ur_ros_rtde_msgs:/home/alberto/Documents/kia_gd_ws/install/ur:/home/alberto/Documents/kia_gd_ws/install/ur_calibration:/home/alberto/Documents/kia_gd_ws/install/ur_robot_driver:/home/alberto/Documents/kia_gd_ws/install/ur_moveit_config:/home/alberto/Documents/kia_gd_ws/install/ur_bringup:/home/alberto/Documents/kia_gd_ws/install/ur_controllers:/home/alberto/Documents/kia_gd_ws/install/ur_dashboard_msgs:/home/alberto/Documents/kia_gd_ws/install/simple_ur10e_moveit_config:/home/alberto/Documents/kia_gd_ws/install/simple_ur10e_description:/home/alberto/Documents/kia_gd_ws/install/kia_gd:/home/alberto/Documents/sub_alberto/install/uuv_visualization:/home/alberto/Documents/sub_alberto/install/uuv_vision:/home/alberto/Documents/sub_alberto/install/uuv_navigation:/home/alberto/Documents/sub_alberto/install/uuv_mission:/home/alberto/Documents/sub_alberto/install/uuv_master:/home/alberto/Documents/sub_alberto/install/uuv_control:/home/alberto/install/vectornav:/home/alberto/install/vectornav_msgs:/home/alberto/install/uuv_teleop:/home/alberto/install/uuv_description:/home/alberto/install/sub:/home/alberto/install/pid:/home/alberto/Documents/kia_gd_ws/install/ros_tcp_endpoint:/home/alberto/ros2_ws/install/docker_test:/opt/ros/humble:/home/alberto/install/catkin:/home/alberto/ros2_ws/install/sub:/home/alberto/ros2_ws/install/pid:/home/alberto/ros2_ws/install/catkin:/home/alberto/uuv/install/uuv /usr/bin/cmake --build /home/alberto/Documents/sub_alberto/build/uuv_gazebo_plugins -- -j8 -l8
[5.315s] DEBUG:colcon.colcon_core.event_handler.log_command:Invoked command in '/home/alberto/Documents/sub_alberto/build/uuv_gazebo_plugins' returned '2': CMAKE_PREFIX_PATH=/home/alberto/Documents/kia_gd_ws/install/ur_ros_rtde_tutorials:/home/alberto/Documents/kia_gd_ws/install/ur_ros_rtde:/home/alberto/Documents/kia_gd_ws/install/ur_ros_rtde_simple_clients:/home/alberto/Documents/kia_gd_ws/install/ur_ros_rtde_gripper_commands:/home/alberto/Documents/kia_gd_ws/install/ur_ros_rtde_msgs:/home/alberto/Documents/kia_gd_ws/install/ur:/home/alberto/Documents/kia_gd_ws/install/ur_calibration:/home/alberto/Documents/kia_gd_ws/install/ur_robot_driver:/home/alberto/Documents/kia_gd_ws/install/ur_moveit_config:/home/alberto/Documents/kia_gd_ws/install/ur_bringup:/home/alberto/Documents/kia_gd_ws/install/ur_controllers:/home/alberto/Documents/kia_gd_ws/install/ur_dashboard_msgs:/home/alberto/Documents/kia_gd_ws/install/simple_ur10e_moveit_config:/home/alberto/Documents/kia_gd_ws/install/simple_ur10e_description:/home/alberto/Documents/kia_gd_ws/install/kia_gd:/home/alberto/Documents/sub_alberto/install/uuv_visualization:/home/alberto/Documents/sub_alberto/install/uuv_vision:/home/alberto/Documents/sub_alberto/install/uuv_navigation:/home/alberto/Documents/sub_alberto/install/uuv_mission:/home/alberto/Documents/sub_alberto/install/uuv_master:/home/alberto/Documents/sub_alberto/install/uuv_control:/home/alberto/install/vectornav:/home/alberto/install/vectornav_msgs:/home/alberto/install/uuv_teleop:/home/alberto/install/uuv_description:/home/alberto/install/sub:/home/alberto/install/pid:/home/alberto/Documents/kia_gd_ws/install/ros_tcp_endpoint:/home/alberto/ros2_ws/install/docker_test:/opt/ros/humble:/home/alberto/install/catkin:/home/alberto/ros2_ws/install/sub:/home/alberto/ros2_ws/install/pid:/home/alberto/ros2_ws/install/catkin:/home/alberto/uuv/install/uuv /usr/bin/cmake --build /home/alberto/Documents/sub_alberto/build/uuv_gazebo_plugins -- -j8 -l8
[5.316s] Level 1:colcon.colcon_core.environment:create_environment_scripts_only(uuv_gazebo_plugins)
[5.317s] Level 1:colcon.colcon_core.environment:checking '/home/alberto/Documents/sub_alberto/install/uuv_gazebo_plugins' for CMake module files
[5.317s] Level 1:colcon.colcon_core.environment:checking '/home/alberto/Documents/sub_alberto/install/uuv_gazebo_plugins' for CMake config files
[5.318s] Level 1:colcon.colcon_core.environment:checking '/home/alberto/Documents/sub_alberto/install/uuv_gazebo_plugins/bin'
[5.318s] Level 1:colcon.colcon_core.environment:checking '/home/alberto/Documents/sub_alberto/install/uuv_gazebo_plugins/lib/pkgconfig/uuv_gazebo_plugins.pc'
[5.318s] Level 1:colcon.colcon_core.environment:checking '/home/alberto/Documents/sub_alberto/install/uuv_gazebo_plugins/lib/python3.10/site-packages'
[5.318s] Level 1:colcon.colcon_core.environment:checking '/home/alberto/Documents/sub_alberto/install/uuv_gazebo_plugins/bin'
[5.318s] INFO:colcon.colcon_core.shell:Creating package script '/home/alberto/Documents/sub_alberto/install/uuv_gazebo_plugins/share/uuv_gazebo_plugins/package.ps1'
[5.319s] INFO:colcon.colcon_core.shell:Creating package descriptor '/home/alberto/Documents/sub_alberto/install/uuv_gazebo_plugins/share/uuv_gazebo_plugins/package.dsv'
[5.319s] INFO:colcon.colcon_core.shell:Creating package script '/home/alberto/Documents/sub_alberto/install/uuv_gazebo_plugins/share/uuv_gazebo_plugins/package.sh'
[5.320s] INFO:colcon.colcon_core.shell:Creating package script '/home/alberto/Documents/sub_alberto/install/uuv_gazebo_plugins/share/uuv_gazebo_plugins/package.bash'
[5.320s] INFO:colcon.colcon_core.shell:Creating package script '/home/alberto/Documents/sub_alberto/install/uuv_gazebo_plugins/share/uuv_gazebo_plugins/package.zsh'
[5.321s] Level 1:colcon.colcon_core.environment:create_file_with_runtime_dependencies(/home/alberto/Documents/sub_alberto/install/uuv_gazebo_plugins/share/colcon-core/packages/uuv_gazebo_plugins)
[5.331s] DEBUG:colcon.colcon_parallel_executor.executor.parallel:closing loop
[5.331s] DEBUG:colcon.colcon_parallel_executor.executor.parallel:loop closed
[5.331s] DEBUG:colcon.colcon_parallel_executor.executor.parallel:run_until_complete finished with '2'
[5.331s] DEBUG:colcon.colcon_core.event_reactor:joining thread
[5.335s] INFO:colcon.colcon_core.plugin_system:Skipping extension 'colcon_notification.desktop_notification.terminal_notifier': Not used on non-Darwin systems
[5.335s] INFO:colcon.colcon_core.plugin_system:Skipping extension 'colcon_notification.desktop_notification.win32': Not used on non-Windows systems
[5.335s] INFO:colcon.colcon_notification.desktop_notification:Sending desktop notification using 'notify2'
[5.343s] DEBUG:colcon.colcon_core.event_reactor:joined thread
[5.344s] INFO:colcon.colcon_core.shell:Creating prefix script '/home/alberto/Documents/sub_alberto/install/local_setup.ps1'
[5.345s] INFO:colcon.colcon_core.shell:Creating prefix util module '/home/alberto/Documents/sub_alberto/install/_local_setup_util_ps1.py'
[5.346s] INFO:colcon.colcon_core.shell:Creating prefix chain script '/home/alberto/Documents/sub_alberto/install/setup.ps1'
[5.347s] INFO:colcon.colcon_core.shell:Creating prefix script '/home/alberto/Documents/sub_alberto/install/local_setup.sh'
[5.348s] INFO:colcon.colcon_core.shell:Creating prefix util module '/home/alberto/Documents/sub_alberto/install/_local_setup_util_sh.py'
[5.348s] INFO:colcon.colcon_core.shell:Creating prefix chain script '/home/alberto/Documents/sub_alberto/install/setup.sh'
[5.350s] INFO:colcon.colcon_core.shell:Creating prefix script '/home/alberto/Documents/sub_alberto/install/local_setup.bash'
[5.350s] INFO:colcon.colcon_core.shell:Creating prefix chain script '/home/alberto/Documents/sub_alberto/install/setup.bash'
[5.352s] INFO:colcon.colcon_core.shell:Creating prefix script '/home/alberto/Documents/sub_alberto/install/local_setup.zsh'
[5.352s] INFO:colcon.colcon_core.shell:Creating prefix chain script '/home/alberto/Documents/sub_alberto/install/setup.zsh'
