[0.010s] Invoking command in '/home/alberto/Documents/sub_alberto/build/uuv_gazebo_plugins': CMAKE_PREFIX_PATH=/home/alberto/Documents/kia_gd_ws/install/ur_ros_rtde_tutorials:/home/alberto/Documents/kia_gd_ws/install/ur_ros_rtde:/home/alberto/Documents/kia_gd_ws/install/ur_ros_rtde_simple_clients:/home/alberto/Documents/kia_gd_ws/install/ur_ros_rtde_gripper_commands:/home/alberto/Documents/kia_gd_ws/install/ur_ros_rtde_msgs:/home/alberto/Documents/kia_gd_ws/install/ur:/home/alberto/Documents/kia_gd_ws/install/ur_calibration:/home/alberto/Documents/kia_gd_ws/install/ur_robot_driver:/home/alberto/Documents/kia_gd_ws/install/ur_moveit_config:/home/alberto/Documents/kia_gd_ws/install/ur_bringup:/home/alberto/Documents/kia_gd_ws/install/ur_controllers:/home/alberto/Documents/kia_gd_ws/install/ur_dashboard_msgs:/home/alberto/Documents/kia_gd_ws/install/simple_ur10e_moveit_config:/home/alberto/Documents/kia_gd_ws/install/simple_ur10e_description:/home/alberto/Documents/kia_gd_ws/install/kia_gd:/home/alberto/Documents/sub_alberto/install/uuv_visualization:/home/alberto/Documents/sub_alberto/install/uuv_vision:/home/alberto/Documents/sub_alberto/install/uuv_navigation:/home/alberto/Documents/sub_alberto/install/uuv_mission:/home/alberto/Documents/sub_alberto/install/uuv_master:/home/alberto/Documents/sub_alberto/install/uuv_control:/home/alberto/install/vectornav:/home/alberto/install/vectornav_msgs:/home/alberto/install/uuv_teleop:/home/alberto/install/uuv_description:/home/alberto/install/sub:/home/alberto/install/pid:/home/alberto/Documents/kia_gd_ws/install/ros_tcp_endpoint:/home/alberto/ros2_ws/install/docker_test:/opt/ros/humble:/home/alberto/install/catkin:/home/alberto/ros2_ws/install/sub:/home/alberto/ros2_ws/install/pid:/home/alberto/ros2_ws/install/catkin:/home/alberto/uuv/install/uuv /usr/bin/cmake --build /home/alberto/Documents/sub_alberto/build/uuv_gazebo_plugins -- -j8 -l8
[0.030s] -- Found ament_cmake: 1.3.12 (/opt/ros/humble/share/ament_cmake/cmake)
[0.127s] -- Found rclcpp: 16.0.16 (/opt/ros/humble/share/rclcpp/cmake)
[0.147s] -- Found rosidl_generator_c: 3.1.7 (/opt/ros/humble/share/rosidl_generator_c/cmake)
[0.149s] -- Found rosidl_adapter: 3.1.7 (/opt/ros/humble/share/rosidl_adapter/cmake)
[0.152s] -- Found rosidl_generator_cpp: 3.1.7 (/opt/ros/humble/share/rosidl_generator_cpp/cmake)
[0.160s] -- Using all available rosidl_typesupport_c: rosidl_typesupport_fastrtps_c;rosidl_typesupport_introspection_c
[0.172s] -- Using all available rosidl_typesupport_cpp: rosidl_typesupport_fastrtps_cpp;rosidl_typesupport_introspection_cpp
[0.200s] -- Found rmw_implementation_cmake: 6.1.2 (/opt/ros/humble/share/rmw_implementation_cmake/cmake)
[0.202s] -- Found rmw_fastrtps_cpp: 6.2.9 (/opt/ros/humble/share/rmw_fastrtps_cpp/cmake)
[0.283s] -- Using RMW implementation 'rmw_fastrtps_cpp' as default
[0.315s] -- Found geometry_msgs: 4.9.0 (/opt/ros/humble/share/geometry_msgs/cmake)
[0.323s] -- Looking for ignition-gazebo6 -- found version 6.17.0
[0.326s] -- Searching for dependencies of ignition-gazebo6
[0.326s] -- Looking for sdformat12 -- found version 12.8.0
[0.326s] -- Searching for dependencies of sdformat12
[0.330s] -- Checking for module 'tinyxml2'
[0.342s] --   Found tinyxml2, version 9.0.0
[0.366s] -- Looking for ignition-math6 -- found version 6.15.1
[0.367s] -- Searching for dependencies of ignition-math6
[0.367s] -- Looking for ignition-utils1 -- found version 1.5.1
[0.367s] -- Searching for dependencies of ignition-utils1
[0.369s] -- Looking for ignition-plugin1 -- found version 1.4.0
[0.369s] -- Searching for dependencies of ignition-plugin1
[0.369s] -- Searching for <ignition-plugin1> component [loader]
[0.370s] -- Looking for ignition-plugin1-loader -- found version 1.4.0
[0.370s] -- Searching for dependencies of ignition-plugin1-loader
[0.370s] -- Searching for <ignition-plugin1> component [register]
[0.370s] -- Looking for ignition-plugin1-register -- found version 1.4.0
[0.371s] -- Searching for dependencies of ignition-plugin1-register
[0.371s] -- Looking for ignition-transport11 -- found version 11.4.1
[0.372s] -- Searching for dependencies of ignition-transport11
[0.397s] -- Config-file not installed for ZeroMQ -- checking for pkg-config
[0.401s] -- Checking for module 'libzmq >= 4'
[0.412s] --   Found libzmq , version 4.3.4
[0.445s] -- Checking for module 'uuid'
[0.459s] --   Found uuid, version 2.37.2
[0.485s] -- Looking for ignition-utils1 -- found version 1.5.1
[0.486s] -- Searching for dependencies of ignition-utils1
[0.486s] -- Searching for <ignition-utils1> component [cli]
[0.486s] -- Looking for ignition-utils1-cli -- found version 1.5.1
[0.486s] -- Searching for dependencies of ignition-utils1-cli
[0.487s] -- Looking for ignition-msgs8 -- found version 8.7.0
[0.487s] -- Searching for dependencies of ignition-msgs8
[0.502s] -- Found Protobuf: /usr/lib/x86_64-linux-gnu/libprotobuf.so (found suitable version "3.12.4", minimum required is "3") 
[0.503s] -- Looking for ignition-math6 -- found version 6.15.1
[0.509s] -- Searching for <ignition-transport11> component [log]
[0.509s] -- Looking for ignition-transport11-log -- found version 11.4.1
[0.509s] -- Searching for dependencies of ignition-transport11-log
[0.510s] -- Searching for <ignition-transport11> component [parameters]
[0.510s] -- Looking for ignition-transport11-parameters -- found version 11.4.1
[0.510s] -- Searching for dependencies of ignition-transport11-parameters
[0.511s] -- Looking for ignition-msgs8 -- found version 8.7.0
[0.511s] -- Looking for ignition-common4 -- found version 4.7.0
[0.512s] -- Searching for dependencies of ignition-common4
[0.512s] -- Looking for dlfcn.h - found
[0.512s] -- Looking for libdl - found
[0.520s] -- Searching for <ignition-common4> component [profiler]
[0.520s] -- Looking for ignition-common4-profiler -- found version 4.7.0
[0.520s] -- Searching for dependencies of ignition-common4-profiler
[0.521s] -- Searching for <ignition-common4> component [events]
[0.521s] -- Looking for ignition-common4-events -- found version 4.7.0
[0.522s] -- Searching for dependencies of ignition-common4-events
[0.522s] -- Looking for ignition-math6 -- found version 6.15.1
[0.522s] -- Searching for <ignition-common4> component [av]
[0.523s] -- Looking for ignition-common4-av -- found version 4.7.0
[0.523s] -- Searching for dependencies of ignition-common4-av
[0.527s] -- Checking for module 'libswscale'
[0.538s] --   Found libswscale, version 5.9.100
[0.571s] -- Checking for module 'libavdevice >= 56.4.100'
[0.585s] --   Found libavdevice , version 58.13.100
[0.633s] -- Checking for module 'libavformat'
[0.655s] --   Found libavformat, version 58.76.100
[0.715s] -- Checking for module 'libavcodec'
[0.739s] --   Found libavcodec, version 58.134.100
[0.790s] -- Checking for module 'libavutil'
[0.812s] --   Found libavutil, version 56.70.100
[0.860s] -- Looking for ignition-fuel_tools7 -- found version 7.3.1
[0.861s] -- Searching for dependencies of ignition-fuel_tools7
[0.900s] -- Checking for module 'jsoncpp'
[0.912s] --   Found jsoncpp, version 1.9.5
[0.940s] -- Checking for module 'libzip'
[0.952s] --   Found libzip, version 1.7.3
[0.985s] -- Looking for ignition-common4 -- found version 4.7.0
[0.985s] -- Looking for ignition-math6 -- found version 6.15.1
[0.986s] -- Looking for ignition-msgs8 -- found version 8.7.0
[0.987s] -- Looking for ignition-gui6 -- found version 6.8.0
[0.988s] -- Searching for dependencies of ignition-gui6
[1.010s] -- Looking for ignition-math6 -- found version 6.15.1
[1.010s] -- Looking for ignition-common4 -- found version 4.7.0
[1.011s] -- Looking for ignition-plugin1 -- found version 1.4.0
[1.011s] -- Looking for ignition-transport11 -- found version 11.4.1
[1.011s] -- Looking for ignition-rendering6 -- found version 6.6.3
[1.011s] -- Searching for dependencies of ignition-rendering6
[1.012s] -- Looking for ignition-math6 -- found version 6.15.1
[1.012s] -- Searching for dependencies of ignition-math6
[1.012s] -- Searching for <ignition-math6> component [eigen3]
[1.012s] -- Looking for ignition-math6-eigen3 -- found version 6.15.1
[1.013s] -- Searching for dependencies of ignition-math6-eigen3
[1.014s] -- Looking for ignition-common4 -- found version 4.7.0
[1.014s] -- Searching for dependencies of ignition-common4
[1.014s] -- Looking for dlfcn.h - found
[1.014s] -- Looking for libdl - found
[1.021s] -- Searching for <ignition-common4> component [graphics]
[1.022s] -- Looking for ignition-common4-graphics -- found version 4.7.0
[1.022s] -- Searching for dependencies of ignition-common4-graphics
[1.022s] -- Looking for ignition-math6 -- found version 6.15.1
[1.022s] -- Looking for ignition-utils1 -- found version 1.5.1
[1.023s] -- Searching for <ignition-common4> component [events]
[1.023s] -- Looking for ignition-plugin1 -- found version 1.4.0
[1.024s] -- Searching for dependencies of ignition-plugin1
[1.024s] -- Searching for <ignition-plugin1> component [all]
[1.024s] -- Looking for all libraries of ignition-plugin1 -- found version 1.4.0
[1.024s] -- Looking for ignition-plugin1 -- found version 1.4.0
[1.026s] -- Looking for ignition-msgs8 -- found version 8.7.0
[1.036s] -- Looking for ignition-physics5 -- found version 5.3.2
[1.036s] -- Searching for dependencies of ignition-physics5
[1.036s] -- Looking for ignition-math6 -- found version 6.15.1
[1.036s] -- Looking for ignition-plugin1 -- found version 1.4.0
[1.037s] -- Looking for ignition-utils1 -- found version 1.5.1
[1.038s] -- Searching for <ignition-physics5> component [heightmap]
[1.038s] -- Looking for ignition-physics5-heightmap -- found version 5.3.2
[1.038s] -- Searching for dependencies of ignition-physics5-heightmap
[1.038s] -- Looking for ignition-common4 -- found version 4.7.0
[1.039s] -- Searching for <ignition-physics5> component [mesh]
[1.039s] -- Looking for ignition-physics5-mesh -- found version 5.3.2
[1.040s] -- Searching for dependencies of ignition-physics5-mesh
[1.040s] -- Looking for ignition-common4 -- found version 4.7.0
[1.041s] -- Searching for <ignition-physics5> component [sdf]
[1.041s] -- Looking for ignition-physics5-sdf -- found version 5.3.2
[1.041s] -- Searching for dependencies of ignition-physics5-sdf
[1.042s] -- Looking for sdformat12 -- found version 12.8.0
[1.043s] -- Looking for ignition-sensors6 -- found version 6.8.1
[1.043s] -- Searching for dependencies of ignition-sensors6
[1.058s] -- Found Protobuf: /usr/lib/x86_64-linux-gnu/libprotobuf.so (found version "3.12.4") 
[1.058s] -- Looking for ignition-math6 -- found version 6.15.1
[1.059s] -- Looking for ignition-common4 -- found version 4.7.0
[1.059s] -- Looking for ignition-transport11 -- found version 11.4.1
[1.059s] -- Looking for ignition-rendering6 -- found version 6.6.3
[1.060s] -- Looking for ignition-msgs8 -- found version 8.7.0
[1.060s] -- Looking for sdformat12 -- found version 12.8.0
[1.061s] -- Searching for <ignition-sensors6> component [air_pressure]
[1.061s] -- Looking for ignition-sensors6-air_pressure -- found version 6.8.1
[1.062s] -- Searching for dependencies of ignition-sensors6-air_pressure
[1.062s] -- Searching for <ignition-sensors6> component [altimeter]
[1.062s] -- Looking for ignition-sensors6-altimeter -- found version 6.8.1
[1.063s] -- Searching for dependencies of ignition-sensors6-altimeter
[1.063s] -- Searching for <ignition-sensors6> component [imu]
[1.064s] -- Looking for ignition-sensors6-imu -- found version 6.8.1
[1.064s] -- Searching for dependencies of ignition-sensors6-imu
[1.064s] -- Searching for <ignition-sensors6> component [force_torque]
[1.065s] -- Looking for ignition-sensors6-force_torque -- found version 6.8.1
[1.065s] -- Searching for dependencies of ignition-sensors6-force_torque
[1.066s] -- Searching for <ignition-sensors6> component [logical_camera]
[1.066s] -- Looking for ignition-sensors6-logical_camera -- found version 6.8.1
[1.067s] -- Searching for dependencies of ignition-sensors6-logical_camera
[1.067s] -- Searching for <ignition-sensors6> component [magnetometer]
[1.067s] -- Looking for ignition-sensors6-magnetometer -- found version 6.8.1
[1.068s] -- Searching for dependencies of ignition-sensors6-magnetometer
[1.068s] -- Searching for <ignition-sensors6> component [navsat]
[1.068s] -- Looking for ignition-sensors6-navsat -- found version 6.8.1
[1.069s] -- Searching for dependencies of ignition-sensors6-navsat
[1.070s] -- Searching for <ignition-sensors6> component [rendering]
[1.070s] -- Looking for ignition-sensors6-rendering -- found version 6.8.1
[1.070s] -- Searching for dependencies of ignition-sensors6-rendering
[1.071s] -- Searching for <ignition-sensors6> component [lidar]
[1.071s] -- Looking for ignition-sensors6-lidar -- found version 6.8.1
[1.072s] -- Searching for dependencies of ignition-sensors6-lidar
[1.072s] -- Looking for ignition-sensors6 -- found version 6.8.1
[1.072s] -- Searching for <ignition-sensors6> component [gpu_lidar]
[1.073s] -- Looking for ignition-sensors6-gpu_lidar -- found version 6.8.1
[1.073s] -- Searching for dependencies of ignition-sensors6-gpu_lidar
[1.073s] -- Looking for ignition-sensors6 -- found version 6.8.1
[1.074s] -- Searching for <ignition-sensors6> component [camera]
[1.075s] -- Looking for ignition-sensors6-camera -- found version 6.8.1
[1.075s] -- Searching for dependencies of ignition-sensors6-camera
[1.075s] -- Looking for ignition-sensors6 -- found version 6.8.1
[1.076s] -- Searching for <ignition-sensors6> component [boundingbox_camera]
[1.076s] -- Looking for ignition-sensors6-boundingbox_camera -- found version 6.8.1
[1.077s] -- Searching for dependencies of ignition-sensors6-boundingbox_camera
[1.077s] -- Searching for <ignition-sensors6> component [segmentation_camera]
[1.077s] -- Looking for ignition-sensors6-segmentation_camera -- found version 6.8.1
[1.078s] -- Searching for dependencies of ignition-sensors6-segmentation_camera
[1.078s] -- Searching for <ignition-sensors6> component [depth_camera]
[1.079s] -- Looking for ignition-sensors6-depth_camera -- found version 6.8.1
[1.079s] -- Searching for dependencies of ignition-sensors6-depth_camera
[1.080s] -- Looking for ignition-sensors6 -- found version 6.8.1
[1.080s] -- Searching for <ignition-sensors6> component [rgbd_camera]
[1.080s] -- Looking for ignition-sensors6-rgbd_camera -- found version 6.8.1
[1.081s] -- Searching for dependencies of ignition-sensors6-rgbd_camera
[1.081s] -- Looking for ignition-sensors6 -- found version 6.8.1
[1.082s] -- Searching for <ignition-sensors6> component [thermal_camera]
[1.082s] -- Looking for ignition-sensors6-thermal_camera -- found version 6.8.1
[1.083s] -- Searching for dependencies of ignition-sensors6-thermal_camera
[1.083s] -- Looking for ignition-sensors6 -- found version 6.8.1
[1.084s] -- Looking for ignition-rendering6 -- found version 6.6.3
[1.084s] -- Looking for ignition-math6 -- found version 6.15.1
[1.085s] -- Looking for ignition-utils1 -- found version 1.5.1
[1.101s] -- Looking for ignition-plugin1 -- found version 1.4.0
[1.101s] -- Looking for ignition-transport11 -- found version 11.4.1
[1.171s] -- Configuring done
[1.183s] -- Generating done
[1.188s] -- Build files have been written to: /home/alberto/Documents/sub_alberto/build/uuv_gazebo_plugins
[1.217s] [ 66%] [32mBuilding CXX object CMakeFiles/SubmarineDynamics.dir/src/uuv_dynamic_model.cpp.o[0m
[1.218s] [ 66%] [32mBuilding CXX object CMakeFiles/SubmarineDynamics.dir/src/SubmarineDynamics.cpp.o[0m
[1.425s] [01m[K/home/alberto/Documents/sub_alberto/src/uuv_gazebo_plugins/src/SubmarineDynamics.cpp:3:10:[m[K [01;31m[Kfatal error: [m[Kignition/gazebo/components/Pose.hpp: No such file or directory
[1.425s]     3 | #include [01;31m[K<ignition/gazebo/components/Pose.hpp>[m[K
[1.425s]       |          [01;31m[K^~~~~~~~~~~~~~~~~~~~~~~~~~~~~~~~~~~~~[m[K
[1.425s] compilation terminated.
[1.427s] gmake[2]: *** [CMakeFiles/SubmarineDynamics.dir/build.make:76: CMakeFiles/SubmarineDynamics.dir/src/SubmarineDynamics.cpp.o] Error 1
[1.427s] gmake[2]: *** Waiting for unfinished jobs....
[3.770s] gmake[1]: *** [CMakeFiles/Makefile2:137: CMakeFiles/SubmarineDynamics.dir/all] Error 2
[3.771s] gmake: *** [Makefile:146: all] Error 2
[3.772s] Invoked command in '/home/alberto/Documents/sub_alberto/build/uuv_gazebo_plugins' returned '2': CMAKE_PREFIX_PATH=/home/alberto/Documents/kia_gd_ws/install/ur_ros_rtde_tutorials:/home/alberto/Documents/kia_gd_ws/install/ur_ros_rtde:/home/alberto/Documents/kia_gd_ws/install/ur_ros_rtde_simple_clients:/home/alberto/Documents/kia_gd_ws/install/ur_ros_rtde_gripper_commands:/home/alberto/Documents/kia_gd_ws/install/ur_ros_rtde_msgs:/home/alberto/Documents/kia_gd_ws/install/ur:/home/alberto/Documents/kia_gd_ws/install/ur_calibration:/home/alberto/Documents/kia_gd_ws/install/ur_robot_driver:/home/alberto/Documents/kia_gd_ws/install/ur_moveit_config:/home/alberto/Documents/kia_gd_ws/install/ur_bringup:/home/alberto/Documents/kia_gd_ws/install/ur_controllers:/home/alberto/Documents/kia_gd_ws/install/ur_dashboard_msgs:/home/alberto/Documents/kia_gd_ws/install/simple_ur10e_moveit_config:/home/alberto/Documents/kia_gd_ws/install/simple_ur10e_description:/home/alberto/Documents/kia_gd_ws/install/kia_gd:/home/alberto/Documents/sub_alberto/install/uuv_visualization:/home/alberto/Documents/sub_alberto/install/uuv_vision:/home/alberto/Documents/sub_alberto/install/uuv_navigation:/home/alberto/Documents/sub_alberto/install/uuv_mission:/home/alberto/Documents/sub_alberto/install/uuv_master:/home/alberto/Documents/sub_alberto/install/uuv_control:/home/alberto/install/vectornav:/home/alberto/install/vectornav_msgs:/home/alberto/install/uuv_teleop:/home/alberto/install/uuv_description:/home/alberto/install/sub:/home/alberto/install/pid:/home/alberto/Documents/kia_gd_ws/install/ros_tcp_endpoint:/home/alberto/ros2_ws/install/docker_test:/opt/ros/humble:/home/alberto/install/catkin:/home/alberto/ros2_ws/install/sub:/home/alberto/ros2_ws/install/pid:/home/alberto/ros2_ws/install/catkin:/home/alberto/uuv/install/uuv /usr/bin/cmake --build /home/alberto/Documents/sub_alberto/build/uuv_gazebo_plugins -- -j8 -l8
