[0.345s] Invoking command in '/home/alberto/Documents/sub_alberto/build/uuv_visualization': CMAKE_PREFIX_PATH=/home/alberto/Documents/kia_gd_ws/install/ur_ros_rtde_tutorials:/home/alberto/Documents/kia_gd_ws/install/ur_ros_rtde:/home/alberto/Documents/kia_gd_ws/install/ur_ros_rtde_simple_clients:/home/alberto/Documents/kia_gd_ws/install/ur_ros_rtde_gripper_commands:/home/alberto/Documents/kia_gd_ws/install/ur_ros_rtde_msgs:/home/alberto/Documents/kia_gd_ws/install/ur:/home/alberto/Documents/kia_gd_ws/install/ur_calibration:/home/alberto/Documents/kia_gd_ws/install/ur_robot_driver:/home/alberto/Documents/kia_gd_ws/install/ur_moveit_config:/home/alberto/Documents/kia_gd_ws/install/ur_bringup:/home/alberto/Documents/kia_gd_ws/install/ur_controllers:/home/alberto/Documents/kia_gd_ws/install/ur_dashboard_msgs:/home/alberto/Documents/kia_gd_ws/install/simple_ur10e_moveit_config:/home/alberto/Documents/kia_gd_ws/install/simple_ur10e_description:/home/alberto/Documents/kia_gd_ws/install/kia_gd:/home/alberto/Documents/sub_alberto/install/uuv_visualization:/home/alberto/Documents/sub_alberto/install/uuv_vision:/home/alberto/Documents/sub_alberto/install/uuv_navigation:/home/alberto/Documents/sub_alberto/install/uuv_mission:/home/alberto/Documents/sub_alberto/install/uuv_master:/home/alberto/Documents/sub_alberto/install/uuv_gazebo_plugins:/home/alberto/Documents/sub_alberto/install/uuv_description:/home/alberto/Documents/sub_alberto/install/uuv_control:/home/alberto/install/vectornav:/home/alberto/install/vectornav_msgs:/home/alberto/install/uuv_teleop:/home/alberto/install/uuv_description:/home/alberto/install/sub:/home/alberto/install/pid:/home/alberto/Documents/kia_gd_ws/install/ros_tcp_endpoint:/home/alberto/ros2_ws/install/docker_test:/opt/ros/humble:/home/alberto/install/catkin:/home/alberto/ros2_ws/install/sub:/home/alberto/ros2_ws/install/pid:/home/alberto/ros2_ws/install/catkin:/home/alberto/uuv/install/uuv /usr/bin/cmake --build /home/alberto/Documents/sub_alberto/build/uuv_visualization -- -j8 -l8
[1.193s] Invoked command in '/home/alberto/Documents/sub_alberto/build/uuv_visualization' returned '0': CMAKE_PREFIX_PATH=/home/alberto/Documents/kia_gd_ws/install/ur_ros_rtde_tutorials:/home/alberto/Documents/kia_gd_ws/install/ur_ros_rtde:/home/alberto/Documents/kia_gd_ws/install/ur_ros_rtde_simple_clients:/home/alberto/Documents/kia_gd_ws/install/ur_ros_rtde_gripper_commands:/home/alberto/Documents/kia_gd_ws/install/ur_ros_rtde_msgs:/home/alberto/Documents/kia_gd_ws/install/ur:/home/alberto/Documents/kia_gd_ws/install/ur_calibration:/home/alberto/Documents/kia_gd_ws/install/ur_robot_driver:/home/alberto/Documents/kia_gd_ws/install/ur_moveit_config:/home/alberto/Documents/kia_gd_ws/install/ur_bringup:/home/alberto/Documents/kia_gd_ws/install/ur_controllers:/home/alberto/Documents/kia_gd_ws/install/ur_dashboard_msgs:/home/alberto/Documents/kia_gd_ws/install/simple_ur10e_moveit_config:/home/alberto/Documents/kia_gd_ws/install/simple_ur10e_description:/home/alberto/Documents/kia_gd_ws/install/kia_gd:/home/alberto/Documents/sub_alberto/install/uuv_visualization:/home/alberto/Documents/sub_alberto/install/uuv_vision:/home/alberto/Documents/sub_alberto/install/uuv_navigation:/home/alberto/Documents/sub_alberto/install/uuv_mission:/home/alberto/Documents/sub_alberto/install/uuv_master:/home/alberto/Documents/sub_alberto/install/uuv_gazebo_plugins:/home/alberto/Documents/sub_alberto/install/uuv_description:/home/alberto/Documents/sub_alberto/install/uuv_control:/home/alberto/install/vectornav:/home/alberto/install/vectornav_msgs:/home/alberto/install/uuv_teleop:/home/alberto/install/uuv_description:/home/alberto/install/sub:/home/alberto/install/pid:/home/alberto/Documents/kia_gd_ws/install/ros_tcp_endpoint:/home/alberto/ros2_ws/install/docker_test:/opt/ros/humble:/home/alberto/install/catkin:/home/alberto/ros2_ws/install/sub:/home/alberto/ros2_ws/install/pid:/home/alberto/ros2_ws/install/catkin:/home/alberto/uuv/install/uuv /usr/bin/cmake --build /home/alberto/Documents/sub_alberto/build/uuv_visualization -- -j8 -l8
[1.202s] Invoking command in '/home/alberto/Documents/sub_alberto/build/uuv_visualization': CMAKE_PREFIX_PATH=/home/alberto/Documents/kia_gd_ws/install/ur_ros_rtde_tutorials:/home/alberto/Documents/kia_gd_ws/install/ur_ros_rtde:/home/alberto/Documents/kia_gd_ws/install/ur_ros_rtde_simple_clients:/home/alberto/Documents/kia_gd_ws/install/ur_ros_rtde_gripper_commands:/home/alberto/Documents/kia_gd_ws/install/ur_ros_rtde_msgs:/home/alberto/Documents/kia_gd_ws/install/ur:/home/alberto/Documents/kia_gd_ws/install/ur_calibration:/home/alberto/Documents/kia_gd_ws/install/ur_robot_driver:/home/alberto/Documents/kia_gd_ws/install/ur_moveit_config:/home/alberto/Documents/kia_gd_ws/install/ur_bringup:/home/alberto/Documents/kia_gd_ws/install/ur_controllers:/home/alberto/Documents/kia_gd_ws/install/ur_dashboard_msgs:/home/alberto/Documents/kia_gd_ws/install/simple_ur10e_moveit_config:/home/alberto/Documents/kia_gd_ws/install/simple_ur10e_description:/home/alberto/Documents/kia_gd_ws/install/kia_gd:/home/alberto/Documents/sub_alberto/install/uuv_visualization:/home/alberto/Documents/sub_alberto/install/uuv_vision:/home/alberto/Documents/sub_alberto/install/uuv_navigation:/home/alberto/Documents/sub_alberto/install/uuv_mission:/home/alberto/Documents/sub_alberto/install/uuv_master:/home/alberto/Documents/sub_alberto/install/uuv_gazebo_plugins:/home/alberto/Documents/sub_alberto/install/uuv_description:/home/alberto/Documents/sub_alberto/install/uuv_control:/home/alberto/install/vectornav:/home/alberto/install/vectornav_msgs:/home/alberto/install/uuv_teleop:/home/alberto/install/uuv_description:/home/alberto/install/sub:/home/alberto/install/pid:/home/alberto/Documents/kia_gd_ws/install/ros_tcp_endpoint:/home/alberto/ros2_ws/install/docker_test:/opt/ros/humble:/home/alberto/install/catkin:/home/alberto/ros2_ws/install/sub:/home/alberto/ros2_ws/install/pid:/home/alberto/ros2_ws/install/catkin:/home/alberto/uuv/install/uuv /usr/bin/cmake --install /home/alberto/Documents/sub_alberto/build/uuv_visualization
[1.460s] -- Install configuration: ""
[1.462s] -- Up-to-date: /home/alberto/Documents/sub_alberto/install/uuv_visualization/share/uuv_visualization/launch
[1.463s] -- Up-to-date: /home/alberto/Documents/sub_alberto/install/uuv_visualization/share/uuv_visualization/launch/test_pid.py
[1.463s] -- Up-to-date: /home/alberto/Documents/sub_alberto/install/uuv_visualization/share/uuv_visualization/launch/launch.py
[1.464s] -- Up-to-date: /home/alberto/Documents/sub_alberto/install/uuv_visualization/share/uuv_visualization/launch/gazebo_launch.py
[1.466s] -- Up-to-date: /home/alberto/Documents/sub_alberto/install/uuv_visualization/share/uuv_visualization/meshes
[1.468s] -- Up-to-date: /home/alberto/Documents/sub_alberto/install/uuv_visualization/share/uuv_visualization/meshes/UUV_binary.stl
[1.476s] -- Up-to-date: /home/alberto/Documents/sub_alberto/install/uuv_visualization/share/uuv_visualization/meshes/mesa.stl
[1.478s] -- Up-to-date: /home/alberto/Documents/sub_alberto/install/uuv_visualization/share/uuv_visualization/meshes/slalom.stl
[1.479s] -- Up-to-date: /home/alberto/Documents/sub_alberto/install/uuv_visualization/share/uuv_visualization/meshes/path.stl
[1.480s] -- Up-to-date: /home/alberto/Documents/sub_alberto/install/uuv_visualization/share/uuv_visualization/meshes/octagon.stl
[1.481s] -- Up-to-date: /home/alberto/Documents/sub_alberto/install/uuv_visualization/share/uuv_visualization/meshes/tagging.stl
[1.481s] -- Up-to-date: /home/alberto/Documents/sub_alberto/install/uuv_visualization/share/uuv_visualization/rviz
[1.482s] -- Up-to-date: /home/alberto/Documents/sub_alberto/install/uuv_visualization/share/uuv_visualization/rviz/visualization_1.rviz
[1.483s] -- Up-to-date: /home/alberto/Documents/sub_alberto/install/uuv_visualization/share/uuv_visualization/rviz/gazebo_visualization.rviz
[1.484s] -- Up-to-date: /home/alberto/Documents/sub_alberto/install/uuv_visualization/share/uuv_visualization/urdf
[1.484s] -- Up-to-date: /home/alberto/Documents/sub_alberto/install/uuv_visualization/share/uuv_visualization/urdf/path.urdf
[1.485s] -- Up-to-date: /home/alberto/Documents/sub_alberto/install/uuv_visualization/share/uuv_visualization/urdf/octagon.urdf
[1.487s] -- Up-to-date: /home/alberto/Documents/sub_alberto/install/uuv_visualization/share/uuv_visualization/urdf/tagging.urdf
[1.490s] -- Up-to-date: /home/alberto/Documents/sub_alberto/install/uuv_visualization/share/uuv_visualization/urdf/mesa.urdf
[1.490s] -- Up-to-date: /home/alberto/Documents/sub_alberto/install/uuv_visualization/share/uuv_visualization/urdf/slalom.urdf
[1.491s] -- Up-to-date: /home/alberto/Documents/sub_alberto/install/uuv_visualization/share/uuv_visualization/urdf/sub.urdf
[1.492s] -- Up-to-date: /home/alberto/Documents/sub_alberto/install/uuv_visualization/share/uuv_visualization/urdf/sub_cam.urdf
[1.492s] -- Up-to-date: /home/alberto/Documents/sub_alberto/install/uuv_visualization/share/uuv_visualization/scripts
[1.493s] -- Up-to-date: /home/alberto/Documents/sub_alberto/install/uuv_visualization/share/uuv_visualization/scripts/object_visualizer.py
[1.494s] -- Up-to-date: /home/alberto/Documents/sub_alberto/install/uuv_visualization/share/uuv_visualization/scripts/trayectory_visualizer.py
[1.495s] -- Up-to-date: /home/alberto/Documents/sub_alberto/install/uuv_visualization/share/uuv_visualization/scripts/index.html
[1.510s] -- Up-to-date: /home/alberto/Documents/sub_alberto/install/uuv_visualization/share/uuv_visualization/scripts/dashboard.py
[1.518s] -- Up-to-date: /home/alberto/Documents/sub_alberto/install/uuv_visualization/share/uuv_visualization/scripts/uuv_tracker.py
[1.520s] -- Up-to-date: /home/alberto/Documents/sub_alberto/install/uuv_visualization/share/uuv_visualization/data
[1.524s] -- Up-to-date: /home/alberto/Documents/sub_alberto/install/uuv_visualization/share/uuv_visualization/data/obstacles.db
[1.527s] -- Up-to-date: /home/alberto/Documents/sub_alberto/install/uuv_visualization/share/uuv_visualization/config
[1.542s] -- Up-to-date: /home/alberto/Documents/sub_alberto/install/uuv_visualization/share/uuv_visualization/config/object_visualizer_params.yaml
[1.545s] -- Up-to-date: /home/alberto/Documents/sub_alberto/install/uuv_visualization/share/uuv_visualization/worlds
[1.545s] -- Up-to-date: /home/alberto/Documents/sub_alberto/install/uuv_visualization/share/uuv_visualization/worlds/mundo_submarino.sdf
[1.549s] -- Up-to-date: /home/alberto/Documents/sub_alberto/install/uuv_visualization/lib/uuv_visualization/object_visualizer
[1.555s] -- Up-to-date: /home/alberto/Documents/sub_alberto/install/uuv_visualization/lib/uuv_visualization/trayectory_visualizer
[1.560s] -- Up-to-date: /home/alberto/Documents/sub_alberto/install/uuv_visualization/lib/uuv_visualization/uuv_tracker
[1.561s] -- Up-to-date: /home/alberto/Documents/sub_alberto/install/uuv_visualization/lib/uuv_visualization/dashboard
[1.562s] -- Up-to-date: /home/alberto/Documents/sub_alberto/install/uuv_visualization/lib/uuv_visualization/index.html
[1.563s] -- Up-to-date: /home/alberto/Documents/sub_alberto/install/uuv_visualization/share/ament_index/resource_index/package_run_dependencies/uuv_visualization
[1.564s] -- Up-to-date: /home/alberto/Documents/sub_alberto/install/uuv_visualization/share/ament_index/resource_index/parent_prefix_path/uuv_visualization
[1.564s] -- Up-to-date: /home/alberto/Documents/sub_alberto/install/uuv_visualization/share/uuv_visualization/environment/ament_prefix_path.sh
[1.565s] -- Up-to-date: /home/alberto/Documents/sub_alberto/install/uuv_visualization/share/uuv_visualization/environment/ament_prefix_path.dsv
[1.566s] -- Up-to-date: /home/alberto/Documents/sub_alberto/install/uuv_visualization/share/uuv_visualization/environment/path.sh
[1.567s] -- Up-to-date: /home/alberto/Documents/sub_alberto/install/uuv_visualization/share/uuv_visualization/environment/path.dsv
[1.567s] -- Up-to-date: /home/alberto/Documents/sub_alberto/install/uuv_visualization/share/uuv_visualization/local_setup.bash
[1.568s] -- Up-to-date: /home/alberto/Documents/sub_alberto/install/uuv_visualization/share/uuv_visualization/local_setup.sh
[1.569s] -- Up-to-date: /home/alberto/Documents/sub_alberto/install/uuv_visualization/share/uuv_visualization/local_setup.zsh
[1.569s] -- Up-to-date: /home/alberto/Documents/sub_alberto/install/uuv_visualization/share/uuv_visualization/local_setup.dsv
[1.576s] -- Installing: /home/alberto/Documents/sub_alberto/install/uuv_visualization/share/uuv_visualization/package.dsv
[1.577s] -- Up-to-date: /home/alberto/Documents/sub_alberto/install/uuv_visualization/share/ament_index/resource_index/packages/uuv_visualization
[1.577s] -- Up-to-date: /home/alberto/Documents/sub_alberto/install/uuv_visualization/share/uuv_visualization/cmake/uuv_visualizationConfig.cmake
[1.578s] -- Up-to-date: /home/alberto/Documents/sub_alberto/install/uuv_visualization/share/uuv_visualization/cmake/uuv_visualizationConfig-version.cmake
[1.579s] -- Up-to-date: /home/alberto/Documents/sub_alberto/install/uuv_visualization/share/uuv_visualization/package.xml
[1.627s] Invoked command in '/home/alberto/Documents/sub_alberto/build/uuv_visualization' returned '0': CMAKE_PREFIX_PATH=/home/alberto/Documents/kia_gd_ws/install/ur_ros_rtde_tutorials:/home/alberto/Documents/kia_gd_ws/install/ur_ros_rtde:/home/alberto/Documents/kia_gd_ws/install/ur_ros_rtde_simple_clients:/home/alberto/Documents/kia_gd_ws/install/ur_ros_rtde_gripper_commands:/home/alberto/Documents/kia_gd_ws/install/ur_ros_rtde_msgs:/home/alberto/Documents/kia_gd_ws/install/ur:/home/alberto/Documents/kia_gd_ws/install/ur_calibration:/home/alberto/Documents/kia_gd_ws/install/ur_robot_driver:/home/alberto/Documents/kia_gd_ws/install/ur_moveit_config:/home/alberto/Documents/kia_gd_ws/install/ur_bringup:/home/alberto/Documents/kia_gd_ws/install/ur_controllers:/home/alberto/Documents/kia_gd_ws/install/ur_dashboard_msgs:/home/alberto/Documents/kia_gd_ws/install/simple_ur10e_moveit_config:/home/alberto/Documents/kia_gd_ws/install/simple_ur10e_description:/home/alberto/Documents/kia_gd_ws/install/kia_gd:/home/alberto/Documents/sub_alberto/install/uuv_visualization:/home/alberto/Documents/sub_alberto/install/uuv_vision:/home/alberto/Documents/sub_alberto/install/uuv_navigation:/home/alberto/Documents/sub_alberto/install/uuv_mission:/home/alberto/Documents/sub_alberto/install/uuv_master:/home/alberto/Documents/sub_alberto/install/uuv_gazebo_plugins:/home/alberto/Documents/sub_alberto/install/uuv_description:/home/alberto/Documents/sub_alberto/install/uuv_control:/home/alberto/install/vectornav:/home/alberto/install/vectornav_msgs:/home/alberto/install/uuv_teleop:/home/alberto/install/uuv_description:/home/alberto/install/sub:/home/alberto/install/pid:/home/alberto/Documents/kia_gd_ws/install/ros_tcp_endpoint:/home/alberto/ros2_ws/install/docker_test:/opt/ros/humble:/home/alberto/install/catkin:/home/alberto/ros2_ws/install/sub:/home/alberto/ros2_ws/install/pid:/home/alberto/ros2_ws/install/catkin:/home/alberto/uuv/install/uuv /usr/bin/cmake --install /home/alberto/Documents/sub_alberto/build/uuv_visualization
