[0.033s] Invoking command in '/home/alberto/Documents/sub_alberto/build/uuv_control': CMAKE_PREFIX_PATH=/home/alberto/Documents/kia_gd_ws/install/ur_ros_rtde_tutorials:/home/alberto/Documents/kia_gd_ws/install/ur_ros_rtde:/home/alberto/Documents/kia_gd_ws/install/ur_ros_rtde_simple_clients:/home/alberto/Documents/kia_gd_ws/install/ur_ros_rtde_gripper_commands:/home/alberto/Documents/kia_gd_ws/install/ur_ros_rtde_msgs:/home/alberto/Documents/kia_gd_ws/install/ur:/home/alberto/Documents/kia_gd_ws/install/ur_calibration:/home/alberto/Documents/kia_gd_ws/install/ur_robot_driver:/home/alberto/Documents/kia_gd_ws/install/ur_moveit_config:/home/alberto/Documents/kia_gd_ws/install/ur_bringup:/home/alberto/Documents/kia_gd_ws/install/ur_controllers:/home/alberto/Documents/kia_gd_ws/install/ur_dashboard_msgs:/home/alberto/Documents/kia_gd_ws/install/simple_ur10e_moveit_config:/home/alberto/Documents/kia_gd_ws/install/simple_ur10e_description:/home/alberto/Documents/kia_gd_ws/install/kia_gd:/home/alberto/Documents/sub_alberto/install/uuv_visualization:/home/alberto/Documents/sub_alberto/install/uuv_vision:/home/alberto/Documents/sub_alberto/install/uuv_navigation:/home/alberto/Documents/sub_alberto/install/uuv_mission:/home/alberto/Documents/sub_alberto/install/uuv_master:/home/alberto/Documents/sub_alberto/install/uuv_control:/home/alberto/install/vectornav:/home/alberto/install/vectornav_msgs:/home/alberto/install/uuv_teleop:/home/alberto/install/uuv_description:/home/alberto/install/sub:/home/alberto/install/pid:/home/alberto/Documents/kia_gd_ws/install/ros_tcp_endpoint:/home/alberto/ros2_ws/install/docker_test:/opt/ros/humble:/home/alberto/install/catkin:/home/alberto/ros2_ws/install/sub:/home/alberto/ros2_ws/install/pid:/home/alberto/ros2_ws/install/catkin:/home/alberto/uuv/install/uuv /usr/bin/cmake --build /home/alberto/Documents/sub_alberto/build/uuv_control -- -j8 -l8
[0.088s] [ 50%] Built target uuv_model_lib
[0.112s] [35m[1mConsolidate compiler generated dependencies of target dynamic_model_uuv[0m
[0.123s] [ 75%] [32mBuilding CXX object CMakeFiles/dynamic_model_uuv.dir/src/dynamic_model_uuv.cpp.o[0m
[8.558s] [100%] [32m[1mLinking CXX executable dynamic_model_uuv[0m
[9.153s] [100%] Built target dynamic_model_uuv
[9.163s] Invoked command in '/home/alberto/Documents/sub_alberto/build/uuv_control' returned '0': CMAKE_PREFIX_PATH=/home/alberto/Documents/kia_gd_ws/install/ur_ros_rtde_tutorials:/home/alberto/Documents/kia_gd_ws/install/ur_ros_rtde:/home/alberto/Documents/kia_gd_ws/install/ur_ros_rtde_simple_clients:/home/alberto/Documents/kia_gd_ws/install/ur_ros_rtde_gripper_commands:/home/alberto/Documents/kia_gd_ws/install/ur_ros_rtde_msgs:/home/alberto/Documents/kia_gd_ws/install/ur:/home/alberto/Documents/kia_gd_ws/install/ur_calibration:/home/alberto/Documents/kia_gd_ws/install/ur_robot_driver:/home/alberto/Documents/kia_gd_ws/install/ur_moveit_config:/home/alberto/Documents/kia_gd_ws/install/ur_bringup:/home/alberto/Documents/kia_gd_ws/install/ur_controllers:/home/alberto/Documents/kia_gd_ws/install/ur_dashboard_msgs:/home/alberto/Documents/kia_gd_ws/install/simple_ur10e_moveit_config:/home/alberto/Documents/kia_gd_ws/install/simple_ur10e_description:/home/alberto/Documents/kia_gd_ws/install/kia_gd:/home/alberto/Documents/sub_alberto/install/uuv_visualization:/home/alberto/Documents/sub_alberto/install/uuv_vision:/home/alberto/Documents/sub_alberto/install/uuv_navigation:/home/alberto/Documents/sub_alberto/install/uuv_mission:/home/alberto/Documents/sub_alberto/install/uuv_master:/home/alberto/Documents/sub_alberto/install/uuv_control:/home/alberto/install/vectornav:/home/alberto/install/vectornav_msgs:/home/alberto/install/uuv_teleop:/home/alberto/install/uuv_description:/home/alberto/install/sub:/home/alberto/install/pid:/home/alberto/Documents/kia_gd_ws/install/ros_tcp_endpoint:/home/alberto/ros2_ws/install/docker_test:/opt/ros/humble:/home/alberto/install/catkin:/home/alberto/ros2_ws/install/sub:/home/alberto/ros2_ws/install/pid:/home/alberto/ros2_ws/install/catkin:/home/alberto/uuv/install/uuv /usr/bin/cmake --build /home/alberto/Documents/sub_alberto/build/uuv_control -- -j8 -l8
[9.164s] Invoking command in '/home/alberto/Documents/sub_alberto/build/uuv_control': CMAKE_PREFIX_PATH=/home/alberto/Documents/kia_gd_ws/install/ur_ros_rtde_tutorials:/home/alberto/Documents/kia_gd_ws/install/ur_ros_rtde:/home/alberto/Documents/kia_gd_ws/install/ur_ros_rtde_simple_clients:/home/alberto/Documents/kia_gd_ws/install/ur_ros_rtde_gripper_commands:/home/alberto/Documents/kia_gd_ws/install/ur_ros_rtde_msgs:/home/alberto/Documents/kia_gd_ws/install/ur:/home/alberto/Documents/kia_gd_ws/install/ur_calibration:/home/alberto/Documents/kia_gd_ws/install/ur_robot_driver:/home/alberto/Documents/kia_gd_ws/install/ur_moveit_config:/home/alberto/Documents/kia_gd_ws/install/ur_bringup:/home/alberto/Documents/kia_gd_ws/install/ur_controllers:/home/alberto/Documents/kia_gd_ws/install/ur_dashboard_msgs:/home/alberto/Documents/kia_gd_ws/install/simple_ur10e_moveit_config:/home/alberto/Documents/kia_gd_ws/install/simple_ur10e_description:/home/alberto/Documents/kia_gd_ws/install/kia_gd:/home/alberto/Documents/sub_alberto/install/uuv_visualization:/home/alberto/Documents/sub_alberto/install/uuv_vision:/home/alberto/Documents/sub_alberto/install/uuv_navigation:/home/alberto/Documents/sub_alberto/install/uuv_mission:/home/alberto/Documents/sub_alberto/install/uuv_master:/home/alberto/Documents/sub_alberto/install/uuv_control:/home/alberto/install/vectornav:/home/alberto/install/vectornav_msgs:/home/alberto/install/uuv_teleop:/home/alberto/install/uuv_description:/home/alberto/install/sub:/home/alberto/install/pid:/home/alberto/Documents/kia_gd_ws/install/ros_tcp_endpoint:/home/alberto/ros2_ws/install/docker_test:/opt/ros/humble:/home/alberto/install/catkin:/home/alberto/ros2_ws/install/sub:/home/alberto/ros2_ws/install/pid:/home/alberto/ros2_ws/install/catkin:/home/alberto/uuv/install/uuv /usr/bin/cmake --install /home/alberto/Documents/sub_alberto/build/uuv_control
[9.171s] -- Install configuration: ""
[9.171s] -- Up-to-date: /home/alberto/Documents/sub_alberto/install/uuv_control/share/uuv_control/libs
[9.171s] -- Up-to-date: /home/alberto/Documents/sub_alberto/install/uuv_control/share/uuv_control/libs/model
[9.171s] -- Up-to-date: /home/alberto/Documents/sub_alberto/install/uuv_control/share/uuv_control/libs/model/uuv_dynamic_model.cpp
[9.171s] -- Up-to-date: /home/alberto/Documents/sub_alberto/install/uuv_control/share/uuv_control/libs/model/uuv_dynamic_model.h
[9.171s] -- Up-to-date: /home/alberto/Documents/sub_alberto/install/uuv_control/share/uuv_control/libs/model/uuv_datatypes.h
[9.171s] -- Up-to-date: /home/alberto/Documents/sub_alberto/install/uuv_control/share/uuv_control/scripts
[9.171s] -- Up-to-date: /home/alberto/Documents/sub_alberto/install/uuv_control/share/uuv_control/scripts/asmc.py
[9.171s] -- Up-to-date: /home/alberto/Documents/sub_alberto/install/uuv_control/share/uuv_control/scripts/pid.py
[9.171s] -- Up-to-date: /home/alberto/Documents/sub_alberto/install/uuv_control/lib/uuv_control/pid
[9.171s] -- Up-to-date: /home/alberto/Documents/sub_alberto/install/uuv_control/lib/uuv_control/asmc
[9.171s] -- Installing: /home/alberto/Documents/sub_alberto/install/uuv_control/lib/uuv_control/dynamic_model_uuv
[9.175s] -- Set runtime path of "/home/alberto/Documents/sub_alberto/install/uuv_control/lib/uuv_control/dynamic_model_uuv" to ""
[9.175s] -- Up-to-date: /home/alberto/Documents/sub_alberto/install/uuv_control/share/uuv_control/scripts
[9.175s] -- Up-to-date: /home/alberto/Documents/sub_alberto/install/uuv_control/share/uuv_control/scripts/asmc.py
[9.175s] -- Up-to-date: /home/alberto/Documents/sub_alberto/install/uuv_control/share/uuv_control/scripts/pid.py
[9.175s] -- Up-to-date: /home/alberto/Documents/sub_alberto/install/uuv_control/lib/uuv_control/pid
[9.175s] -- Up-to-date: /home/alberto/Documents/sub_alberto/install/uuv_control/lib/uuv_control/asmc
[9.175s] -- Up-to-date: /home/alberto/Documents/sub_alberto/install/uuv_control/share/ament_index/resource_index/package_run_dependencies/uuv_control
[9.176s] -- Up-to-date: /home/alberto/Documents/sub_alberto/install/uuv_control/share/ament_index/resource_index/parent_prefix_path/uuv_control
[9.176s] -- Up-to-date: /home/alberto/Documents/sub_alberto/install/uuv_control/share/uuv_control/environment/ament_prefix_path.sh
[9.176s] -- Up-to-date: /home/alberto/Documents/sub_alberto/install/uuv_control/share/uuv_control/environment/ament_prefix_path.dsv
[9.176s] -- Up-to-date: /home/alberto/Documents/sub_alberto/install/uuv_control/share/uuv_control/environment/path.sh
[9.176s] -- Up-to-date: /home/alberto/Documents/sub_alberto/install/uuv_control/share/uuv_control/environment/path.dsv
[9.176s] -- Up-to-date: /home/alberto/Documents/sub_alberto/install/uuv_control/share/uuv_control/local_setup.bash
[9.176s] -- Up-to-date: /home/alberto/Documents/sub_alberto/install/uuv_control/share/uuv_control/local_setup.sh
[9.176s] -- Up-to-date: /home/alberto/Documents/sub_alberto/install/uuv_control/share/uuv_control/local_setup.zsh
[9.176s] -- Up-to-date: /home/alberto/Documents/sub_alberto/install/uuv_control/share/uuv_control/local_setup.dsv
[9.176s] -- Installing: /home/alberto/Documents/sub_alberto/install/uuv_control/share/uuv_control/package.dsv
[9.176s] -- Up-to-date: /home/alberto/Documents/sub_alberto/install/uuv_control/share/ament_index/resource_index/packages/uuv_control
[9.176s] -- Up-to-date: /home/alberto/Documents/sub_alberto/install/uuv_control/share/uuv_control/cmake/uuv_controlConfig.cmake
[9.176s] -- Up-to-date: /home/alberto/Documents/sub_alberto/install/uuv_control/share/uuv_control/cmake/uuv_controlConfig-version.cmake
[9.176s] -- Up-to-date: /home/alberto/Documents/sub_alberto/install/uuv_control/share/uuv_control/package.xml
[9.178s] Invoked command in '/home/alberto/Documents/sub_alberto/build/uuv_control' returned '0': CMAKE_PREFIX_PATH=/home/alberto/Documents/kia_gd_ws/install/ur_ros_rtde_tutorials:/home/alberto/Documents/kia_gd_ws/install/ur_ros_rtde:/home/alberto/Documents/kia_gd_ws/install/ur_ros_rtde_simple_clients:/home/alberto/Documents/kia_gd_ws/install/ur_ros_rtde_gripper_commands:/home/alberto/Documents/kia_gd_ws/install/ur_ros_rtde_msgs:/home/alberto/Documents/kia_gd_ws/install/ur:/home/alberto/Documents/kia_gd_ws/install/ur_calibration:/home/alberto/Documents/kia_gd_ws/install/ur_robot_driver:/home/alberto/Documents/kia_gd_ws/install/ur_moveit_config:/home/alberto/Documents/kia_gd_ws/install/ur_bringup:/home/alberto/Documents/kia_gd_ws/install/ur_controllers:/home/alberto/Documents/kia_gd_ws/install/ur_dashboard_msgs:/home/alberto/Documents/kia_gd_ws/install/simple_ur10e_moveit_config:/home/alberto/Documents/kia_gd_ws/install/simple_ur10e_description:/home/alberto/Documents/kia_gd_ws/install/kia_gd:/home/alberto/Documents/sub_alberto/install/uuv_visualization:/home/alberto/Documents/sub_alberto/install/uuv_vision:/home/alberto/Documents/sub_alberto/install/uuv_navigation:/home/alberto/Documents/sub_alberto/install/uuv_mission:/home/alberto/Documents/sub_alberto/install/uuv_master:/home/alberto/Documents/sub_alberto/install/uuv_control:/home/alberto/install/vectornav:/home/alberto/install/vectornav_msgs:/home/alberto/install/uuv_teleop:/home/alberto/install/uuv_description:/home/alberto/install/sub:/home/alberto/install/pid:/home/alberto/Documents/kia_gd_ws/install/ros_tcp_endpoint:/home/alberto/ros2_ws/install/docker_test:/opt/ros/humble:/home/alberto/install/catkin:/home/alberto/ros2_ws/install/sub:/home/alberto/ros2_ws/install/pid:/home/alberto/ros2_ws/install/catkin:/home/alberto/uuv/install/uuv /usr/bin/cmake --install /home/alberto/Documents/sub_alberto/build/uuv_control
