[0.078s] DEBUG:colcon:Command line arguments: ['/usr/bin/colcon', 'build', '--packages-select', 'uuv_description']
[0.078s] DEBUG:colcon:Parsed command line arguments: Namespace(log_base=None, log_level=None, verb_name='build', build_base='build', install_base='install', merge_install=False, symlink_install=False, test_result_base=None, continue_on_error=False, executor='parallel', parallel_workers=8, event_handlers=None, ignore_user_meta=False, metas=['./colcon.meta'], base_paths=['.'], packages_ignore=None, packages_ignore_regex=None, paths=None, packages_up_to=None, packages_up_to_regex=None, packages_above=None, packages_above_and_dependencies=None, packages_above_depth=None, packages_select_by_dep=None, packages_skip_by_dep=None, packages_skip_up_to=None, packages_select_build_failed=False, packages_skip_build_finished=False, packages_select_test_failures=False, packages_skip_test_passed=False, packages_select=['uuv_description'], packages_skip=None, packages_select_regex=None, packages_skip_regex=None, packages_start=None, packages_end=None, allow_overriding=[], cmake_args=None, cmake_target=None, cmake_target_skip_unavailable=False, cmake_clean_cache=False, cmake_clean_first=False, cmake_force_configure=False, ament_cmake_args=None, catkin_cmake_args=None, catkin_skip_building_tests=False, mixin_files=None, mixin=None, verb_parser=<colcon_mixin.mixin.mixin_argument.MixinArgumentDecorator object at 0x75a01199a080>, verb_extension=<colcon_core.verb.build.BuildVerb object at 0x75a011999ab0>, main=<bound method BuildVerb.main of <colcon_core.verb.build.BuildVerb object at 0x75a011999ab0>>, mixin_verb=('build',))
[0.106s] Level 1:colcon.colcon_core.package_discovery:discover_packages(colcon_meta) check parameters
[0.106s] Level 1:colcon.colcon_core.package_discovery:discover_packages(recursive) check parameters
[0.106s] Level 1:colcon.colcon_core.package_discovery:discover_packages(ignore) check parameters
[0.106s] Level 1:colcon.colcon_core.package_discovery:discover_packages(path) check parameters
[0.106s] Level 1:colcon.colcon_core.package_discovery:discover_packages(colcon_meta) discover
[0.106s] Level 1:colcon.colcon_core.package_discovery:discover_packages(recursive) discover
[0.106s] INFO:colcon.colcon_core.package_discovery:Crawling recursively for packages in '/home/alberto/Documents/sub_alberto'
[0.106s] Level 1:colcon.colcon_core.package_identification:_identify(.) by extensions ['ignore', 'ignore_ament_install']
[0.106s] Level 1:colcon.colcon_core.package_identification:_identify(.) by extension 'ignore'
[0.106s] Level 1:colcon.colcon_core.package_identification:_identify(.) by extension 'ignore_ament_install'
[0.106s] Level 1:colcon.colcon_core.package_identification:_identify(.) by extensions ['colcon_pkg']
[0.106s] Level 1:colcon.colcon_core.package_identification:_identify(.) by extension 'colcon_pkg'
[0.106s] Level 1:colcon.colcon_core.package_identification:_identify(.) by extensions ['colcon_meta']
[0.106s] Level 1:colcon.colcon_core.package_identification:_identify(.) by extension 'colcon_meta'
[0.106s] Level 1:colcon.colcon_core.package_identification:_identify(.) by extensions ['ros']
[0.106s] Level 1:colcon.colcon_core.package_identification:_identify(.) by extension 'ros'
[0.124s] Level 1:colcon.colcon_core.package_identification:_identify(.) by extensions ['cmake', 'python']
[0.124s] Level 1:colcon.colcon_core.package_identification:_identify(.) by extension 'cmake'
[0.124s] Level 1:colcon.colcon_core.package_identification:_identify(.) by extension 'python'
[0.124s] Level 1:colcon.colcon_core.package_identification:_identify(.) by extensions ['python_setup_py']
[0.124s] Level 1:colcon.colcon_core.package_identification:_identify(.) by extension 'python_setup_py'
[0.124s] Level 1:colcon.colcon_core.package_identification:_identify(build) by extensions ['ignore', 'ignore_ament_install']
[0.124s] Level 1:colcon.colcon_core.package_identification:_identify(build) by extension 'ignore'
[0.124s] Level 1:colcon.colcon_core.package_identification:_identify(build) ignored
[0.124s] Level 1:colcon.colcon_core.package_identification:_identify(install) by extensions ['ignore', 'ignore_ament_install']
[0.124s] Level 1:colcon.colcon_core.package_identification:_identify(install) by extension 'ignore'
[0.124s] Level 1:colcon.colcon_core.package_identification:_identify(install) ignored
[0.125s] Level 1:colcon.colcon_core.package_identification:_identify(log) by extensions ['ignore', 'ignore_ament_install']
[0.125s] Level 1:colcon.colcon_core.package_identification:_identify(log) by extension 'ignore'
[0.125s] Level 1:colcon.colcon_core.package_identification:_identify(log) ignored
[0.125s] Level 1:colcon.colcon_core.package_identification:_identify(src) by extensions ['ignore', 'ignore_ament_install']
[0.125s] Level 1:colcon.colcon_core.package_identification:_identify(src) by extension 'ignore'
[0.125s] Level 1:colcon.colcon_core.package_identification:_identify(src) by extension 'ignore_ament_install'
[0.125s] Level 1:colcon.colcon_core.package_identification:_identify(src) by extensions ['colcon_pkg']
[0.125s] Level 1:colcon.colcon_core.package_identification:_identify(src) by extension 'colcon_pkg'
[0.125s] Level 1:colcon.colcon_core.package_identification:_identify(src) by extensions ['colcon_meta']
[0.125s] Level 1:colcon.colcon_core.package_identification:_identify(src) by extension 'colcon_meta'
[0.125s] Level 1:colcon.colcon_core.package_identification:_identify(src) by extensions ['ros']
[0.125s] Level 1:colcon.colcon_core.package_identification:_identify(src) by extension 'ros'
[0.125s] Level 1:colcon.colcon_core.package_identification:_identify(src) by extensions ['cmake', 'python']
[0.125s] Level 1:colcon.colcon_core.package_identification:_identify(src) by extension 'cmake'
[0.125s] Level 1:colcon.colcon_core.package_identification:_identify(src) by extension 'python'
[0.125s] Level 1:colcon.colcon_core.package_identification:_identify(src) by extensions ['python_setup_py']
[0.125s] Level 1:colcon.colcon_core.package_identification:_identify(src) by extension 'python_setup_py'
[0.125s] Level 1:colcon.colcon_core.package_identification:_identify(src/uuv_control) by extensions ['ignore', 'ignore_ament_install']
[0.125s] Level 1:colcon.colcon_core.package_identification:_identify(src/uuv_control) by extension 'ignore'
[0.125s] Level 1:colcon.colcon_core.package_identification:_identify(src/uuv_control) by extension 'ignore_ament_install'
[0.125s] Level 1:colcon.colcon_core.package_identification:_identify(src/uuv_control) by extensions ['colcon_pkg']
[0.125s] Level 1:colcon.colcon_core.package_identification:_identify(src/uuv_control) by extension 'colcon_pkg'
[0.125s] Level 1:colcon.colcon_core.package_identification:_identify(src/uuv_control) by extensions ['colcon_meta']
[0.125s] Level 1:colcon.colcon_core.package_identification:_identify(src/uuv_control) by extension 'colcon_meta'
[0.125s] Level 1:colcon.colcon_core.package_identification:_identify(src/uuv_control) by extensions ['ros']
[0.125s] Level 1:colcon.colcon_core.package_identification:_identify(src/uuv_control) by extension 'ros'
[0.127s] DEBUG:colcon.colcon_core.package_identification:Package 'src/uuv_control' with type 'ros.ament_cmake' and name 'uuv_control'
[0.127s] Level 1:colcon.colcon_core.package_identification:_identify(src/uuv_description) by extensions ['ignore', 'ignore_ament_install']
[0.127s] Level 1:colcon.colcon_core.package_identification:_identify(src/uuv_description) by extension 'ignore'
[0.127s] Level 1:colcon.colcon_core.package_identification:_identify(src/uuv_description) by extension 'ignore_ament_install'
[0.127s] Level 1:colcon.colcon_core.package_identification:_identify(src/uuv_description) by extensions ['colcon_pkg']
[0.127s] Level 1:colcon.colcon_core.package_identification:_identify(src/uuv_description) by extension 'colcon_pkg'
[0.127s] Level 1:colcon.colcon_core.package_identification:_identify(src/uuv_description) by extensions ['colcon_meta']
[0.128s] Level 1:colcon.colcon_core.package_identification:_identify(src/uuv_description) by extension 'colcon_meta'
[0.128s] Level 1:colcon.colcon_core.package_identification:_identify(src/uuv_description) by extensions ['ros']
[0.128s] Level 1:colcon.colcon_core.package_identification:_identify(src/uuv_description) by extension 'ros'
[0.128s] DEBUG:colcon.colcon_core.package_identification:Found ROS schema reference in package manifest in 'src/uuv_description'
[0.128s] WARNING:colcon.colcon_core.package_identification:Failed to parse ROS package manifest in 'src/uuv_description': Error(s) in package 'src/uuv_description/package.xml':
The manifest must not contain more than one "export" tags
[0.128s] Level 1:colcon.colcon_core.package_identification:_identify(src/uuv_description) by extensions ['cmake', 'python']
[0.128s] Level 1:colcon.colcon_core.package_identification:_identify(src/uuv_description) by extension 'cmake'
[0.129s] Level 1:colcon.colcon_core.package_identification:_identify(src/uuv_description) by extension 'python'
[0.129s] DEBUG:colcon.colcon_core.package_identification:Package 'src/uuv_description' with type 'cmake' and name 'uuv_description'
[0.130s] Level 1:colcon.colcon_core.package_identification:_identify(src/uuv_gazebo_plugins) by extensions ['ignore', 'ignore_ament_install']
[0.130s] Level 1:colcon.colcon_core.package_identification:_identify(src/uuv_gazebo_plugins) by extension 'ignore'
[0.130s] Level 1:colcon.colcon_core.package_identification:_identify(src/uuv_gazebo_plugins) by extension 'ignore_ament_install'
[0.130s] Level 1:colcon.colcon_core.package_identification:_identify(src/uuv_gazebo_plugins) by extensions ['colcon_pkg']
[0.130s] Level 1:colcon.colcon_core.package_identification:_identify(src/uuv_gazebo_plugins) by extension 'colcon_pkg'
[0.130s] Level 1:colcon.colcon_core.package_identification:_identify(src/uuv_gazebo_plugins) by extensions ['colcon_meta']
[0.130s] Level 1:colcon.colcon_core.package_identification:_identify(src/uuv_gazebo_plugins) by extension 'colcon_meta'
[0.130s] Level 1:colcon.colcon_core.package_identification:_identify(src/uuv_gazebo_plugins) by extensions ['ros']
[0.130s] Level 1:colcon.colcon_core.package_identification:_identify(src/uuv_gazebo_plugins) by extension 'ros'
[0.130s] DEBUG:colcon.colcon_core.package_identification:Package 'src/uuv_gazebo_plugins' with type 'ros.ament_cmake' and name 'uuv_gazebo_plugins'
[0.130s] Level 1:colcon.colcon_core.package_identification:_identify(src/uuv_master) by extensions ['ignore', 'ignore_ament_install']
[0.131s] Level 1:colcon.colcon_core.package_identification:_identify(src/uuv_master) by extension 'ignore'
[0.131s] Level 1:colcon.colcon_core.package_identification:_identify(src/uuv_master) by extension 'ignore_ament_install'
[0.131s] Level 1:colcon.colcon_core.package_identification:_identify(src/uuv_master) by extensions ['colcon_pkg']
[0.131s] Level 1:colcon.colcon_core.package_identification:_identify(src/uuv_master) by extension 'colcon_pkg'
[0.131s] Level 1:colcon.colcon_core.package_identification:_identify(src/uuv_master) by extensions ['colcon_meta']
[0.131s] Level 1:colcon.colcon_core.package_identification:_identify(src/uuv_master) by extension 'colcon_meta'
[0.131s] Level 1:colcon.colcon_core.package_identification:_identify(src/uuv_master) by extensions ['ros']
[0.131s] Level 1:colcon.colcon_core.package_identification:_identify(src/uuv_master) by extension 'ros'
[0.131s] DEBUG:colcon.colcon_core.package_identification:Package 'src/uuv_master' with type 'ros.ament_cmake' and name 'uuv_master'
[0.131s] Level 1:colcon.colcon_core.package_identification:_identify(src/uuv_mission) by extensions ['ignore', 'ignore_ament_install']
[0.131s] Level 1:colcon.colcon_core.package_identification:_identify(src/uuv_mission) by extension 'ignore'
[0.131s] Level 1:colcon.colcon_core.package_identification:_identify(src/uuv_mission) by extension 'ignore_ament_install'
[0.131s] Level 1:colcon.colcon_core.package_identification:_identify(src/uuv_mission) by extensions ['colcon_pkg']
[0.132s] Level 1:colcon.colcon_core.package_identification:_identify(src/uuv_mission) by extension 'colcon_pkg'
[0.132s] Level 1:colcon.colcon_core.package_identification:_identify(src/uuv_mission) by extensions ['colcon_meta']
[0.132s] Level 1:colcon.colcon_core.package_identification:_identify(src/uuv_mission) by extension 'colcon_meta'
[0.132s] Level 1:colcon.colcon_core.package_identification:_identify(src/uuv_mission) by extensions ['ros']
[0.132s] Level 1:colcon.colcon_core.package_identification:_identify(src/uuv_mission) by extension 'ros'
[0.132s] DEBUG:colcon.colcon_core.package_identification:Package 'src/uuv_mission' with type 'ros.ament_cmake' and name 'uuv_mission'
[0.132s] Level 1:colcon.colcon_core.package_identification:_identify(src/uuv_msgs) by extensions ['ignore', 'ignore_ament_install']
[0.132s] Level 1:colcon.colcon_core.package_identification:_identify(src/uuv_msgs) by extension 'ignore'
[0.132s] Level 1:colcon.colcon_core.package_identification:_identify(src/uuv_msgs) by extension 'ignore_ament_install'
[0.132s] Level 1:colcon.colcon_core.package_identification:_identify(src/uuv_msgs) by extensions ['colcon_pkg']
[0.132s] Level 1:colcon.colcon_core.package_identification:_identify(src/uuv_msgs) by extension 'colcon_pkg'
[0.132s] Level 1:colcon.colcon_core.package_identification:_identify(src/uuv_msgs) by extensions ['colcon_meta']
[0.132s] Level 1:colcon.colcon_core.package_identification:_identify(src/uuv_msgs) by extension 'colcon_meta'
[0.132s] Level 1:colcon.colcon_core.package_identification:_identify(src/uuv_msgs) by extensions ['ros']
[0.132s] Level 1:colcon.colcon_core.package_identification:_identify(src/uuv_msgs) by extension 'ros'
[0.133s] Level 1:colcon.colcon_core.package_identification:_identify(src/uuv_msgs) by extensions ['cmake', 'python']
[0.133s] Level 1:colcon.colcon_core.package_identification:_identify(src/uuv_msgs) by extension 'cmake'
[0.133s] Level 1:colcon.colcon_core.package_identification:_identify(src/uuv_msgs) by extension 'python'
[0.133s] Level 1:colcon.colcon_core.package_identification:_identify(src/uuv_msgs) by extensions ['python_setup_py']
[0.133s] Level 1:colcon.colcon_core.package_identification:_identify(src/uuv_msgs) by extension 'python_setup_py'
[0.133s] Level 1:colcon.colcon_core.package_identification:_identify(src/uuv_msgs/build) by extensions ['ignore', 'ignore_ament_install']
[0.133s] Level 1:colcon.colcon_core.package_identification:_identify(src/uuv_msgs/build) by extension 'ignore'
[0.133s] Level 1:colcon.colcon_core.package_identification:_identify(src/uuv_msgs/build) by extension 'ignore_ament_install'
[0.133s] Level 1:colcon.colcon_core.package_identification:_identify(src/uuv_msgs/build) by extensions ['colcon_pkg']
[0.133s] Level 1:colcon.colcon_core.package_identification:_identify(src/uuv_msgs/build) by extension 'colcon_pkg'
[0.133s] Level 1:colcon.colcon_core.package_identification:_identify(src/uuv_msgs/build) by extensions ['colcon_meta']
[0.133s] Level 1:colcon.colcon_core.package_identification:_identify(src/uuv_msgs/build) by extension 'colcon_meta'
[0.133s] Level 1:colcon.colcon_core.package_identification:_identify(src/uuv_msgs/build) by extensions ['ros']
[0.133s] Level 1:colcon.colcon_core.package_identification:_identify(src/uuv_msgs/build) by extension 'ros'
[0.133s] Level 1:colcon.colcon_core.package_identification:_identify(src/uuv_msgs/build) by extensions ['cmake', 'python']
[0.133s] Level 1:colcon.colcon_core.package_identification:_identify(src/uuv_msgs/build) by extension 'cmake'
[0.133s] Level 1:colcon.colcon_core.package_identification:_identify(src/uuv_msgs/build) by extension 'python'
[0.133s] Level 1:colcon.colcon_core.package_identification:_identify(src/uuv_msgs/build) by extensions ['python_setup_py']
[0.133s] Level 1:colcon.colcon_core.package_identification:_identify(src/uuv_msgs/build) by extension 'python_setup_py'
[0.133s] Level 1:colcon.colcon_core.package_identification:_identify(src/uuv_msgs/build/uuv_msgs) by extensions ['ignore', 'ignore_ament_install']
[0.133s] Level 1:colcon.colcon_core.package_identification:_identify(src/uuv_msgs/build/uuv_msgs) by extension 'ignore'
[0.133s] Level 1:colcon.colcon_core.package_identification:_identify(src/uuv_msgs/build/uuv_msgs) by extension 'ignore_ament_install'
[0.133s] Level 1:colcon.colcon_core.package_identification:_identify(src/uuv_msgs/build/uuv_msgs) by extensions ['colcon_pkg']
[0.133s] Level 1:colcon.colcon_core.package_identification:_identify(src/uuv_msgs/build/uuv_msgs) by extension 'colcon_pkg'
[0.133s] Level 1:colcon.colcon_core.package_identification:_identify(src/uuv_msgs/build/uuv_msgs) by extensions ['colcon_meta']
[0.133s] Level 1:colcon.colcon_core.package_identification:_identify(src/uuv_msgs/build/uuv_msgs) by extension 'colcon_meta'
[0.133s] Level 1:colcon.colcon_core.package_identification:_identify(src/uuv_msgs/build/uuv_msgs) by extensions ['ros']
[0.133s] Level 1:colcon.colcon_core.package_identification:_identify(src/uuv_msgs/build/uuv_msgs) by extension 'ros'
[0.133s] Level 1:colcon.colcon_core.package_identification:_identify(src/uuv_msgs/build/uuv_msgs) by extensions ['cmake', 'python']
[0.133s] Level 1:colcon.colcon_core.package_identification:_identify(src/uuv_msgs/build/uuv_msgs) by extension 'cmake'
[0.133s] Level 1:colcon.colcon_core.package_identification:_identify(src/uuv_msgs/build/uuv_msgs) by extension 'python'
[0.133s] Level 1:colcon.colcon_core.package_identification:_identify(src/uuv_msgs/build/uuv_msgs) by extensions ['python_setup_py']
[0.133s] Level 1:colcon.colcon_core.package_identification:_identify(src/uuv_msgs/build/uuv_msgs) by extension 'python_setup_py'
[0.134s] Level 1:colcon.colcon_core.package_identification:_identify(src/uuv_msgs/build/uuv_msgs/CMakeFiles) by extensions ['ignore', 'ignore_ament_install']
[0.134s] Level 1:colcon.colcon_core.package_identification:_identify(src/uuv_msgs/build/uuv_msgs/CMakeFiles) by extension 'ignore'
[0.134s] Level 1:colcon.colcon_core.package_identification:_identify(src/uuv_msgs/build/uuv_msgs/CMakeFiles) by extension 'ignore_ament_install'
[0.134s] Level 1:colcon.colcon_core.package_identification:_identify(src/uuv_msgs/build/uuv_msgs/CMakeFiles) by extensions ['colcon_pkg']
[0.134s] Level 1:colcon.colcon_core.package_identification:_identify(src/uuv_msgs/build/uuv_msgs/CMakeFiles) by extension 'colcon_pkg'
[0.134s] Level 1:colcon.colcon_core.package_identification:_identify(src/uuv_msgs/build/uuv_msgs/CMakeFiles) by extensions ['colcon_meta']
[0.134s] Level 1:colcon.colcon_core.package_identification:_identify(src/uuv_msgs/build/uuv_msgs/CMakeFiles) by extension 'colcon_meta'
[0.134s] Level 1:colcon.colcon_core.package_identification:_identify(src/uuv_msgs/build/uuv_msgs/CMakeFiles) by extensions ['ros']
[0.134s] Level 1:colcon.colcon_core.package_identification:_identify(src/uuv_msgs/build/uuv_msgs/CMakeFiles) by extension 'ros'
[0.134s] Level 1:colcon.colcon_core.package_identification:_identify(src/uuv_msgs/build/uuv_msgs/CMakeFiles) by extensions ['cmake', 'python']
[0.134s] Level 1:colcon.colcon_core.package_identification:_identify(src/uuv_msgs/build/uuv_msgs/CMakeFiles) by extension 'cmake'
[0.134s] Level 1:colcon.colcon_core.package_identification:_identify(src/uuv_msgs/build/uuv_msgs/CMakeFiles) by extension 'python'
[0.134s] Level 1:colcon.colcon_core.package_identification:_identify(src/uuv_msgs/build/uuv_msgs/CMakeFiles) by extensions ['python_setup_py']
[0.134s] Level 1:colcon.colcon_core.package_identification:_identify(src/uuv_msgs/build/uuv_msgs/CMakeFiles) by extension 'python_setup_py'
[0.134s] Level 1:colcon.colcon_core.package_identification:_identify(src/uuv_msgs/build/uuv_msgs/CMakeFiles/3.22.1) by extensions ['ignore', 'ignore_ament_install']
[0.134s] Level 1:colcon.colcon_core.package_identification:_identify(src/uuv_msgs/build/uuv_msgs/CMakeFiles/3.22.1) by extension 'ignore'
[0.134s] Level 1:colcon.colcon_core.package_identification:_identify(src/uuv_msgs/build/uuv_msgs/CMakeFiles/3.22.1) by extension 'ignore_ament_install'
[0.134s] Level 1:colcon.colcon_core.package_identification:_identify(src/uuv_msgs/build/uuv_msgs/CMakeFiles/3.22.1) by extensions ['colcon_pkg']
[0.134s] Level 1:colcon.colcon_core.package_identification:_identify(src/uuv_msgs/build/uuv_msgs/CMakeFiles/3.22.1) by extension 'colcon_pkg'
[0.134s] Level 1:colcon.colcon_core.package_identification:_identify(src/uuv_msgs/build/uuv_msgs/CMakeFiles/3.22.1) by extensions ['colcon_meta']
[0.134s] Level 1:colcon.colcon_core.package_identification:_identify(src/uuv_msgs/build/uuv_msgs/CMakeFiles/3.22.1) by extension 'colcon_meta'
[0.134s] Level 1:colcon.colcon_core.package_identification:_identify(src/uuv_msgs/build/uuv_msgs/CMakeFiles/3.22.1) by extensions ['ros']
[0.134s] Level 1:colcon.colcon_core.package_identification:_identify(src/uuv_msgs/build/uuv_msgs/CMakeFiles/3.22.1) by extension 'ros'
[0.134s] Level 1:colcon.colcon_core.package_identification:_identify(src/uuv_msgs/build/uuv_msgs/CMakeFiles/3.22.1) by extensions ['cmake', 'python']
[0.134s] Level 1:colcon.colcon_core.package_identification:_identify(src/uuv_msgs/build/uuv_msgs/CMakeFiles/3.22.1) by extension 'cmake'
[0.134s] Level 1:colcon.colcon_core.package_identification:_identify(src/uuv_msgs/build/uuv_msgs/CMakeFiles/3.22.1) by extension 'python'
[0.134s] Level 1:colcon.colcon_core.package_identification:_identify(src/uuv_msgs/build/uuv_msgs/CMakeFiles/3.22.1) by extensions ['python_setup_py']
[0.134s] Level 1:colcon.colcon_core.package_identification:_identify(src/uuv_msgs/build/uuv_msgs/CMakeFiles/3.22.1) by extension 'python_setup_py'
[0.134s] Level 1:colcon.colcon_core.package_identification:_identify(src/uuv_msgs/build/uuv_msgs/CMakeFiles/3.22.1/CompilerIdC) by extensions ['ignore', 'ignore_ament_install']
[0.135s] Level 1:colcon.colcon_core.package_identification:_identify(src/uuv_msgs/build/uuv_msgs/CMakeFiles/3.22.1/CompilerIdC) by extension 'ignore'
[0.135s] Level 1:colcon.colcon_core.package_identification:_identify(src/uuv_msgs/build/uuv_msgs/CMakeFiles/3.22.1/CompilerIdC) by extension 'ignore_ament_install'
[0.135s] Level 1:colcon.colcon_core.package_identification:_identify(src/uuv_msgs/build/uuv_msgs/CMakeFiles/3.22.1/CompilerIdC) by extensions ['colcon_pkg']
[0.135s] Level 1:colcon.colcon_core.package_identification:_identify(src/uuv_msgs/build/uuv_msgs/CMakeFiles/3.22.1/CompilerIdC) by extension 'colcon_pkg'
[0.135s] Level 1:colcon.colcon_core.package_identification:_identify(src/uuv_msgs/build/uuv_msgs/CMakeFiles/3.22.1/CompilerIdC) by extensions ['colcon_meta']
[0.135s] Level 1:colcon.colcon_core.package_identification:_identify(src/uuv_msgs/build/uuv_msgs/CMakeFiles/3.22.1/CompilerIdC) by extension 'colcon_meta'
[0.135s] Level 1:colcon.colcon_core.package_identification:_identify(src/uuv_msgs/build/uuv_msgs/CMakeFiles/3.22.1/CompilerIdC) by extensions ['ros']
[0.135s] Level 1:colcon.colcon_core.package_identification:_identify(src/uuv_msgs/build/uuv_msgs/CMakeFiles/3.22.1/CompilerIdC) by extension 'ros'
[0.135s] Level 1:colcon.colcon_core.package_identification:_identify(src/uuv_msgs/build/uuv_msgs/CMakeFiles/3.22.1/CompilerIdC) by extensions ['cmake', 'python']
[0.135s] Level 1:colcon.colcon_core.package_identification:_identify(src/uuv_msgs/build/uuv_msgs/CMakeFiles/3.22.1/CompilerIdC) by extension 'cmake'
[0.135s] Level 1:colcon.colcon_core.package_identification:_identify(src/uuv_msgs/build/uuv_msgs/CMakeFiles/3.22.1/CompilerIdC) by extension 'python'
[0.135s] Level 1:colcon.colcon_core.package_identification:_identify(src/uuv_msgs/build/uuv_msgs/CMakeFiles/3.22.1/CompilerIdC) by extensions ['python_setup_py']
[0.135s] Level 1:colcon.colcon_core.package_identification:_identify(src/uuv_msgs/build/uuv_msgs/CMakeFiles/3.22.1/CompilerIdC) by extension 'python_setup_py'
[0.135s] Level 1:colcon.colcon_core.package_identification:_identify(src/uuv_msgs/build/uuv_msgs/CMakeFiles/3.22.1/CompilerIdC/tmp) by extensions ['ignore', 'ignore_ament_install']
[0.135s] Level 1:colcon.colcon_core.package_identification:_identify(src/uuv_msgs/build/uuv_msgs/CMakeFiles/3.22.1/CompilerIdC/tmp) by extension 'ignore'
[0.135s] Level 1:colcon.colcon_core.package_identification:_identify(src/uuv_msgs/build/uuv_msgs/CMakeFiles/3.22.1/CompilerIdC/tmp) by extension 'ignore_ament_install'
[0.135s] Level 1:colcon.colcon_core.package_identification:_identify(src/uuv_msgs/build/uuv_msgs/CMakeFiles/3.22.1/CompilerIdC/tmp) by extensions ['colcon_pkg']
[0.135s] Level 1:colcon.colcon_core.package_identification:_identify(src/uuv_msgs/build/uuv_msgs/CMakeFiles/3.22.1/CompilerIdC/tmp) by extension 'colcon_pkg'
[0.135s] Level 1:colcon.colcon_core.package_identification:_identify(src/uuv_msgs/build/uuv_msgs/CMakeFiles/3.22.1/CompilerIdC/tmp) by extensions ['colcon_meta']
[0.135s] Level 1:colcon.colcon_core.package_identification:_identify(src/uuv_msgs/build/uuv_msgs/CMakeFiles/3.22.1/CompilerIdC/tmp) by extension 'colcon_meta'
[0.135s] Level 1:colcon.colcon_core.package_identification:_identify(src/uuv_msgs/build/uuv_msgs/CMakeFiles/3.22.1/CompilerIdC/tmp) by extensions ['ros']
[0.135s] Level 1:colcon.colcon_core.package_identification:_identify(src/uuv_msgs/build/uuv_msgs/CMakeFiles/3.22.1/CompilerIdC/tmp) by extension 'ros'
[0.135s] Level 1:colcon.colcon_core.package_identification:_identify(src/uuv_msgs/build/uuv_msgs/CMakeFiles/3.22.1/CompilerIdC/tmp) by extensions ['cmake', 'python']
[0.135s] Level 1:colcon.colcon_core.package_identification:_identify(src/uuv_msgs/build/uuv_msgs/CMakeFiles/3.22.1/CompilerIdC/tmp) by extension 'cmake'
[0.135s] Level 1:colcon.colcon_core.package_identification:_identify(src/uuv_msgs/build/uuv_msgs/CMakeFiles/3.22.1/CompilerIdC/tmp) by extension 'python'
[0.135s] Level 1:colcon.colcon_core.package_identification:_identify(src/uuv_msgs/build/uuv_msgs/CMakeFiles/3.22.1/CompilerIdC/tmp) by extensions ['python_setup_py']
[0.135s] Level 1:colcon.colcon_core.package_identification:_identify(src/uuv_msgs/build/uuv_msgs/CMakeFiles/3.22.1/CompilerIdC/tmp) by extension 'python_setup_py'
[0.135s] Level 1:colcon.colcon_core.package_identification:_identify(src/uuv_msgs/build/uuv_msgs/CMakeFiles/3.22.1/CompilerIdCXX) by extensions ['ignore', 'ignore_ament_install']
[0.135s] Level 1:colcon.colcon_core.package_identification:_identify(src/uuv_msgs/build/uuv_msgs/CMakeFiles/3.22.1/CompilerIdCXX) by extension 'ignore'
[0.135s] Level 1:colcon.colcon_core.package_identification:_identify(src/uuv_msgs/build/uuv_msgs/CMakeFiles/3.22.1/CompilerIdCXX) by extension 'ignore_ament_install'
[0.136s] Level 1:colcon.colcon_core.package_identification:_identify(src/uuv_msgs/build/uuv_msgs/CMakeFiles/3.22.1/CompilerIdCXX) by extensions ['colcon_pkg']
[0.136s] Level 1:colcon.colcon_core.package_identification:_identify(src/uuv_msgs/build/uuv_msgs/CMakeFiles/3.22.1/CompilerIdCXX) by extension 'colcon_pkg'
[0.136s] Level 1:colcon.colcon_core.package_identification:_identify(src/uuv_msgs/build/uuv_msgs/CMakeFiles/3.22.1/CompilerIdCXX) by extensions ['colcon_meta']
[0.136s] Level 1:colcon.colcon_core.package_identification:_identify(src/uuv_msgs/build/uuv_msgs/CMakeFiles/3.22.1/CompilerIdCXX) by extension 'colcon_meta'
[0.136s] Level 1:colcon.colcon_core.package_identification:_identify(src/uuv_msgs/build/uuv_msgs/CMakeFiles/3.22.1/CompilerIdCXX) by extensions ['ros']
[0.136s] Level 1:colcon.colcon_core.package_identification:_identify(src/uuv_msgs/build/uuv_msgs/CMakeFiles/3.22.1/CompilerIdCXX) by extension 'ros'
[0.136s] Level 1:colcon.colcon_core.package_identification:_identify(src/uuv_msgs/build/uuv_msgs/CMakeFiles/3.22.1/CompilerIdCXX) by extensions ['cmake', 'python']
[0.136s] Level 1:colcon.colcon_core.package_identification:_identify(src/uuv_msgs/build/uuv_msgs/CMakeFiles/3.22.1/CompilerIdCXX) by extension 'cmake'
[0.136s] Level 1:colcon.colcon_core.package_identification:_identify(src/uuv_msgs/build/uuv_msgs/CMakeFiles/3.22.1/CompilerIdCXX) by extension 'python'
[0.136s] Level 1:colcon.colcon_core.package_identification:_identify(src/uuv_msgs/build/uuv_msgs/CMakeFiles/3.22.1/CompilerIdCXX) by extensions ['python_setup_py']
[0.136s] Level 1:colcon.colcon_core.package_identification:_identify(src/uuv_msgs/build/uuv_msgs/CMakeFiles/3.22.1/CompilerIdCXX) by extension 'python_setup_py'
[0.136s] Level 1:colcon.colcon_core.package_identification:_identify(src/uuv_msgs/build/uuv_msgs/CMakeFiles/3.22.1/CompilerIdCXX/tmp) by extensions ['ignore', 'ignore_ament_install']
[0.136s] Level 1:colcon.colcon_core.package_identification:_identify(src/uuv_msgs/build/uuv_msgs/CMakeFiles/3.22.1/CompilerIdCXX/tmp) by extension 'ignore'
[0.136s] Level 1:colcon.colcon_core.package_identification:_identify(src/uuv_msgs/build/uuv_msgs/CMakeFiles/3.22.1/CompilerIdCXX/tmp) by extension 'ignore_ament_install'
[0.136s] Level 1:colcon.colcon_core.package_identification:_identify(src/uuv_msgs/build/uuv_msgs/CMakeFiles/3.22.1/CompilerIdCXX/tmp) by extensions ['colcon_pkg']
[0.136s] Level 1:colcon.colcon_core.package_identification:_identify(src/uuv_msgs/build/uuv_msgs/CMakeFiles/3.22.1/CompilerIdCXX/tmp) by extension 'colcon_pkg'
[0.136s] Level 1:colcon.colcon_core.package_identification:_identify(src/uuv_msgs/build/uuv_msgs/CMakeFiles/3.22.1/CompilerIdCXX/tmp) by extensions ['colcon_meta']
[0.136s] Level 1:colcon.colcon_core.package_identification:_identify(src/uuv_msgs/build/uuv_msgs/CMakeFiles/3.22.1/CompilerIdCXX/tmp) by extension 'colcon_meta'
[0.136s] Level 1:colcon.colcon_core.package_identification:_identify(src/uuv_msgs/build/uuv_msgs/CMakeFiles/3.22.1/CompilerIdCXX/tmp) by extensions ['ros']
[0.136s] Level 1:colcon.colcon_core.package_identification:_identify(src/uuv_msgs/build/uuv_msgs/CMakeFiles/3.22.1/CompilerIdCXX/tmp) by extension 'ros'
[0.136s] Level 1:colcon.colcon_core.package_identification:_identify(src/uuv_msgs/build/uuv_msgs/CMakeFiles/3.22.1/CompilerIdCXX/tmp) by extensions ['cmake', 'python']
[0.136s] Level 1:colcon.colcon_core.package_identification:_identify(src/uuv_msgs/build/uuv_msgs/CMakeFiles/3.22.1/CompilerIdCXX/tmp) by extension 'cmake'
[0.136s] Level 1:colcon.colcon_core.package_identification:_identify(src/uuv_msgs/build/uuv_msgs/CMakeFiles/3.22.1/CompilerIdCXX/tmp) by extension 'python'
[0.136s] Level 1:colcon.colcon_core.package_identification:_identify(src/uuv_msgs/build/uuv_msgs/CMakeFiles/3.22.1/CompilerIdCXX/tmp) by extensions ['python_setup_py']
[0.136s] Level 1:colcon.colcon_core.package_identification:_identify(src/uuv_msgs/build/uuv_msgs/CMakeFiles/3.22.1/CompilerIdCXX/tmp) by extension 'python_setup_py'
[0.136s] Level 1:colcon.colcon_core.package_identification:_identify(src/uuv_msgs/build/uuv_msgs/CMakeFiles/CMakeTmp) by extensions ['ignore', 'ignore_ament_install']
[0.136s] Level 1:colcon.colcon_core.package_identification:_identify(src/uuv_msgs/build/uuv_msgs/CMakeFiles/CMakeTmp) by extension 'ignore'
[0.136s] Level 1:colcon.colcon_core.package_identification:_identify(src/uuv_msgs/build/uuv_msgs/CMakeFiles/CMakeTmp) by extension 'ignore_ament_install'
[0.136s] Level 1:colcon.colcon_core.package_identification:_identify(src/uuv_msgs/build/uuv_msgs/CMakeFiles/CMakeTmp) by extensions ['colcon_pkg']
[0.136s] Level 1:colcon.colcon_core.package_identification:_identify(src/uuv_msgs/build/uuv_msgs/CMakeFiles/CMakeTmp) by extension 'colcon_pkg'
[0.136s] Level 1:colcon.colcon_core.package_identification:_identify(src/uuv_msgs/build/uuv_msgs/CMakeFiles/CMakeTmp) by extensions ['colcon_meta']
[0.136s] Level 1:colcon.colcon_core.package_identification:_identify(src/uuv_msgs/build/uuv_msgs/CMakeFiles/CMakeTmp) by extension 'colcon_meta'
[0.137s] Level 1:colcon.colcon_core.package_identification:_identify(src/uuv_msgs/build/uuv_msgs/CMakeFiles/CMakeTmp) by extensions ['ros']
[0.137s] Level 1:colcon.colcon_core.package_identification:_identify(src/uuv_msgs/build/uuv_msgs/CMakeFiles/CMakeTmp) by extension 'ros'
[0.137s] Level 1:colcon.colcon_core.package_identification:_identify(src/uuv_msgs/build/uuv_msgs/CMakeFiles/CMakeTmp) by extensions ['cmake', 'python']
[0.137s] Level 1:colcon.colcon_core.package_identification:_identify(src/uuv_msgs/build/uuv_msgs/CMakeFiles/CMakeTmp) by extension 'cmake'
[0.137s] Level 1:colcon.colcon_core.package_identification:_identify(src/uuv_msgs/build/uuv_msgs/CMakeFiles/CMakeTmp) by extension 'python'
[0.137s] Level 1:colcon.colcon_core.package_identification:_identify(src/uuv_msgs/build/uuv_msgs/CMakeFiles/CMakeTmp) by extensions ['python_setup_py']
[0.137s] Level 1:colcon.colcon_core.package_identification:_identify(src/uuv_msgs/build/uuv_msgs/CMakeFiles/CMakeTmp) by extension 'python_setup_py'
[0.137s] Level 1:colcon.colcon_core.package_identification:_identify(src/uuv_navigation) by extensions ['ignore', 'ignore_ament_install']
[0.137s] Level 1:colcon.colcon_core.package_identification:_identify(src/uuv_navigation) by extension 'ignore'
[0.137s] Level 1:colcon.colcon_core.package_identification:_identify(src/uuv_navigation) by extension 'ignore_ament_install'
[0.137s] Level 1:colcon.colcon_core.package_identification:_identify(src/uuv_navigation) by extensions ['colcon_pkg']
[0.137s] Level 1:colcon.colcon_core.package_identification:_identify(src/uuv_navigation) by extension 'colcon_pkg'
[0.137s] Level 1:colcon.colcon_core.package_identification:_identify(src/uuv_navigation) by extensions ['colcon_meta']
[0.137s] Level 1:colcon.colcon_core.package_identification:_identify(src/uuv_navigation) by extension 'colcon_meta'
[0.137s] Level 1:colcon.colcon_core.package_identification:_identify(src/uuv_navigation) by extensions ['ros']
[0.137s] Level 1:colcon.colcon_core.package_identification:_identify(src/uuv_navigation) by extension 'ros'
[0.138s] DEBUG:colcon.colcon_core.package_identification:Package 'src/uuv_navigation' with type 'ros.ament_cmake' and name 'uuv_navigation'
[0.138s] Level 1:colcon.colcon_core.package_identification:_identify(src/uuv_vision) by extensions ['ignore', 'ignore_ament_install']
[0.138s] Level 1:colcon.colcon_core.package_identification:_identify(src/uuv_vision) by extension 'ignore'
[0.138s] Level 1:colcon.colcon_core.package_identification:_identify(src/uuv_vision) by extension 'ignore_ament_install'
[0.138s] Level 1:colcon.colcon_core.package_identification:_identify(src/uuv_vision) by extensions ['colcon_pkg']
[0.138s] Level 1:colcon.colcon_core.package_identification:_identify(src/uuv_vision) by extension 'colcon_pkg'
[0.138s] Level 1:colcon.colcon_core.package_identification:_identify(src/uuv_vision) by extensions ['colcon_meta']
[0.138s] Level 1:colcon.colcon_core.package_identification:_identify(src/uuv_vision) by extension 'colcon_meta'
[0.138s] Level 1:colcon.colcon_core.package_identification:_identify(src/uuv_vision) by extensions ['ros']
[0.138s] Level 1:colcon.colcon_core.package_identification:_identify(src/uuv_vision) by extension 'ros'
[0.138s] DEBUG:colcon.colcon_core.package_identification:Package 'src/uuv_vision' with type 'ros.ament_cmake' and name 'uuv_vision'
[0.139s] Level 1:colcon.colcon_core.package_identification:_identify(src/uuv_visualization) by extensions ['ignore', 'ignore_ament_install']
[0.139s] Level 1:colcon.colcon_core.package_identification:_identify(src/uuv_visualization) by extension 'ignore'
[0.139s] Level 1:colcon.colcon_core.package_identification:_identify(src/uuv_visualization) by extension 'ignore_ament_install'
[0.139s] Level 1:colcon.colcon_core.package_identification:_identify(src/uuv_visualization) by extensions ['colcon_pkg']
[0.139s] Level 1:colcon.colcon_core.package_identification:_identify(src/uuv_visualization) by extension 'colcon_pkg'
[0.139s] Level 1:colcon.colcon_core.package_identification:_identify(src/uuv_visualization) by extensions ['colcon_meta']
[0.139s] Level 1:colcon.colcon_core.package_identification:_identify(src/uuv_visualization) by extension 'colcon_meta'
[0.139s] Level 1:colcon.colcon_core.package_identification:_identify(src/uuv_visualization) by extensions ['ros']
[0.139s] Level 1:colcon.colcon_core.package_identification:_identify(src/uuv_visualization) by extension 'ros'
[0.140s] DEBUG:colcon.colcon_core.package_identification:Package 'src/uuv_visualization' with type 'ros.ament_cmake' and name 'uuv_visualization'
[0.140s] Level 1:colcon.colcon_core.package_discovery:discover_packages(recursive) using defaults
[0.140s] Level 1:colcon.colcon_core.package_discovery:discover_packages(ignore) discover
[0.140s] Level 1:colcon.colcon_core.package_discovery:discover_packages(ignore) using defaults
[0.140s] Level 1:colcon.colcon_core.package_discovery:discover_packages(path) discover
[0.140s] Level 1:colcon.colcon_core.package_discovery:discover_packages(path) using defaults
[0.163s] INFO:colcon.colcon_core.package_selection:Skipping not selected package 'uuv_control' in 'src/uuv_control'
[0.163s] INFO:colcon.colcon_core.package_selection:Skipping not selected package 'uuv_gazebo_plugins' in 'src/uuv_gazebo_plugins'
[0.163s] INFO:colcon.colcon_core.package_selection:Skipping not selected package 'uuv_master' in 'src/uuv_master'
[0.163s] INFO:colcon.colcon_core.package_selection:Skipping not selected package 'uuv_mission' in 'src/uuv_mission'
[0.163s] INFO:colcon.colcon_core.package_selection:Skipping not selected package 'uuv_navigation' in 'src/uuv_navigation'
[0.163s] INFO:colcon.colcon_core.package_selection:Skipping not selected package 'uuv_vision' in 'src/uuv_vision'
[0.163s] INFO:colcon.colcon_core.package_selection:Skipping not selected package 'uuv_visualization' in 'src/uuv_visualization'
[0.164s] Level 1:colcon.colcon_core.package_discovery:discover_packages(prefix_path) check parameters
[0.164s] Level 1:colcon.colcon_core.package_discovery:discover_packages(prefix_path) discover
[0.167s] DEBUG:colcon.colcon_installed_package_information.package_discovery:Found 7 installed packages in /home/alberto/Documents/sub_alberto/install
[0.167s] DEBUG:colcon.colcon_installed_package_information.package_discovery:Found 17 installed packages in /home/alberto/Documents/kia_gd_ws/install
[0.168s] DEBUG:colcon.colcon_installed_package_information.package_discovery:Found 8 installed packages in /home/alberto/install
[0.168s] DEBUG:colcon.colcon_installed_package_information.package_discovery:Found 4 installed packages in /home/alberto/ros2_ws/install
[0.169s] DEBUG:colcon.colcon_installed_package_information.package_discovery:Found 1 installed packages in /home/alberto/uuv/install
[0.170s] DEBUG:colcon.colcon_installed_package_information.package_discovery:Found 348 installed packages in /opt/ros/humble
[0.171s] Level 1:colcon.colcon_core.package_discovery:discover_packages(prefix_path) using defaults
[0.229s] Level 5:colcon.colcon_core.verb:set package 'uuv_description' build argument 'cmake_args' from command line to 'None'
[0.229s] Level 5:colcon.colcon_core.verb:set package 'uuv_description' build argument 'cmake_target' from command line to 'None'
[0.229s] Level 5:colcon.colcon_core.verb:set package 'uuv_description' build argument 'cmake_target_skip_unavailable' from command line to 'False'
[0.229s] Level 5:colcon.colcon_core.verb:set package 'uuv_description' build argument 'cmake_clean_cache' from command line to 'False'
[0.229s] Level 5:colcon.colcon_core.verb:set package 'uuv_description' build argument 'cmake_clean_first' from command line to 'False'
[0.229s] Level 5:colcon.colcon_core.verb:set package 'uuv_description' build argument 'cmake_force_configure' from command line to 'False'
[0.229s] Level 5:colcon.colcon_core.verb:set package 'uuv_description' build argument 'ament_cmake_args' from command line to 'None'
[0.229s] Level 5:colcon.colcon_core.verb:set package 'uuv_description' build argument 'catkin_cmake_args' from command line to 'None'
[0.229s] Level 5:colcon.colcon_core.verb:set package 'uuv_description' build argument 'catkin_skip_building_tests' from command line to 'False'
[0.229s] DEBUG:colcon.colcon_core.verb:Building package 'uuv_description' with the following arguments: {'ament_cmake_args': None, 'build_base': '/home/alberto/Documents/sub_alberto/build/uuv_description', 'catkin_cmake_args': None, 'catkin_skip_building_tests': False, 'cmake_args': None, 'cmake_clean_cache': False, 'cmake_clean_first': False, 'cmake_force_configure': False, 'cmake_target': None, 'cmake_target_skip_unavailable': False, 'install_base': '/home/alberto/Documents/sub_alberto/install/uuv_description', 'merge_install': False, 'path': '/home/alberto/Documents/sub_alberto/src/uuv_description', 'symlink_install': False, 'test_result_base': None}
[0.229s] INFO:colcon.colcon_core.executor:Executing jobs using 'parallel' executor
[0.230s] DEBUG:colcon.colcon_parallel_executor.executor.parallel:run_until_complete
[0.230s] INFO:colcon.colcon_cmake.task.cmake.build:Building CMake package in '/home/alberto/Documents/sub_alberto/src/uuv_description'
[0.234s] INFO:colcon.colcon_core.plugin_system:Skipping extension 'colcon_core.shell.bat': Not used on non-Windows systems
[0.234s] INFO:colcon.colcon_core.shell:Skip shell extension 'powershell' for command environment: Not usable outside of PowerShell
[0.234s] DEBUG:colcon.colcon_core.shell:Skip shell extension 'dsv' for command environment
[0.242s] DEBUG:colcon.colcon_core.event_handler.log_command:Invoking command in '/home/alberto/Documents/sub_alberto/build/uuv_description': /usr/bin/cmake /home/alberto/Documents/sub_alberto/src/uuv_description -DCMAKE_INSTALL_PREFIX=/home/alberto/Documents/sub_alberto/install/uuv_description
[1.642s] DEBUG:colcon.colcon_core.event_handler.log_command:Invoked command in '/home/alberto/Documents/sub_alberto/build/uuv_description' returned '1': /usr/bin/cmake /home/alberto/Documents/sub_alberto/src/uuv_description -DCMAKE_INSTALL_PREFIX=/home/alberto/Documents/sub_alberto/install/uuv_description
[1.652s] DEBUG:colcon.colcon_parallel_executor.executor.parallel:closing loop
[1.652s] DEBUG:colcon.colcon_parallel_executor.executor.parallel:loop closed
[1.652s] DEBUG:colcon.colcon_parallel_executor.executor.parallel:run_until_complete finished with '1'
[1.652s] DEBUG:colcon.colcon_core.event_reactor:joining thread
[1.658s] INFO:colcon.colcon_core.plugin_system:Skipping extension 'colcon_notification.desktop_notification.terminal_notifier': Not used on non-Darwin systems
[1.658s] INFO:colcon.colcon_core.plugin_system:Skipping extension 'colcon_notification.desktop_notification.win32': Not used on non-Windows systems
[1.658s] INFO:colcon.colcon_notification.desktop_notification:Sending desktop notification using 'notify2'
[1.676s] DEBUG:colcon.colcon_core.event_reactor:joined thread
[1.676s] INFO:colcon.colcon_core.shell:Creating prefix script '/home/alberto/Documents/sub_alberto/install/local_setup.ps1'
[1.677s] INFO:colcon.colcon_core.shell:Creating prefix util module '/home/alberto/Documents/sub_alberto/install/_local_setup_util_ps1.py'
[1.679s] INFO:colcon.colcon_core.shell:Creating prefix chain script '/home/alberto/Documents/sub_alberto/install/setup.ps1'
[1.681s] INFO:colcon.colcon_core.shell:Creating prefix script '/home/alberto/Documents/sub_alberto/install/local_setup.sh'
[1.682s] INFO:colcon.colcon_core.shell:Creating prefix util module '/home/alberto/Documents/sub_alberto/install/_local_setup_util_sh.py'
[1.682s] INFO:colcon.colcon_core.shell:Creating prefix chain script '/home/alberto/Documents/sub_alberto/install/setup.sh'
[1.684s] INFO:colcon.colcon_core.shell:Creating prefix script '/home/alberto/Documents/sub_alberto/install/local_setup.bash'
[1.685s] INFO:colcon.colcon_core.shell:Creating prefix chain script '/home/alberto/Documents/sub_alberto/install/setup.bash'
[1.686s] INFO:colcon.colcon_core.shell:Creating prefix script '/home/alberto/Documents/sub_alberto/install/local_setup.zsh'
[1.687s] INFO:colcon.colcon_core.shell:Creating prefix chain script '/home/alberto/Documents/sub_alberto/install/setup.zsh'
