[0.080s] DEBUG:colcon:Command line arguments: ['/usr/bin/colcon', 'build', '--packages-select', 'uuv_vision']
[0.080s] DEBUG:colcon:Parsed command line arguments: Namespace(log_base=None, log_level=None, verb_name='build', build_base='build', install_base='install', merge_install=False, symlink_install=False, test_result_base=None, continue_on_error=False, executor='parallel', parallel_workers=8, event_handlers=None, ignore_user_meta=False, metas=['./colcon.meta'], base_paths=['.'], packages_ignore=None, packages_ignore_regex=None, paths=None, packages_up_to=None, packages_up_to_regex=None, packages_above=None, packages_above_and_dependencies=None, packages_above_depth=None, packages_select_by_dep=None, packages_skip_by_dep=None, packages_skip_up_to=None, packages_select_build_failed=False, packages_skip_build_finished=False, packages_select_test_failures=False, packages_skip_test_passed=False, packages_select=['uuv_vision'], packages_skip=None, packages_select_regex=None, packages_skip_regex=None, packages_start=None, packages_end=None, allow_overriding=[], cmake_args=None, cmake_target=None, cmake_target_skip_unavailable=False, cmake_clean_cache=False, cmake_clean_first=False, cmake_force_configure=False, ament_cmake_args=None, catkin_cmake_args=None, catkin_skip_building_tests=False, mixin_files=None, mixin=None, verb_parser=<colcon_mixin.mixin.mixin_argument.MixinArgumentDecorator object at 0x7a2bec69e080>, verb_extension=<colcon_core.verb.build.BuildVerb object at 0x7a2bec69dab0>, main=<bound method BuildVerb.main of <colcon_core.verb.build.BuildVerb object at 0x7a2bec69dab0>>, mixin_verb=('build',))
[0.108s] Level 1:colcon.colcon_core.package_discovery:discover_packages(colcon_meta) check parameters
[0.108s] Level 1:colcon.colcon_core.package_discovery:discover_packages(recursive) check parameters
[0.108s] Level 1:colcon.colcon_core.package_discovery:discover_packages(ignore) check parameters
[0.108s] Level 1:colcon.colcon_core.package_discovery:discover_packages(path) check parameters
[0.108s] Level 1:colcon.colcon_core.package_discovery:discover_packages(colcon_meta) discover
[0.108s] Level 1:colcon.colcon_core.package_discovery:discover_packages(recursive) discover
[0.108s] INFO:colcon.colcon_core.package_discovery:Crawling recursively for packages in '/home/alberto/Documents/sub_alberto'
[0.108s] Level 1:colcon.colcon_core.package_identification:_identify(.) by extensions ['ignore', 'ignore_ament_install']
[0.108s] Level 1:colcon.colcon_core.package_identification:_identify(.) by extension 'ignore'
[0.109s] Level 1:colcon.colcon_core.package_identification:_identify(.) by extension 'ignore_ament_install'
[0.109s] Level 1:colcon.colcon_core.package_identification:_identify(.) by extensions ['colcon_pkg']
[0.109s] Level 1:colcon.colcon_core.package_identification:_identify(.) by extension 'colcon_pkg'
[0.109s] Level 1:colcon.colcon_core.package_identification:_identify(.) by extensions ['colcon_meta']
[0.109s] Level 1:colcon.colcon_core.package_identification:_identify(.) by extension 'colcon_meta'
[0.109s] Level 1:colcon.colcon_core.package_identification:_identify(.) by extensions ['ros']
[0.109s] Level 1:colcon.colcon_core.package_identification:_identify(.) by extension 'ros'
[0.127s] Level 1:colcon.colcon_core.package_identification:_identify(.) by extensions ['cmake', 'python']
[0.127s] Level 1:colcon.colcon_core.package_identification:_identify(.) by extension 'cmake'
[0.127s] Level 1:colcon.colcon_core.package_identification:_identify(.) by extension 'python'
[0.127s] Level 1:colcon.colcon_core.package_identification:_identify(.) by extensions ['python_setup_py']
[0.127s] Level 1:colcon.colcon_core.package_identification:_identify(.) by extension 'python_setup_py'
[0.127s] Level 1:colcon.colcon_core.package_identification:_identify(build) by extensions ['ignore', 'ignore_ament_install']
[0.127s] Level 1:colcon.colcon_core.package_identification:_identify(build) by extension 'ignore'
[0.127s] Level 1:colcon.colcon_core.package_identification:_identify(build) ignored
[0.127s] Level 1:colcon.colcon_core.package_identification:_identify(install) by extensions ['ignore', 'ignore_ament_install']
[0.127s] Level 1:colcon.colcon_core.package_identification:_identify(install) by extension 'ignore'
[0.127s] Level 1:colcon.colcon_core.package_identification:_identify(install) ignored
[0.128s] Level 1:colcon.colcon_core.package_identification:_identify(log) by extensions ['ignore', 'ignore_ament_install']
[0.128s] Level 1:colcon.colcon_core.package_identification:_identify(log) by extension 'ignore'
[0.128s] Level 1:colcon.colcon_core.package_identification:_identify(log) ignored
[0.128s] Level 1:colcon.colcon_core.package_identification:_identify(src) by extensions ['ignore', 'ignore_ament_install']
[0.128s] Level 1:colcon.colcon_core.package_identification:_identify(src) by extension 'ignore'
[0.128s] Level 1:colcon.colcon_core.package_identification:_identify(src) by extension 'ignore_ament_install'
[0.128s] Level 1:colcon.colcon_core.package_identification:_identify(src) by extensions ['colcon_pkg']
[0.128s] Level 1:colcon.colcon_core.package_identification:_identify(src) by extension 'colcon_pkg'
[0.128s] Level 1:colcon.colcon_core.package_identification:_identify(src) by extensions ['colcon_meta']
[0.128s] Level 1:colcon.colcon_core.package_identification:_identify(src) by extension 'colcon_meta'
[0.128s] Level 1:colcon.colcon_core.package_identification:_identify(src) by extensions ['ros']
[0.128s] Level 1:colcon.colcon_core.package_identification:_identify(src) by extension 'ros'
[0.128s] Level 1:colcon.colcon_core.package_identification:_identify(src) by extensions ['cmake', 'python']
[0.128s] Level 1:colcon.colcon_core.package_identification:_identify(src) by extension 'cmake'
[0.128s] Level 1:colcon.colcon_core.package_identification:_identify(src) by extension 'python'
[0.128s] Level 1:colcon.colcon_core.package_identification:_identify(src) by extensions ['python_setup_py']
[0.128s] Level 1:colcon.colcon_core.package_identification:_identify(src) by extension 'python_setup_py'
[0.128s] Level 1:colcon.colcon_core.package_identification:_identify(src/uuv_control) by extensions ['ignore', 'ignore_ament_install']
[0.128s] Level 1:colcon.colcon_core.package_identification:_identify(src/uuv_control) by extension 'ignore'
[0.128s] Level 1:colcon.colcon_core.package_identification:_identify(src/uuv_control) by extension 'ignore_ament_install'
[0.128s] Level 1:colcon.colcon_core.package_identification:_identify(src/uuv_control) by extensions ['colcon_pkg']
[0.128s] Level 1:colcon.colcon_core.package_identification:_identify(src/uuv_control) by extension 'colcon_pkg'
[0.128s] Level 1:colcon.colcon_core.package_identification:_identify(src/uuv_control) by extensions ['colcon_meta']
[0.128s] Level 1:colcon.colcon_core.package_identification:_identify(src/uuv_control) by extension 'colcon_meta'
[0.128s] Level 1:colcon.colcon_core.package_identification:_identify(src/uuv_control) by extensions ['ros']
[0.128s] Level 1:colcon.colcon_core.package_identification:_identify(src/uuv_control) by extension 'ros'
[0.131s] DEBUG:colcon.colcon_core.package_identification:Package 'src/uuv_control' with type 'ros.ament_cmake' and name 'uuv_control'
[0.131s] Level 1:colcon.colcon_core.package_identification:_identify(src/uuv_description) by extensions ['ignore', 'ignore_ament_install']
[0.131s] Level 1:colcon.colcon_core.package_identification:_identify(src/uuv_description) by extension 'ignore'
[0.131s] Level 1:colcon.colcon_core.package_identification:_identify(src/uuv_description) by extension 'ignore_ament_install'
[0.131s] Level 1:colcon.colcon_core.package_identification:_identify(src/uuv_description) by extensions ['colcon_pkg']
[0.131s] Level 1:colcon.colcon_core.package_identification:_identify(src/uuv_description) by extension 'colcon_pkg'
[0.131s] Level 1:colcon.colcon_core.package_identification:_identify(src/uuv_description) by extensions ['colcon_meta']
[0.131s] Level 1:colcon.colcon_core.package_identification:_identify(src/uuv_description) by extension 'colcon_meta'
[0.131s] Level 1:colcon.colcon_core.package_identification:_identify(src/uuv_description) by extensions ['ros']
[0.131s] Level 1:colcon.colcon_core.package_identification:_identify(src/uuv_description) by extension 'ros'
[0.131s] DEBUG:colcon.colcon_core.package_identification:Package 'src/uuv_description' with type 'ros.ament_cmake' and name 'uuv_description'
[0.132s] Level 1:colcon.colcon_core.package_identification:_identify(src/uuv_gazebo_plugins) by extensions ['ignore', 'ignore_ament_install']
[0.132s] Level 1:colcon.colcon_core.package_identification:_identify(src/uuv_gazebo_plugins) by extension 'ignore'
[0.132s] Level 1:colcon.colcon_core.package_identification:_identify(src/uuv_gazebo_plugins) by extension 'ignore_ament_install'
[0.132s] Level 1:colcon.colcon_core.package_identification:_identify(src/uuv_gazebo_plugins) by extensions ['colcon_pkg']
[0.132s] Level 1:colcon.colcon_core.package_identification:_identify(src/uuv_gazebo_plugins) by extension 'colcon_pkg'
[0.132s] Level 1:colcon.colcon_core.package_identification:_identify(src/uuv_gazebo_plugins) by extensions ['colcon_meta']
[0.132s] Level 1:colcon.colcon_core.package_identification:_identify(src/uuv_gazebo_plugins) by extension 'colcon_meta'
[0.132s] Level 1:colcon.colcon_core.package_identification:_identify(src/uuv_gazebo_plugins) by extensions ['ros']
[0.132s] Level 1:colcon.colcon_core.package_identification:_identify(src/uuv_gazebo_plugins) by extension 'ros'
[0.133s] DEBUG:colcon.colcon_core.package_identification:Package 'src/uuv_gazebo_plugins' with type 'ros.ament_cmake' and name 'uuv_gazebo_plugins'
[0.133s] Level 1:colcon.colcon_core.package_identification:_identify(src/uuv_master) by extensions ['ignore', 'ignore_ament_install']
[0.133s] Level 1:colcon.colcon_core.package_identification:_identify(src/uuv_master) by extension 'ignore'
[0.133s] Level 1:colcon.colcon_core.package_identification:_identify(src/uuv_master) by extension 'ignore_ament_install'
[0.133s] Level 1:colcon.colcon_core.package_identification:_identify(src/uuv_master) by extensions ['colcon_pkg']
[0.133s] Level 1:colcon.colcon_core.package_identification:_identify(src/uuv_master) by extension 'colcon_pkg'
[0.133s] Level 1:colcon.colcon_core.package_identification:_identify(src/uuv_master) by extensions ['colcon_meta']
[0.133s] Level 1:colcon.colcon_core.package_identification:_identify(src/uuv_master) by extension 'colcon_meta'
[0.133s] Level 1:colcon.colcon_core.package_identification:_identify(src/uuv_master) by extensions ['ros']
[0.133s] Level 1:colcon.colcon_core.package_identification:_identify(src/uuv_master) by extension 'ros'
[0.133s] DEBUG:colcon.colcon_core.package_identification:Package 'src/uuv_master' with type 'ros.ament_cmake' and name 'uuv_master'
[0.134s] Level 1:colcon.colcon_core.package_identification:_identify(src/uuv_mission) by extensions ['ignore', 'ignore_ament_install']
[0.134s] Level 1:colcon.colcon_core.package_identification:_identify(src/uuv_mission) by extension 'ignore'
[0.134s] Level 1:colcon.colcon_core.package_identification:_identify(src/uuv_mission) by extension 'ignore_ament_install'
[0.134s] Level 1:colcon.colcon_core.package_identification:_identify(src/uuv_mission) by extensions ['colcon_pkg']
[0.134s] Level 1:colcon.colcon_core.package_identification:_identify(src/uuv_mission) by extension 'colcon_pkg'
[0.134s] Level 1:colcon.colcon_core.package_identification:_identify(src/uuv_mission) by extensions ['colcon_meta']
[0.134s] Level 1:colcon.colcon_core.package_identification:_identify(src/uuv_mission) by extension 'colcon_meta'
[0.134s] Level 1:colcon.colcon_core.package_identification:_identify(src/uuv_mission) by extensions ['ros']
[0.134s] Level 1:colcon.colcon_core.package_identification:_identify(src/uuv_mission) by extension 'ros'
[0.134s] DEBUG:colcon.colcon_core.package_identification:Package 'src/uuv_mission' with type 'ros.ament_cmake' and name 'uuv_mission'
[0.134s] Level 1:colcon.colcon_core.package_identification:_identify(src/uuv_msgs) by extensions ['ignore', 'ignore_ament_install']
[0.134s] Level 1:colcon.colcon_core.package_identification:_identify(src/uuv_msgs) by extension 'ignore'
[0.135s] Level 1:colcon.colcon_core.package_identification:_identify(src/uuv_msgs) by extension 'ignore_ament_install'
[0.135s] Level 1:colcon.colcon_core.package_identification:_identify(src/uuv_msgs) by extensions ['colcon_pkg']
[0.135s] Level 1:colcon.colcon_core.package_identification:_identify(src/uuv_msgs) by extension 'colcon_pkg'
[0.135s] Level 1:colcon.colcon_core.package_identification:_identify(src/uuv_msgs) by extensions ['colcon_meta']
[0.135s] Level 1:colcon.colcon_core.package_identification:_identify(src/uuv_msgs) by extension 'colcon_meta'
[0.135s] Level 1:colcon.colcon_core.package_identification:_identify(src/uuv_msgs) by extensions ['ros']
[0.135s] Level 1:colcon.colcon_core.package_identification:_identify(src/uuv_msgs) by extension 'ros'
[0.135s] Level 1:colcon.colcon_core.package_identification:_identify(src/uuv_msgs) by extensions ['cmake', 'python']
[0.135s] Level 1:colcon.colcon_core.package_identification:_identify(src/uuv_msgs) by extension 'cmake'
[0.135s] Level 1:colcon.colcon_core.package_identification:_identify(src/uuv_msgs) by extension 'python'
[0.135s] Level 1:colcon.colcon_core.package_identification:_identify(src/uuv_msgs) by extensions ['python_setup_py']
[0.135s] Level 1:colcon.colcon_core.package_identification:_identify(src/uuv_msgs) by extension 'python_setup_py'
[0.135s] Level 1:colcon.colcon_core.package_identification:_identify(src/uuv_msgs/build) by extensions ['ignore', 'ignore_ament_install']
[0.135s] Level 1:colcon.colcon_core.package_identification:_identify(src/uuv_msgs/build) by extension 'ignore'
[0.135s] Level 1:colcon.colcon_core.package_identification:_identify(src/uuv_msgs/build) by extension 'ignore_ament_install'
[0.135s] Level 1:colcon.colcon_core.package_identification:_identify(src/uuv_msgs/build) by extensions ['colcon_pkg']
[0.135s] Level 1:colcon.colcon_core.package_identification:_identify(src/uuv_msgs/build) by extension 'colcon_pkg'
[0.135s] Level 1:colcon.colcon_core.package_identification:_identify(src/uuv_msgs/build) by extensions ['colcon_meta']
[0.135s] Level 1:colcon.colcon_core.package_identification:_identify(src/uuv_msgs/build) by extension 'colcon_meta'
[0.135s] Level 1:colcon.colcon_core.package_identification:_identify(src/uuv_msgs/build) by extensions ['ros']
[0.135s] Level 1:colcon.colcon_core.package_identification:_identify(src/uuv_msgs/build) by extension 'ros'
[0.135s] Level 1:colcon.colcon_core.package_identification:_identify(src/uuv_msgs/build) by extensions ['cmake', 'python']
[0.135s] Level 1:colcon.colcon_core.package_identification:_identify(src/uuv_msgs/build) by extension 'cmake'
[0.135s] Level 1:colcon.colcon_core.package_identification:_identify(src/uuv_msgs/build) by extension 'python'
[0.135s] Level 1:colcon.colcon_core.package_identification:_identify(src/uuv_msgs/build) by extensions ['python_setup_py']
[0.135s] Level 1:colcon.colcon_core.package_identification:_identify(src/uuv_msgs/build) by extension 'python_setup_py'
[0.135s] Level 1:colcon.colcon_core.package_identification:_identify(src/uuv_msgs/build/uuv_msgs) by extensions ['ignore', 'ignore_ament_install']
[0.135s] Level 1:colcon.colcon_core.package_identification:_identify(src/uuv_msgs/build/uuv_msgs) by extension 'ignore'
[0.135s] Level 1:colcon.colcon_core.package_identification:_identify(src/uuv_msgs/build/uuv_msgs) by extension 'ignore_ament_install'
[0.135s] Level 1:colcon.colcon_core.package_identification:_identify(src/uuv_msgs/build/uuv_msgs) by extensions ['colcon_pkg']
[0.135s] Level 1:colcon.colcon_core.package_identification:_identify(src/uuv_msgs/build/uuv_msgs) by extension 'colcon_pkg'
[0.135s] Level 1:colcon.colcon_core.package_identification:_identify(src/uuv_msgs/build/uuv_msgs) by extensions ['colcon_meta']
[0.135s] Level 1:colcon.colcon_core.package_identification:_identify(src/uuv_msgs/build/uuv_msgs) by extension 'colcon_meta'
[0.136s] Level 1:colcon.colcon_core.package_identification:_identify(src/uuv_msgs/build/uuv_msgs) by extensions ['ros']
[0.136s] Level 1:colcon.colcon_core.package_identification:_identify(src/uuv_msgs/build/uuv_msgs) by extension 'ros'
[0.136s] Level 1:colcon.colcon_core.package_identification:_identify(src/uuv_msgs/build/uuv_msgs) by extensions ['cmake', 'python']
[0.136s] Level 1:colcon.colcon_core.package_identification:_identify(src/uuv_msgs/build/uuv_msgs) by extension 'cmake'
[0.136s] Level 1:colcon.colcon_core.package_identification:_identify(src/uuv_msgs/build/uuv_msgs) by extension 'python'
[0.136s] Level 1:colcon.colcon_core.package_identification:_identify(src/uuv_msgs/build/uuv_msgs) by extensions ['python_setup_py']
[0.136s] Level 1:colcon.colcon_core.package_identification:_identify(src/uuv_msgs/build/uuv_msgs) by extension 'python_setup_py'
[0.136s] Level 1:colcon.colcon_core.package_identification:_identify(src/uuv_msgs/build/uuv_msgs/CMakeFiles) by extensions ['ignore', 'ignore_ament_install']
[0.136s] Level 1:colcon.colcon_core.package_identification:_identify(src/uuv_msgs/build/uuv_msgs/CMakeFiles) by extension 'ignore'
[0.136s] Level 1:colcon.colcon_core.package_identification:_identify(src/uuv_msgs/build/uuv_msgs/CMakeFiles) by extension 'ignore_ament_install'
[0.136s] Level 1:colcon.colcon_core.package_identification:_identify(src/uuv_msgs/build/uuv_msgs/CMakeFiles) by extensions ['colcon_pkg']
[0.136s] Level 1:colcon.colcon_core.package_identification:_identify(src/uuv_msgs/build/uuv_msgs/CMakeFiles) by extension 'colcon_pkg'
[0.136s] Level 1:colcon.colcon_core.package_identification:_identify(src/uuv_msgs/build/uuv_msgs/CMakeFiles) by extensions ['colcon_meta']
[0.136s] Level 1:colcon.colcon_core.package_identification:_identify(src/uuv_msgs/build/uuv_msgs/CMakeFiles) by extension 'colcon_meta'
[0.136s] Level 1:colcon.colcon_core.package_identification:_identify(src/uuv_msgs/build/uuv_msgs/CMakeFiles) by extensions ['ros']
[0.136s] Level 1:colcon.colcon_core.package_identification:_identify(src/uuv_msgs/build/uuv_msgs/CMakeFiles) by extension 'ros'
[0.136s] Level 1:colcon.colcon_core.package_identification:_identify(src/uuv_msgs/build/uuv_msgs/CMakeFiles) by extensions ['cmake', 'python']
[0.136s] Level 1:colcon.colcon_core.package_identification:_identify(src/uuv_msgs/build/uuv_msgs/CMakeFiles) by extension 'cmake'
[0.136s] Level 1:colcon.colcon_core.package_identification:_identify(src/uuv_msgs/build/uuv_msgs/CMakeFiles) by extension 'python'
[0.136s] Level 1:colcon.colcon_core.package_identification:_identify(src/uuv_msgs/build/uuv_msgs/CMakeFiles) by extensions ['python_setup_py']
[0.136s] Level 1:colcon.colcon_core.package_identification:_identify(src/uuv_msgs/build/uuv_msgs/CMakeFiles) by extension 'python_setup_py'
[0.136s] Level 1:colcon.colcon_core.package_identification:_identify(src/uuv_msgs/build/uuv_msgs/CMakeFiles/3.22.1) by extensions ['ignore', 'ignore_ament_install']
[0.136s] Level 1:colcon.colcon_core.package_identification:_identify(src/uuv_msgs/build/uuv_msgs/CMakeFiles/3.22.1) by extension 'ignore'
[0.136s] Level 1:colcon.colcon_core.package_identification:_identify(src/uuv_msgs/build/uuv_msgs/CMakeFiles/3.22.1) by extension 'ignore_ament_install'
[0.136s] Level 1:colcon.colcon_core.package_identification:_identify(src/uuv_msgs/build/uuv_msgs/CMakeFiles/3.22.1) by extensions ['colcon_pkg']
[0.136s] Level 1:colcon.colcon_core.package_identification:_identify(src/uuv_msgs/build/uuv_msgs/CMakeFiles/3.22.1) by extension 'colcon_pkg'
[0.136s] Level 1:colcon.colcon_core.package_identification:_identify(src/uuv_msgs/build/uuv_msgs/CMakeFiles/3.22.1) by extensions ['colcon_meta']
[0.136s] Level 1:colcon.colcon_core.package_identification:_identify(src/uuv_msgs/build/uuv_msgs/CMakeFiles/3.22.1) by extension 'colcon_meta'
[0.136s] Level 1:colcon.colcon_core.package_identification:_identify(src/uuv_msgs/build/uuv_msgs/CMakeFiles/3.22.1) by extensions ['ros']
[0.136s] Level 1:colcon.colcon_core.package_identification:_identify(src/uuv_msgs/build/uuv_msgs/CMakeFiles/3.22.1) by extension 'ros'
[0.136s] Level 1:colcon.colcon_core.package_identification:_identify(src/uuv_msgs/build/uuv_msgs/CMakeFiles/3.22.1) by extensions ['cmake', 'python']
[0.136s] Level 1:colcon.colcon_core.package_identification:_identify(src/uuv_msgs/build/uuv_msgs/CMakeFiles/3.22.1) by extension 'cmake'
[0.136s] Level 1:colcon.colcon_core.package_identification:_identify(src/uuv_msgs/build/uuv_msgs/CMakeFiles/3.22.1) by extension 'python'
[0.137s] Level 1:colcon.colcon_core.package_identification:_identify(src/uuv_msgs/build/uuv_msgs/CMakeFiles/3.22.1) by extensions ['python_setup_py']
[0.137s] Level 1:colcon.colcon_core.package_identification:_identify(src/uuv_msgs/build/uuv_msgs/CMakeFiles/3.22.1) by extension 'python_setup_py'
[0.137s] Level 1:colcon.colcon_core.package_identification:_identify(src/uuv_msgs/build/uuv_msgs/CMakeFiles/3.22.1/CompilerIdC) by extensions ['ignore', 'ignore_ament_install']
[0.137s] Level 1:colcon.colcon_core.package_identification:_identify(src/uuv_msgs/build/uuv_msgs/CMakeFiles/3.22.1/CompilerIdC) by extension 'ignore'
[0.137s] Level 1:colcon.colcon_core.package_identification:_identify(src/uuv_msgs/build/uuv_msgs/CMakeFiles/3.22.1/CompilerIdC) by extension 'ignore_ament_install'
[0.137s] Level 1:colcon.colcon_core.package_identification:_identify(src/uuv_msgs/build/uuv_msgs/CMakeFiles/3.22.1/CompilerIdC) by extensions ['colcon_pkg']
[0.137s] Level 1:colcon.colcon_core.package_identification:_identify(src/uuv_msgs/build/uuv_msgs/CMakeFiles/3.22.1/CompilerIdC) by extension 'colcon_pkg'
[0.137s] Level 1:colcon.colcon_core.package_identification:_identify(src/uuv_msgs/build/uuv_msgs/CMakeFiles/3.22.1/CompilerIdC) by extensions ['colcon_meta']
[0.137s] Level 1:colcon.colcon_core.package_identification:_identify(src/uuv_msgs/build/uuv_msgs/CMakeFiles/3.22.1/CompilerIdC) by extension 'colcon_meta'
[0.137s] Level 1:colcon.colcon_core.package_identification:_identify(src/uuv_msgs/build/uuv_msgs/CMakeFiles/3.22.1/CompilerIdC) by extensions ['ros']
[0.137s] Level 1:colcon.colcon_core.package_identification:_identify(src/uuv_msgs/build/uuv_msgs/CMakeFiles/3.22.1/CompilerIdC) by extension 'ros'
[0.137s] Level 1:colcon.colcon_core.package_identification:_identify(src/uuv_msgs/build/uuv_msgs/CMakeFiles/3.22.1/CompilerIdC) by extensions ['cmake', 'python']
[0.137s] Level 1:colcon.colcon_core.package_identification:_identify(src/uuv_msgs/build/uuv_msgs/CMakeFiles/3.22.1/CompilerIdC) by extension 'cmake'
[0.137s] Level 1:colcon.colcon_core.package_identification:_identify(src/uuv_msgs/build/uuv_msgs/CMakeFiles/3.22.1/CompilerIdC) by extension 'python'
[0.137s] Level 1:colcon.colcon_core.package_identification:_identify(src/uuv_msgs/build/uuv_msgs/CMakeFiles/3.22.1/CompilerIdC) by extensions ['python_setup_py']
[0.137s] Level 1:colcon.colcon_core.package_identification:_identify(src/uuv_msgs/build/uuv_msgs/CMakeFiles/3.22.1/CompilerIdC) by extension 'python_setup_py'
[0.137s] Level 1:colcon.colcon_core.package_identification:_identify(src/uuv_msgs/build/uuv_msgs/CMakeFiles/3.22.1/CompilerIdC/tmp) by extensions ['ignore', 'ignore_ament_install']
[0.137s] Level 1:colcon.colcon_core.package_identification:_identify(src/uuv_msgs/build/uuv_msgs/CMakeFiles/3.22.1/CompilerIdC/tmp) by extension 'ignore'
[0.137s] Level 1:colcon.colcon_core.package_identification:_identify(src/uuv_msgs/build/uuv_msgs/CMakeFiles/3.22.1/CompilerIdC/tmp) by extension 'ignore_ament_install'
[0.137s] Level 1:colcon.colcon_core.package_identification:_identify(src/uuv_msgs/build/uuv_msgs/CMakeFiles/3.22.1/CompilerIdC/tmp) by extensions ['colcon_pkg']
[0.137s] Level 1:colcon.colcon_core.package_identification:_identify(src/uuv_msgs/build/uuv_msgs/CMakeFiles/3.22.1/CompilerIdC/tmp) by extension 'colcon_pkg'
[0.137s] Level 1:colcon.colcon_core.package_identification:_identify(src/uuv_msgs/build/uuv_msgs/CMakeFiles/3.22.1/CompilerIdC/tmp) by extensions ['colcon_meta']
[0.137s] Level 1:colcon.colcon_core.package_identification:_identify(src/uuv_msgs/build/uuv_msgs/CMakeFiles/3.22.1/CompilerIdC/tmp) by extension 'colcon_meta'
[0.137s] Level 1:colcon.colcon_core.package_identification:_identify(src/uuv_msgs/build/uuv_msgs/CMakeFiles/3.22.1/CompilerIdC/tmp) by extensions ['ros']
[0.137s] Level 1:colcon.colcon_core.package_identification:_identify(src/uuv_msgs/build/uuv_msgs/CMakeFiles/3.22.1/CompilerIdC/tmp) by extension 'ros'
[0.137s] Level 1:colcon.colcon_core.package_identification:_identify(src/uuv_msgs/build/uuv_msgs/CMakeFiles/3.22.1/CompilerIdC/tmp) by extensions ['cmake', 'python']
[0.137s] Level 1:colcon.colcon_core.package_identification:_identify(src/uuv_msgs/build/uuv_msgs/CMakeFiles/3.22.1/CompilerIdC/tmp) by extension 'cmake'
[0.137s] Level 1:colcon.colcon_core.package_identification:_identify(src/uuv_msgs/build/uuv_msgs/CMakeFiles/3.22.1/CompilerIdC/tmp) by extension 'python'
[0.137s] Level 1:colcon.colcon_core.package_identification:_identify(src/uuv_msgs/build/uuv_msgs/CMakeFiles/3.22.1/CompilerIdC/tmp) by extensions ['python_setup_py']
[0.137s] Level 1:colcon.colcon_core.package_identification:_identify(src/uuv_msgs/build/uuv_msgs/CMakeFiles/3.22.1/CompilerIdC/tmp) by extension 'python_setup_py'
[0.137s] Level 1:colcon.colcon_core.package_identification:_identify(src/uuv_msgs/build/uuv_msgs/CMakeFiles/3.22.1/CompilerIdCXX) by extensions ['ignore', 'ignore_ament_install']
[0.138s] Level 1:colcon.colcon_core.package_identification:_identify(src/uuv_msgs/build/uuv_msgs/CMakeFiles/3.22.1/CompilerIdCXX) by extension 'ignore'
[0.138s] Level 1:colcon.colcon_core.package_identification:_identify(src/uuv_msgs/build/uuv_msgs/CMakeFiles/3.22.1/CompilerIdCXX) by extension 'ignore_ament_install'
[0.138s] Level 1:colcon.colcon_core.package_identification:_identify(src/uuv_msgs/build/uuv_msgs/CMakeFiles/3.22.1/CompilerIdCXX) by extensions ['colcon_pkg']
[0.138s] Level 1:colcon.colcon_core.package_identification:_identify(src/uuv_msgs/build/uuv_msgs/CMakeFiles/3.22.1/CompilerIdCXX) by extension 'colcon_pkg'
[0.138s] Level 1:colcon.colcon_core.package_identification:_identify(src/uuv_msgs/build/uuv_msgs/CMakeFiles/3.22.1/CompilerIdCXX) by extensions ['colcon_meta']
[0.138s] Level 1:colcon.colcon_core.package_identification:_identify(src/uuv_msgs/build/uuv_msgs/CMakeFiles/3.22.1/CompilerIdCXX) by extension 'colcon_meta'
[0.138s] Level 1:colcon.colcon_core.package_identification:_identify(src/uuv_msgs/build/uuv_msgs/CMakeFiles/3.22.1/CompilerIdCXX) by extensions ['ros']
[0.138s] Level 1:colcon.colcon_core.package_identification:_identify(src/uuv_msgs/build/uuv_msgs/CMakeFiles/3.22.1/CompilerIdCXX) by extension 'ros'
[0.138s] Level 1:colcon.colcon_core.package_identification:_identify(src/uuv_msgs/build/uuv_msgs/CMakeFiles/3.22.1/CompilerIdCXX) by extensions ['cmake', 'python']
[0.138s] Level 1:colcon.colcon_core.package_identification:_identify(src/uuv_msgs/build/uuv_msgs/CMakeFiles/3.22.1/CompilerIdCXX) by extension 'cmake'
[0.138s] Level 1:colcon.colcon_core.package_identification:_identify(src/uuv_msgs/build/uuv_msgs/CMakeFiles/3.22.1/CompilerIdCXX) by extension 'python'
[0.138s] Level 1:colcon.colcon_core.package_identification:_identify(src/uuv_msgs/build/uuv_msgs/CMakeFiles/3.22.1/CompilerIdCXX) by extensions ['python_setup_py']
[0.138s] Level 1:colcon.colcon_core.package_identification:_identify(src/uuv_msgs/build/uuv_msgs/CMakeFiles/3.22.1/CompilerIdCXX) by extension 'python_setup_py'
[0.138s] Level 1:colcon.colcon_core.package_identification:_identify(src/uuv_msgs/build/uuv_msgs/CMakeFiles/3.22.1/CompilerIdCXX/tmp) by extensions ['ignore', 'ignore_ament_install']
[0.138s] Level 1:colcon.colcon_core.package_identification:_identify(src/uuv_msgs/build/uuv_msgs/CMakeFiles/3.22.1/CompilerIdCXX/tmp) by extension 'ignore'
[0.138s] Level 1:colcon.colcon_core.package_identification:_identify(src/uuv_msgs/build/uuv_msgs/CMakeFiles/3.22.1/CompilerIdCXX/tmp) by extension 'ignore_ament_install'
[0.138s] Level 1:colcon.colcon_core.package_identification:_identify(src/uuv_msgs/build/uuv_msgs/CMakeFiles/3.22.1/CompilerIdCXX/tmp) by extensions ['colcon_pkg']
[0.138s] Level 1:colcon.colcon_core.package_identification:_identify(src/uuv_msgs/build/uuv_msgs/CMakeFiles/3.22.1/CompilerIdCXX/tmp) by extension 'colcon_pkg'
[0.138s] Level 1:colcon.colcon_core.package_identification:_identify(src/uuv_msgs/build/uuv_msgs/CMakeFiles/3.22.1/CompilerIdCXX/tmp) by extensions ['colcon_meta']
[0.138s] Level 1:colcon.colcon_core.package_identification:_identify(src/uuv_msgs/build/uuv_msgs/CMakeFiles/3.22.1/CompilerIdCXX/tmp) by extension 'colcon_meta'
[0.138s] Level 1:colcon.colcon_core.package_identification:_identify(src/uuv_msgs/build/uuv_msgs/CMakeFiles/3.22.1/CompilerIdCXX/tmp) by extensions ['ros']
[0.138s] Level 1:colcon.colcon_core.package_identification:_identify(src/uuv_msgs/build/uuv_msgs/CMakeFiles/3.22.1/CompilerIdCXX/tmp) by extension 'ros'
[0.138s] Level 1:colcon.colcon_core.package_identification:_identify(src/uuv_msgs/build/uuv_msgs/CMakeFiles/3.22.1/CompilerIdCXX/tmp) by extensions ['cmake', 'python']
[0.138s] Level 1:colcon.colcon_core.package_identification:_identify(src/uuv_msgs/build/uuv_msgs/CMakeFiles/3.22.1/CompilerIdCXX/tmp) by extension 'cmake'
[0.138s] Level 1:colcon.colcon_core.package_identification:_identify(src/uuv_msgs/build/uuv_msgs/CMakeFiles/3.22.1/CompilerIdCXX/tmp) by extension 'python'
[0.138s] Level 1:colcon.colcon_core.package_identification:_identify(src/uuv_msgs/build/uuv_msgs/CMakeFiles/3.22.1/CompilerIdCXX/tmp) by extensions ['python_setup_py']
[0.138s] Level 1:colcon.colcon_core.package_identification:_identify(src/uuv_msgs/build/uuv_msgs/CMakeFiles/3.22.1/CompilerIdCXX/tmp) by extension 'python_setup_py'
[0.138s] Level 1:colcon.colcon_core.package_identification:_identify(src/uuv_msgs/build/uuv_msgs/CMakeFiles/CMakeTmp) by extensions ['ignore', 'ignore_ament_install']
[0.138s] Level 1:colcon.colcon_core.package_identification:_identify(src/uuv_msgs/build/uuv_msgs/CMakeFiles/CMakeTmp) by extension 'ignore'
[0.138s] Level 1:colcon.colcon_core.package_identification:_identify(src/uuv_msgs/build/uuv_msgs/CMakeFiles/CMakeTmp) by extension 'ignore_ament_install'
[0.138s] Level 1:colcon.colcon_core.package_identification:_identify(src/uuv_msgs/build/uuv_msgs/CMakeFiles/CMakeTmp) by extensions ['colcon_pkg']
[0.138s] Level 1:colcon.colcon_core.package_identification:_identify(src/uuv_msgs/build/uuv_msgs/CMakeFiles/CMakeTmp) by extension 'colcon_pkg'
[0.139s] Level 1:colcon.colcon_core.package_identification:_identify(src/uuv_msgs/build/uuv_msgs/CMakeFiles/CMakeTmp) by extensions ['colcon_meta']
[0.139s] Level 1:colcon.colcon_core.package_identification:_identify(src/uuv_msgs/build/uuv_msgs/CMakeFiles/CMakeTmp) by extension 'colcon_meta'
[0.139s] Level 1:colcon.colcon_core.package_identification:_identify(src/uuv_msgs/build/uuv_msgs/CMakeFiles/CMakeTmp) by extensions ['ros']
[0.139s] Level 1:colcon.colcon_core.package_identification:_identify(src/uuv_msgs/build/uuv_msgs/CMakeFiles/CMakeTmp) by extension 'ros'
[0.139s] Level 1:colcon.colcon_core.package_identification:_identify(src/uuv_msgs/build/uuv_msgs/CMakeFiles/CMakeTmp) by extensions ['cmake', 'python']
[0.139s] Level 1:colcon.colcon_core.package_identification:_identify(src/uuv_msgs/build/uuv_msgs/CMakeFiles/CMakeTmp) by extension 'cmake'
[0.139s] Level 1:colcon.colcon_core.package_identification:_identify(src/uuv_msgs/build/uuv_msgs/CMakeFiles/CMakeTmp) by extension 'python'
[0.139s] Level 1:colcon.colcon_core.package_identification:_identify(src/uuv_msgs/build/uuv_msgs/CMakeFiles/CMakeTmp) by extensions ['python_setup_py']
[0.139s] Level 1:colcon.colcon_core.package_identification:_identify(src/uuv_msgs/build/uuv_msgs/CMakeFiles/CMakeTmp) by extension 'python_setup_py'
[0.139s] Level 1:colcon.colcon_core.package_identification:_identify(src/uuv_navigation) by extensions ['ignore', 'ignore_ament_install']
[0.139s] Level 1:colcon.colcon_core.package_identification:_identify(src/uuv_navigation) by extension 'ignore'
[0.139s] Level 1:colcon.colcon_core.package_identification:_identify(src/uuv_navigation) by extension 'ignore_ament_install'
[0.139s] Level 1:colcon.colcon_core.package_identification:_identify(src/uuv_navigation) by extensions ['colcon_pkg']
[0.139s] Level 1:colcon.colcon_core.package_identification:_identify(src/uuv_navigation) by extension 'colcon_pkg'
[0.139s] Level 1:colcon.colcon_core.package_identification:_identify(src/uuv_navigation) by extensions ['colcon_meta']
[0.139s] Level 1:colcon.colcon_core.package_identification:_identify(src/uuv_navigation) by extension 'colcon_meta'
[0.139s] Level 1:colcon.colcon_core.package_identification:_identify(src/uuv_navigation) by extensions ['ros']
[0.139s] Level 1:colcon.colcon_core.package_identification:_identify(src/uuv_navigation) by extension 'ros'
[0.140s] DEBUG:colcon.colcon_core.package_identification:Package 'src/uuv_navigation' with type 'ros.ament_cmake' and name 'uuv_navigation'
[0.140s] Level 1:colcon.colcon_core.package_identification:_identify(src/uuv_vision) by extensions ['ignore', 'ignore_ament_install']
[0.140s] Level 1:colcon.colcon_core.package_identification:_identify(src/uuv_vision) by extension 'ignore'
[0.140s] Level 1:colcon.colcon_core.package_identification:_identify(src/uuv_vision) by extension 'ignore_ament_install'
[0.140s] Level 1:colcon.colcon_core.package_identification:_identify(src/uuv_vision) by extensions ['colcon_pkg']
[0.140s] Level 1:colcon.colcon_core.package_identification:_identify(src/uuv_vision) by extension 'colcon_pkg'
[0.140s] Level 1:colcon.colcon_core.package_identification:_identify(src/uuv_vision) by extensions ['colcon_meta']
[0.140s] Level 1:colcon.colcon_core.package_identification:_identify(src/uuv_vision) by extension 'colcon_meta'
[0.140s] Level 1:colcon.colcon_core.package_identification:_identify(src/uuv_vision) by extensions ['ros']
[0.140s] Level 1:colcon.colcon_core.package_identification:_identify(src/uuv_vision) by extension 'ros'
[0.140s] DEBUG:colcon.colcon_core.package_identification:Package 'src/uuv_vision' with type 'ros.ament_cmake' and name 'uuv_vision'
[0.141s] Level 1:colcon.colcon_core.package_identification:_identify(src/uuv_visualization) by extensions ['ignore', 'ignore_ament_install']
[0.141s] Level 1:colcon.colcon_core.package_identification:_identify(src/uuv_visualization) by extension 'ignore'
[0.141s] Level 1:colcon.colcon_core.package_identification:_identify(src/uuv_visualization) by extension 'ignore_ament_install'
[0.141s] Level 1:colcon.colcon_core.package_identification:_identify(src/uuv_visualization) by extensions ['colcon_pkg']
[0.141s] Level 1:colcon.colcon_core.package_identification:_identify(src/uuv_visualization) by extension 'colcon_pkg'
[0.141s] Level 1:colcon.colcon_core.package_identification:_identify(src/uuv_visualization) by extensions ['colcon_meta']
[0.141s] Level 1:colcon.colcon_core.package_identification:_identify(src/uuv_visualization) by extension 'colcon_meta'
[0.141s] Level 1:colcon.colcon_core.package_identification:_identify(src/uuv_visualization) by extensions ['ros']
[0.141s] Level 1:colcon.colcon_core.package_identification:_identify(src/uuv_visualization) by extension 'ros'
[0.141s] DEBUG:colcon.colcon_core.package_identification:Package 'src/uuv_visualization' with type 'ros.ament_cmake' and name 'uuv_visualization'
[0.141s] Level 1:colcon.colcon_core.package_discovery:discover_packages(recursive) using defaults
[0.141s] Level 1:colcon.colcon_core.package_discovery:discover_packages(ignore) discover
[0.141s] Level 1:colcon.colcon_core.package_discovery:discover_packages(ignore) using defaults
[0.141s] Level 1:colcon.colcon_core.package_discovery:discover_packages(path) discover
[0.141s] Level 1:colcon.colcon_core.package_discovery:discover_packages(path) using defaults
[0.157s] INFO:colcon.colcon_core.package_selection:Skipping not selected package 'uuv_control' in 'src/uuv_control'
[0.157s] INFO:colcon.colcon_core.package_selection:Skipping not selected package 'uuv_description' in 'src/uuv_description'
[0.157s] INFO:colcon.colcon_core.package_selection:Skipping not selected package 'uuv_gazebo_plugins' in 'src/uuv_gazebo_plugins'
[0.157s] INFO:colcon.colcon_core.package_selection:Skipping not selected package 'uuv_master' in 'src/uuv_master'
[0.157s] INFO:colcon.colcon_core.package_selection:Skipping not selected package 'uuv_mission' in 'src/uuv_mission'
[0.157s] INFO:colcon.colcon_core.package_selection:Skipping not selected package 'uuv_navigation' in 'src/uuv_navigation'
[0.157s] INFO:colcon.colcon_core.package_selection:Skipping not selected package 'uuv_visualization' in 'src/uuv_visualization'
[0.157s] Level 1:colcon.colcon_core.package_discovery:discover_packages(prefix_path) check parameters
[0.157s] Level 1:colcon.colcon_core.package_discovery:discover_packages(prefix_path) discover
[0.159s] DEBUG:colcon.colcon_installed_package_information.package_discovery:Found 8 installed packages in /home/alberto/Documents/sub_alberto/install
[0.159s] DEBUG:colcon.colcon_installed_package_information.package_discovery:Found 17 installed packages in /home/alberto/Documents/kia_gd_ws/install
[0.160s] DEBUG:colcon.colcon_installed_package_information.package_discovery:Found 8 installed packages in /home/alberto/install
[0.160s] DEBUG:colcon.colcon_installed_package_information.package_discovery:Found 4 installed packages in /home/alberto/ros2_ws/install
[0.161s] DEBUG:colcon.colcon_installed_package_information.package_discovery:Found 1 installed packages in /home/alberto/uuv/install
[0.162s] DEBUG:colcon.colcon_installed_package_information.package_discovery:Found 350 installed packages in /opt/ros/humble
[0.163s] Level 1:colcon.colcon_core.package_discovery:discover_packages(prefix_path) using defaults
[0.202s] Level 5:colcon.colcon_core.verb:set package 'uuv_vision' build argument 'cmake_args' from command line to 'None'
[0.202s] Level 5:colcon.colcon_core.verb:set package 'uuv_vision' build argument 'cmake_target' from command line to 'None'
[0.202s] Level 5:colcon.colcon_core.verb:set package 'uuv_vision' build argument 'cmake_target_skip_unavailable' from command line to 'False'
[0.202s] Level 5:colcon.colcon_core.verb:set package 'uuv_vision' build argument 'cmake_clean_cache' from command line to 'False'
[0.202s] Level 5:colcon.colcon_core.verb:set package 'uuv_vision' build argument 'cmake_clean_first' from command line to 'False'
[0.202s] Level 5:colcon.colcon_core.verb:set package 'uuv_vision' build argument 'cmake_force_configure' from command line to 'False'
[0.202s] Level 5:colcon.colcon_core.verb:set package 'uuv_vision' build argument 'ament_cmake_args' from command line to 'None'
[0.202s] Level 5:colcon.colcon_core.verb:set package 'uuv_vision' build argument 'catkin_cmake_args' from command line to 'None'
[0.202s] Level 5:colcon.colcon_core.verb:set package 'uuv_vision' build argument 'catkin_skip_building_tests' from command line to 'False'
[0.202s] DEBUG:colcon.colcon_core.verb:Building package 'uuv_vision' with the following arguments: {'ament_cmake_args': None, 'build_base': '/home/alberto/Documents/sub_alberto/build/uuv_vision', 'catkin_cmake_args': None, 'catkin_skip_building_tests': False, 'cmake_args': None, 'cmake_clean_cache': False, 'cmake_clean_first': False, 'cmake_force_configure': False, 'cmake_target': None, 'cmake_target_skip_unavailable': False, 'install_base': '/home/alberto/Documents/sub_alberto/install/uuv_vision', 'merge_install': False, 'path': '/home/alberto/Documents/sub_alberto/src/uuv_vision', 'symlink_install': False, 'test_result_base': None}
[0.202s] INFO:colcon.colcon_core.executor:Executing jobs using 'parallel' executor
[0.203s] DEBUG:colcon.colcon_parallel_executor.executor.parallel:run_until_complete
[0.203s] INFO:colcon.colcon_ros.task.ament_cmake.build:Building ROS package in '/home/alberto/Documents/sub_alberto/src/uuv_vision' with build type 'ament_cmake'
[0.203s] INFO:colcon.colcon_cmake.task.cmake.build:Building CMake package in '/home/alberto/Documents/sub_alberto/src/uuv_vision'
[0.204s] INFO:colcon.colcon_core.plugin_system:Skipping extension 'colcon_core.shell.bat': Not used on non-Windows systems
[0.205s] INFO:colcon.colcon_core.shell:Skip shell extension 'powershell' for command environment: Not usable outside of PowerShell
[0.205s] DEBUG:colcon.colcon_core.shell:Skip shell extension 'dsv' for command environment
[0.214s] DEBUG:colcon.colcon_core.event_handler.log_command:Invoking command in '/home/alberto/Documents/sub_alberto/build/uuv_vision': CMAKE_PREFIX_PATH=/home/alberto/Documents/kia_gd_ws/install/ur_ros_rtde_tutorials:/home/alberto/Documents/kia_gd_ws/install/ur_ros_rtde:/home/alberto/Documents/kia_gd_ws/install/ur_ros_rtde_simple_clients:/home/alberto/Documents/kia_gd_ws/install/ur_ros_rtde_gripper_commands:/home/alberto/Documents/kia_gd_ws/install/ur_ros_rtde_msgs:/home/alberto/Documents/kia_gd_ws/install/ur:/home/alberto/Documents/kia_gd_ws/install/ur_calibration:/home/alberto/Documents/kia_gd_ws/install/ur_robot_driver:/home/alberto/Documents/kia_gd_ws/install/ur_moveit_config:/home/alberto/Documents/kia_gd_ws/install/ur_bringup:/home/alberto/Documents/kia_gd_ws/install/ur_controllers:/home/alberto/Documents/kia_gd_ws/install/ur_dashboard_msgs:/home/alberto/Documents/kia_gd_ws/install/simple_ur10e_moveit_config:/home/alberto/Documents/kia_gd_ws/install/simple_ur10e_description:/home/alberto/Documents/kia_gd_ws/install/kia_gd:/home/alberto/Documents/sub_alberto/install/uuv_visualization:/home/alberto/Documents/sub_alberto/install/uuv_vision:/home/alberto/Documents/sub_alberto/install/uuv_navigation:/home/alberto/Documents/sub_alberto/install/uuv_mission:/home/alberto/Documents/sub_alberto/install/uuv_master:/home/alberto/Documents/sub_alberto/install/uuv_gazebo_plugins:/home/alberto/Documents/sub_alberto/install/uuv_description:/home/alberto/Documents/sub_alberto/install/uuv_control:/home/alberto/install/vectornav:/home/alberto/install/vectornav_msgs:/home/alberto/install/uuv_teleop:/home/alberto/install/uuv_description:/home/alberto/install/sub:/home/alberto/install/pid:/home/alberto/Documents/kia_gd_ws/install/ros_tcp_endpoint:/home/alberto/ros2_ws/install/docker_test:/opt/ros/humble:/home/alberto/install/catkin:/home/alberto/ros2_ws/install/sub:/home/alberto/ros2_ws/install/pid:/home/alberto/ros2_ws/install/catkin:/home/alberto/uuv/install/uuv /usr/bin/cmake --build /home/alberto/Documents/sub_alberto/build/uuv_vision -- -j8 -l8
[0.806s] DEBUG:colcon.colcon_core.event_handler.log_command:Invoked command in '/home/alberto/Documents/sub_alberto/build/uuv_vision' returned '0': CMAKE_PREFIX_PATH=/home/alberto/Documents/kia_gd_ws/install/ur_ros_rtde_tutorials:/home/alberto/Documents/kia_gd_ws/install/ur_ros_rtde:/home/alberto/Documents/kia_gd_ws/install/ur_ros_rtde_simple_clients:/home/alberto/Documents/kia_gd_ws/install/ur_ros_rtde_gripper_commands:/home/alberto/Documents/kia_gd_ws/install/ur_ros_rtde_msgs:/home/alberto/Documents/kia_gd_ws/install/ur:/home/alberto/Documents/kia_gd_ws/install/ur_calibration:/home/alberto/Documents/kia_gd_ws/install/ur_robot_driver:/home/alberto/Documents/kia_gd_ws/install/ur_moveit_config:/home/alberto/Documents/kia_gd_ws/install/ur_bringup:/home/alberto/Documents/kia_gd_ws/install/ur_controllers:/home/alberto/Documents/kia_gd_ws/install/ur_dashboard_msgs:/home/alberto/Documents/kia_gd_ws/install/simple_ur10e_moveit_config:/home/alberto/Documents/kia_gd_ws/install/simple_ur10e_description:/home/alberto/Documents/kia_gd_ws/install/kia_gd:/home/alberto/Documents/sub_alberto/install/uuv_visualization:/home/alberto/Documents/sub_alberto/install/uuv_vision:/home/alberto/Documents/sub_alberto/install/uuv_navigation:/home/alberto/Documents/sub_alberto/install/uuv_mission:/home/alberto/Documents/sub_alberto/install/uuv_master:/home/alberto/Documents/sub_alberto/install/uuv_gazebo_plugins:/home/alberto/Documents/sub_alberto/install/uuv_description:/home/alberto/Documents/sub_alberto/install/uuv_control:/home/alberto/install/vectornav:/home/alberto/install/vectornav_msgs:/home/alberto/install/uuv_teleop:/home/alberto/install/uuv_description:/home/alberto/install/sub:/home/alberto/install/pid:/home/alberto/Documents/kia_gd_ws/install/ros_tcp_endpoint:/home/alberto/ros2_ws/install/docker_test:/opt/ros/humble:/home/alberto/install/catkin:/home/alberto/ros2_ws/install/sub:/home/alberto/ros2_ws/install/pid:/home/alberto/ros2_ws/install/catkin:/home/alberto/uuv/install/uuv /usr/bin/cmake --build /home/alberto/Documents/sub_alberto/build/uuv_vision -- -j8 -l8
[0.815s] DEBUG:colcon.colcon_core.event_handler.log_command:Invoking command in '/home/alberto/Documents/sub_alberto/build/uuv_vision': CMAKE_PREFIX_PATH=/home/alberto/Documents/kia_gd_ws/install/ur_ros_rtde_tutorials:/home/alberto/Documents/kia_gd_ws/install/ur_ros_rtde:/home/alberto/Documents/kia_gd_ws/install/ur_ros_rtde_simple_clients:/home/alberto/Documents/kia_gd_ws/install/ur_ros_rtde_gripper_commands:/home/alberto/Documents/kia_gd_ws/install/ur_ros_rtde_msgs:/home/alberto/Documents/kia_gd_ws/install/ur:/home/alberto/Documents/kia_gd_ws/install/ur_calibration:/home/alberto/Documents/kia_gd_ws/install/ur_robot_driver:/home/alberto/Documents/kia_gd_ws/install/ur_moveit_config:/home/alberto/Documents/kia_gd_ws/install/ur_bringup:/home/alberto/Documents/kia_gd_ws/install/ur_controllers:/home/alberto/Documents/kia_gd_ws/install/ur_dashboard_msgs:/home/alberto/Documents/kia_gd_ws/install/simple_ur10e_moveit_config:/home/alberto/Documents/kia_gd_ws/install/simple_ur10e_description:/home/alberto/Documents/kia_gd_ws/install/kia_gd:/home/alberto/Documents/sub_alberto/install/uuv_visualization:/home/alberto/Documents/sub_alberto/install/uuv_vision:/home/alberto/Documents/sub_alberto/install/uuv_navigation:/home/alberto/Documents/sub_alberto/install/uuv_mission:/home/alberto/Documents/sub_alberto/install/uuv_master:/home/alberto/Documents/sub_alberto/install/uuv_gazebo_plugins:/home/alberto/Documents/sub_alberto/install/uuv_description:/home/alberto/Documents/sub_alberto/install/uuv_control:/home/alberto/install/vectornav:/home/alberto/install/vectornav_msgs:/home/alberto/install/uuv_teleop:/home/alberto/install/uuv_description:/home/alberto/install/sub:/home/alberto/install/pid:/home/alberto/Documents/kia_gd_ws/install/ros_tcp_endpoint:/home/alberto/ros2_ws/install/docker_test:/opt/ros/humble:/home/alberto/install/catkin:/home/alberto/ros2_ws/install/sub:/home/alberto/ros2_ws/install/pid:/home/alberto/ros2_ws/install/catkin:/home/alberto/uuv/install/uuv /usr/bin/cmake --install /home/alberto/Documents/sub_alberto/build/uuv_vision
[0.823s] Level 1:colcon.colcon_core.environment:create_environment_scripts_only(uuv_vision)
[0.824s] DEBUG:colcon.colcon_core.event_handler.log_command:Invoked command in '/home/alberto/Documents/sub_alberto/build/uuv_vision' returned '0': CMAKE_PREFIX_PATH=/home/alberto/Documents/kia_gd_ws/install/ur_ros_rtde_tutorials:/home/alberto/Documents/kia_gd_ws/install/ur_ros_rtde:/home/alberto/Documents/kia_gd_ws/install/ur_ros_rtde_simple_clients:/home/alberto/Documents/kia_gd_ws/install/ur_ros_rtde_gripper_commands:/home/alberto/Documents/kia_gd_ws/install/ur_ros_rtde_msgs:/home/alberto/Documents/kia_gd_ws/install/ur:/home/alberto/Documents/kia_gd_ws/install/ur_calibration:/home/alberto/Documents/kia_gd_ws/install/ur_robot_driver:/home/alberto/Documents/kia_gd_ws/install/ur_moveit_config:/home/alberto/Documents/kia_gd_ws/install/ur_bringup:/home/alberto/Documents/kia_gd_ws/install/ur_controllers:/home/alberto/Documents/kia_gd_ws/install/ur_dashboard_msgs:/home/alberto/Documents/kia_gd_ws/install/simple_ur10e_moveit_config:/home/alberto/Documents/kia_gd_ws/install/simple_ur10e_description:/home/alberto/Documents/kia_gd_ws/install/kia_gd:/home/alberto/Documents/sub_alberto/install/uuv_visualization:/home/alberto/Documents/sub_alberto/install/uuv_vision:/home/alberto/Documents/sub_alberto/install/uuv_navigation:/home/alberto/Documents/sub_alberto/install/uuv_mission:/home/alberto/Documents/sub_alberto/install/uuv_master:/home/alberto/Documents/sub_alberto/install/uuv_gazebo_plugins:/home/alberto/Documents/sub_alberto/install/uuv_description:/home/alberto/Documents/sub_alberto/install/uuv_control:/home/alberto/install/vectornav:/home/alberto/install/vectornav_msgs:/home/alberto/install/uuv_teleop:/home/alberto/install/uuv_description:/home/alberto/install/sub:/home/alberto/install/pid:/home/alberto/Documents/kia_gd_ws/install/ros_tcp_endpoint:/home/alberto/ros2_ws/install/docker_test:/opt/ros/humble:/home/alberto/install/catkin:/home/alberto/ros2_ws/install/sub:/home/alberto/ros2_ws/install/pid:/home/alberto/ros2_ws/install/catkin:/home/alberto/uuv/install/uuv /usr/bin/cmake --install /home/alberto/Documents/sub_alberto/build/uuv_vision
[0.825s] Level 1:colcon.colcon_core.environment:checking '/home/alberto/Documents/sub_alberto/install/uuv_vision' for CMake module files
[0.826s] Level 1:colcon.colcon_core.environment:checking '/home/alberto/Documents/sub_alberto/install/uuv_vision' for CMake config files
[0.826s] Level 1:colcon.colcon_core.shell:create_environment_hook('uuv_vision', 'cmake_prefix_path')
[0.826s] INFO:colcon.colcon_core.shell:Creating environment hook '/home/alberto/Documents/sub_alberto/install/uuv_vision/share/uuv_vision/hook/cmake_prefix_path.ps1'
[0.827s] INFO:colcon.colcon_core.shell:Creating environment descriptor '/home/alberto/Documents/sub_alberto/install/uuv_vision/share/uuv_vision/hook/cmake_prefix_path.dsv'
[0.827s] INFO:colcon.colcon_core.shell:Creating environment hook '/home/alberto/Documents/sub_alberto/install/uuv_vision/share/uuv_vision/hook/cmake_prefix_path.sh'
[0.828s] Level 1:colcon.colcon_core.environment:checking '/home/alberto/Documents/sub_alberto/install/uuv_vision/lib'
[0.828s] Level 1:colcon.colcon_core.environment:checking '/home/alberto/Documents/sub_alberto/install/uuv_vision/bin'
[0.828s] Level 1:colcon.colcon_core.environment:checking '/home/alberto/Documents/sub_alberto/install/uuv_vision/lib/pkgconfig/uuv_vision.pc'
[0.828s] Level 1:colcon.colcon_core.environment:checking '/home/alberto/Documents/sub_alberto/install/uuv_vision/lib/python3.10/site-packages'
[0.828s] Level 1:colcon.colcon_core.environment:checking '/home/alberto/Documents/sub_alberto/install/uuv_vision/bin'
[0.828s] INFO:colcon.colcon_core.shell:Creating package script '/home/alberto/Documents/sub_alberto/install/uuv_vision/share/uuv_vision/package.ps1'
[0.829s] INFO:colcon.colcon_core.shell:Creating package descriptor '/home/alberto/Documents/sub_alberto/install/uuv_vision/share/uuv_vision/package.dsv'
[0.829s] INFO:colcon.colcon_core.shell:Creating package script '/home/alberto/Documents/sub_alberto/install/uuv_vision/share/uuv_vision/package.sh'
[0.830s] INFO:colcon.colcon_core.shell:Creating package script '/home/alberto/Documents/sub_alberto/install/uuv_vision/share/uuv_vision/package.bash'
[0.830s] INFO:colcon.colcon_core.shell:Creating package script '/home/alberto/Documents/sub_alberto/install/uuv_vision/share/uuv_vision/package.zsh'
[0.831s] Level 1:colcon.colcon_core.environment:create_file_with_runtime_dependencies(/home/alberto/Documents/sub_alberto/install/uuv_vision/share/colcon-core/packages/uuv_vision)
[0.831s] Level 1:colcon.colcon_core.environment:create_environment_scripts_only(uuv_vision)
[0.831s] Level 1:colcon.colcon_core.environment:checking '/home/alberto/Documents/sub_alberto/install/uuv_vision' for CMake module files
[0.832s] Level 1:colcon.colcon_core.environment:checking '/home/alberto/Documents/sub_alberto/install/uuv_vision' for CMake config files
[0.832s] Level 1:colcon.colcon_core.shell:create_environment_hook('uuv_vision', 'cmake_prefix_path')
[0.832s] INFO:colcon.colcon_core.shell:Creating environment hook '/home/alberto/Documents/sub_alberto/install/uuv_vision/share/uuv_vision/hook/cmake_prefix_path.ps1'
[0.832s] INFO:colcon.colcon_core.shell:Creating environment descriptor '/home/alberto/Documents/sub_alberto/install/uuv_vision/share/uuv_vision/hook/cmake_prefix_path.dsv'
[0.833s] INFO:colcon.colcon_core.shell:Creating environment hook '/home/alberto/Documents/sub_alberto/install/uuv_vision/share/uuv_vision/hook/cmake_prefix_path.sh'
[0.833s] Level 1:colcon.colcon_core.environment:checking '/home/alberto/Documents/sub_alberto/install/uuv_vision/lib'
[0.833s] Level 1:colcon.colcon_core.environment:checking '/home/alberto/Documents/sub_alberto/install/uuv_vision/bin'
[0.833s] Level 1:colcon.colcon_core.environment:checking '/home/alberto/Documents/sub_alberto/install/uuv_vision/lib/pkgconfig/uuv_vision.pc'
[0.833s] Level 1:colcon.colcon_core.environment:checking '/home/alberto/Documents/sub_alberto/install/uuv_vision/lib/python3.10/site-packages'
[0.833s] Level 1:colcon.colcon_core.environment:checking '/home/alberto/Documents/sub_alberto/install/uuv_vision/bin'
[0.834s] INFO:colcon.colcon_core.shell:Creating package script '/home/alberto/Documents/sub_alberto/install/uuv_vision/share/uuv_vision/package.ps1'
[0.834s] INFO:colcon.colcon_core.shell:Creating package descriptor '/home/alberto/Documents/sub_alberto/install/uuv_vision/share/uuv_vision/package.dsv'
[0.834s] INFO:colcon.colcon_core.shell:Creating package script '/home/alberto/Documents/sub_alberto/install/uuv_vision/share/uuv_vision/package.sh'
[0.835s] INFO:colcon.colcon_core.shell:Creating package script '/home/alberto/Documents/sub_alberto/install/uuv_vision/share/uuv_vision/package.bash'
[0.835s] INFO:colcon.colcon_core.shell:Creating package script '/home/alberto/Documents/sub_alberto/install/uuv_vision/share/uuv_vision/package.zsh'
[0.835s] Level 1:colcon.colcon_core.environment:create_file_with_runtime_dependencies(/home/alberto/Documents/sub_alberto/install/uuv_vision/share/colcon-core/packages/uuv_vision)
[0.835s] DEBUG:colcon.colcon_parallel_executor.executor.parallel:closing loop
[0.835s] DEBUG:colcon.colcon_parallel_executor.executor.parallel:loop closed
[0.836s] DEBUG:colcon.colcon_parallel_executor.executor.parallel:run_until_complete finished with '0'
[0.836s] DEBUG:colcon.colcon_core.event_reactor:joining thread
[0.839s] INFO:colcon.colcon_core.plugin_system:Skipping extension 'colcon_notification.desktop_notification.terminal_notifier': Not used on non-Darwin systems
[0.839s] INFO:colcon.colcon_core.plugin_system:Skipping extension 'colcon_notification.desktop_notification.win32': Not used on non-Windows systems
[0.839s] INFO:colcon.colcon_notification.desktop_notification:Sending desktop notification using 'notify2'
[0.850s] DEBUG:colcon.colcon_core.event_reactor:joined thread
[0.850s] INFO:colcon.colcon_core.shell:Creating prefix script '/home/alberto/Documents/sub_alberto/install/local_setup.ps1'
[0.851s] INFO:colcon.colcon_core.shell:Creating prefix util module '/home/alberto/Documents/sub_alberto/install/_local_setup_util_ps1.py'
[0.852s] INFO:colcon.colcon_core.shell:Creating prefix chain script '/home/alberto/Documents/sub_alberto/install/setup.ps1'
[0.854s] INFO:colcon.colcon_core.shell:Creating prefix script '/home/alberto/Documents/sub_alberto/install/local_setup.sh'
[0.854s] INFO:colcon.colcon_core.shell:Creating prefix util module '/home/alberto/Documents/sub_alberto/install/_local_setup_util_sh.py'
[0.854s] INFO:colcon.colcon_core.shell:Creating prefix chain script '/home/alberto/Documents/sub_alberto/install/setup.sh'
[0.856s] INFO:colcon.colcon_core.shell:Creating prefix script '/home/alberto/Documents/sub_alberto/install/local_setup.bash'
[0.856s] INFO:colcon.colcon_core.shell:Creating prefix chain script '/home/alberto/Documents/sub_alberto/install/setup.bash'
[0.858s] INFO:colcon.colcon_core.shell:Creating prefix script '/home/alberto/Documents/sub_alberto/install/local_setup.zsh'
[0.858s] INFO:colcon.colcon_core.shell:Creating prefix chain script '/home/alberto/Documents/sub_alberto/install/setup.zsh'
