[0.010s] Invoking command in '/home/alberto/Documents/sub_alberto/build/uuv_gazebo_plugins': CMAKE_PREFIX_PATH=/home/alberto/Documents/kia_gd_ws/install/ur_ros_rtde_tutorials:/home/alberto/Documents/kia_gd_ws/install/ur_ros_rtde:/home/alberto/Documents/kia_gd_ws/install/ur_ros_rtde_simple_clients:/home/alberto/Documents/kia_gd_ws/install/ur_ros_rtde_gripper_commands:/home/alberto/Documents/kia_gd_ws/install/ur_ros_rtde_msgs:/home/alberto/Documents/kia_gd_ws/install/ur:/home/alberto/Documents/kia_gd_ws/install/ur_calibration:/home/alberto/Documents/kia_gd_ws/install/ur_robot_driver:/home/alberto/Documents/kia_gd_ws/install/ur_moveit_config:/home/alberto/Documents/kia_gd_ws/install/ur_bringup:/home/alberto/Documents/kia_gd_ws/install/ur_controllers:/home/alberto/Documents/kia_gd_ws/install/ur_dashboard_msgs:/home/alberto/Documents/kia_gd_ws/install/simple_ur10e_moveit_config:/home/alberto/Documents/kia_gd_ws/install/simple_ur10e_description:/home/alberto/Documents/kia_gd_ws/install/kia_gd:/home/alberto/Documents/sub_alberto/install/uuv_visualization:/home/alberto/Documents/sub_alberto/install/uuv_vision:/home/alberto/Documents/sub_alberto/install/uuv_navigation:/home/alberto/Documents/sub_alberto/install/uuv_mission:/home/alberto/Documents/sub_alberto/install/uuv_master:/home/alberto/Documents/sub_alberto/install/uuv_control:/home/alberto/install/vectornav:/home/alberto/install/vectornav_msgs:/home/alberto/install/uuv_teleop:/home/alberto/install/uuv_description:/home/alberto/install/sub:/home/alberto/install/pid:/home/alberto/Documents/kia_gd_ws/install/ros_tcp_endpoint:/home/alberto/ros2_ws/install/docker_test:/opt/ros/humble:/home/alberto/install/catkin:/home/alberto/ros2_ws/install/sub:/home/alberto/ros2_ws/install/pid:/home/alberto/ros2_ws/install/catkin:/home/alberto/uuv/install/uuv /usr/bin/cmake --build /home/alberto/Documents/sub_alberto/build/uuv_gazebo_plugins -- -j8 -l8
[0.067s] [ 33%] [32mBuilding CXX object CMakeFiles/SubmarineDynamics.dir/src/SubmarineDynamics.cpp.o[0m
[4.699s] [01m[K/home/alberto/Documents/sub_alberto/src/uuv_gazebo_plugins/src/SubmarineDynamics.cpp:99:23:[m[K [01;31m[Kerror: [m[K‘[01m[Kgeometry_msgs[m[K’ was not declared in this scope
[4.699s]    99 |     rclcpp::Publisher<[01;31m[Kgeometry_msgs[m[K::msg::Twist>::SharedPtr velocity_pub_;
[4.699s]       |                       [01;31m[K^~~~~~~~~~~~~[m[K
[4.699s] [01m[K/home/alberto/Documents/sub_alberto/src/uuv_gazebo_plugins/src/SubmarineDynamics.cpp:99:48:[m[K [01;31m[Kerror: [m[Ktemplate argument 1 is invalid
[4.699s]    99 | isher<geometry_msgs::msg::Twist[01;31m[K>[m[K::SharedPtr velocity_pub_;
[4.699s]       |                                [01;31m[K^[m[K
[4.699s] 
[4.699s] [01m[K/home/alberto/Documents/sub_alberto/src/uuv_gazebo_plugins/src/SubmarineDynamics.cpp:99:51:[m[K [01;31m[Kerror: [m[Kexpected ‘[01m[K;[m[K’ at end of member declaration
[4.699s]    99 | er<geometry_msgs::msg::Twist>::[01;31m[KSharedPtr[m[K velocity_pub_;
[4.699s]       |                                [01;31m[K^~~~~~~~~[m[K
[4.699s]       |                                         [32m[K;[m[K
[4.702s] [01m[K/home/alberto/Documents/sub_alberto/src/uuv_gazebo_plugins/src/SubmarineDynamics.cpp:99:61:[m[K [01;31m[Kerror: [m[K‘[01m[Kvelocity_pub_[m[K’ does not name a type
[4.702s]    99 | y_msgs::msg::Twist>::SharedPtr [01;31m[Kvelocity_pub_[m[K;
[4.702s]       |                                [01;31m[K^~~~~~~~~~~~~[m[K
[4.702s] 
[4.722s] [01m[K/home/alberto/Documents/sub_alberto/src/uuv_gazebo_plugins/src/SubmarineDynamics.cpp:[m[K In constructor ‘[01m[KSubmarineDynamics::SubmarineDynamics()[m[K’:
[4.722s] [01m[K/home/alberto/Documents/sub_alberto/src/uuv_gazebo_plugins/src/SubmarineDynamics.cpp:31:9:[m[K [01;31m[Kerror: [m[K‘[01m[Kvelocity_pub_[m[K’ was not declared in this scope
[4.722s]    31 |         [01;31m[Kvelocity_pub_[m[K = ros_node_->create_publisher<geometry_msgs::msg::Twist>("/velocity", 10);
[4.722s]       |         [01;31m[K^~~~~~~~~~~~~[m[K
[4.730s] [01m[K/home/alberto/Documents/sub_alberto/src/uuv_gazebo_plugins/src/SubmarineDynamics.cpp:31:53:[m[K [01;31m[Kerror: [m[K‘[01m[Kgeometry_msgs[m[K’ was not declared in this scope
[4.730s]    31 |  = ros_node_->create_publisher<[01;31m[Kgeometry_msgs[m[K::msg::Twist>("/velocity", 10);
[4.730s]       |                                [01;31m[K^~~~~~~~~~~~~[m[K
[4.730s] 
[4.730s] [01m[K/home/alberto/Documents/sub_alberto/src/uuv_gazebo_plugins/src/SubmarineDynamics.cpp:31:36:[m[K [01;31m[Kerror: [m[Kparse error in template argument list
[4.731s]    31 |     velocity_pub_ = ros_node_->[01;31m[Kcreate_publisher<geometry_msgs::msg::Twist>[m[K("/velocity", 10);
[4.731s]       |                                [01;31m[K^~~~~~~~~~~~~~~~~~~~~~~~~~~~~~~~~~~~~~~~~~~[m[K
[4.731s] 
[4.731s] [01m[K/home/alberto/Documents/sub_alberto/src/uuv_gazebo_plugins/src/SubmarineDynamics.cpp:31:79:[m[K [01;31m[Kerror: [m[Kno matching function for call to ‘[01m[Krclcpp::Node::create_publisher<<expression error> >(const char [10], int)[m[K’
[4.731s]    31 | [01;31m[Ksher<geometry_msgs::msg::Twist>("/velocity", 10)[m[K;
[4.731s]       | [01;31m[K~~~~~~~~~~~~~~~~~~~~~~~~~~~~~~~^~~~~~~~~~~~~~~~~[m[K
[4.731s] 
[4.731s] In file included from [01m[K/opt/ros/humble/include/rclcpp/rclcpp/node.hpp:1321[m[K,
[4.731s]                  from [01m[K/opt/ros/humble/include/rclcpp/rclcpp/executors/single_threaded_executor.hpp:28[m[K,
[4.731s]                  from [01m[K/opt/ros/humble/include/rclcpp/rclcpp/executors.hpp:22[m[K,
[4.731s]                  from [01m[K/opt/ros/humble/include/rclcpp/rclcpp/rclcpp.hpp:155[m[K,
[4.731s]                  from [01m[K/home/alberto/Documents/sub_alberto/src/uuv_gazebo_plugins/src/SubmarineDynamics.cpp:7[m[K:
[4.731s] [01m[K/opt/ros/humble/include/rclcpp/rclcpp/node_impl.hpp:73:1:[m[K [01;36m[Knote: [m[Kcandidate: ‘[01m[Ktemplate<class MessageT, class AllocatorT, class PublisherT> std::shared_ptr<PublisherT> rclcpp::Node::create_publisher(const string&, const rclcpp::QoS&, const rclcpp::PublisherOptionsWithAllocator<AllocatorT>&)[m[K’
[4.731s]    73 | [01;36m[KNode[m[K::create_publisher(
[4.731s]       | [01;36m[K^~~~[m[K
[4.731s] [01m[K/opt/ros/humble/include/rclcpp/rclcpp/node_impl.hpp:73:1:[m[K [01;36m[Knote: [m[K  template argument deduction/substitution failed:
[4.731s] [01m[K/home/alberto/Documents/sub_alberto/src/uuv_gazebo_plugins/src/SubmarineDynamics.cpp:31:79:[m[K [01;31m[Kerror: [m[Ktemplate argument 1 is invalid
[4.731s]    31 | [01;31m[Ksher<geometry_msgs::msg::Twist>("/velocity", 10)[m[K;
[4.731s]       | [01;31m[K~~~~~~~~~~~~~~~~~~~~~~~~~~~~~~~^~~~~~~~~~~~~~~~~[m[K
[4.731s] 
[4.735s] [01m[K/home/alberto/Documents/sub_alberto/src/uuv_gazebo_plugins/src/SubmarineDynamics.cpp:[m[K In member function ‘[01m[Kvirtual void SubmarineDynamics::PreUpdate(const ignition::gazebo::v6::UpdateInfo&, ignition::gazebo::v6::EntityComponentManager&)[m[K’:
[4.735s] [01m[K/home/alberto/Documents/sub_alberto/src/uuv_gazebo_plugins/src/SubmarineDynamics.cpp:63:9:[m[K [01;31m[Kerror: [m[K‘[01m[Kgeometry_msgs[m[K’ has not been declared
[4.735s]    63 |         [01;31m[Kgeometry_msgs[m[K::msg::Twist vel_msg;
[4.735s]       |         [01;31m[K^~~~~~~~~~~~~[m[K
[4.742s] [01m[K/home/alberto/Documents/sub_alberto/src/uuv_gazebo_plugins/src/SubmarineDynamics.cpp:64:9:[m[K [01;31m[Kerror: [m[K‘[01m[Kvel_msg[m[K’ was not declared in this scope
[4.742s]    64 |         [01;31m[Kvel_msg[m[K.linear.x = state.nu(0);
[4.742s]       |         [01;31m[K^~~~~~~[m[K
[4.749s] [01m[K/home/alberto/Documents/sub_alberto/src/uuv_gazebo_plugins/src/SubmarineDynamics.cpp:64:28:[m[K [01;31m[Kerror: [m[K‘[01m[Kstate[m[K’ was not declared in this scope; did you mean ‘[01m[K_xstate[m[K’?
[4.749s]    64 |         vel_msg.linear.x = [01;31m[Kstate[m[K.nu(0);
[4.749s]       |                            [01;31m[K^~~~~[m[K
[4.749s]       |                            [32m[K_xstate[m[K
[4.758s] [01m[K/home/alberto/Documents/sub_alberto/src/uuv_gazebo_plugins/src/SubmarineDynamics.cpp:70:9:[m[K [01;31m[Kerror: [m[K‘[01m[Kvelocity_pub_[m[K’ was not declared in this scope
[4.758s]    70 |         [01;31m[Kvelocity_pub_[m[K->publish(vel_msg);
[4.758s]       |         [01;31m[K^~~~~~~~~~~~~[m[K
[7.326s] gmake[2]: *** [CMakeFiles/SubmarineDynamics.dir/build.make:76: CMakeFiles/SubmarineDynamics.dir/src/SubmarineDynamics.cpp.o] Error 1
[7.326s] gmake[1]: *** [CMakeFiles/Makefile2:137: CMakeFiles/SubmarineDynamics.dir/all] Error 2
[7.326s] gmake: *** [Makefile:146: all] Error 2
[7.328s] Invoked command in '/home/alberto/Documents/sub_alberto/build/uuv_gazebo_plugins' returned '2': CMAKE_PREFIX_PATH=/home/alberto/Documents/kia_gd_ws/install/ur_ros_rtde_tutorials:/home/alberto/Documents/kia_gd_ws/install/ur_ros_rtde:/home/alberto/Documents/kia_gd_ws/install/ur_ros_rtde_simple_clients:/home/alberto/Documents/kia_gd_ws/install/ur_ros_rtde_gripper_commands:/home/alberto/Documents/kia_gd_ws/install/ur_ros_rtde_msgs:/home/alberto/Documents/kia_gd_ws/install/ur:/home/alberto/Documents/kia_gd_ws/install/ur_calibration:/home/alberto/Documents/kia_gd_ws/install/ur_robot_driver:/home/alberto/Documents/kia_gd_ws/install/ur_moveit_config:/home/alberto/Documents/kia_gd_ws/install/ur_bringup:/home/alberto/Documents/kia_gd_ws/install/ur_controllers:/home/alberto/Documents/kia_gd_ws/install/ur_dashboard_msgs:/home/alberto/Documents/kia_gd_ws/install/simple_ur10e_moveit_config:/home/alberto/Documents/kia_gd_ws/install/simple_ur10e_description:/home/alberto/Documents/kia_gd_ws/install/kia_gd:/home/alberto/Documents/sub_alberto/install/uuv_visualization:/home/alberto/Documents/sub_alberto/install/uuv_vision:/home/alberto/Documents/sub_alberto/install/uuv_navigation:/home/alberto/Documents/sub_alberto/install/uuv_mission:/home/alberto/Documents/sub_alberto/install/uuv_master:/home/alberto/Documents/sub_alberto/install/uuv_control:/home/alberto/install/vectornav:/home/alberto/install/vectornav_msgs:/home/alberto/install/uuv_teleop:/home/alberto/install/uuv_description:/home/alberto/install/sub:/home/alberto/install/pid:/home/alberto/Documents/kia_gd_ws/install/ros_tcp_endpoint:/home/alberto/ros2_ws/install/docker_test:/opt/ros/humble:/home/alberto/install/catkin:/home/alberto/ros2_ws/install/sub:/home/alberto/ros2_ws/install/pid:/home/alberto/ros2_ws/install/catkin:/home/alberto/uuv/install/uuv /usr/bin/cmake --build /home/alberto/Documents/sub_alberto/build/uuv_gazebo_plugins -- -j8 -l8
