[0.035s] Invoking command in '/home/alberto/Documents/sub_alberto/build/uuv_control': CMAKE_PREFIX_PATH=/home/alberto/Documents/kia_gd_ws/install/ur_ros_rtde_tutorials:/home/alberto/Documents/kia_gd_ws/install/ur_ros_rtde:/home/alberto/Documents/kia_gd_ws/install/ur_ros_rtde_simple_clients:/home/alberto/Documents/kia_gd_ws/install/ur_ros_rtde_gripper_commands:/home/alberto/Documents/kia_gd_ws/install/ur_ros_rtde_msgs:/home/alberto/Documents/kia_gd_ws/install/ur:/home/alberto/Documents/kia_gd_ws/install/ur_calibration:/home/alberto/Documents/kia_gd_ws/install/ur_robot_driver:/home/alberto/Documents/kia_gd_ws/install/ur_moveit_config:/home/alberto/Documents/kia_gd_ws/install/ur_bringup:/home/alberto/Documents/kia_gd_ws/install/ur_controllers:/home/alberto/Documents/kia_gd_ws/install/ur_dashboard_msgs:/home/alberto/Documents/kia_gd_ws/install/simple_ur10e_moveit_config:/home/alberto/Documents/kia_gd_ws/install/simple_ur10e_description:/home/alberto/Documents/kia_gd_ws/install/kia_gd:/home/alberto/Documents/sub_alberto/install/uuv_visualization:/home/alberto/Documents/sub_alberto/install/uuv_vision:/home/alberto/Documents/sub_alberto/install/uuv_navigation:/home/alberto/Documents/sub_alberto/install/uuv_mission:/home/alberto/Documents/sub_alberto/install/uuv_master:/home/alberto/Documents/sub_alberto/install/uuv_control:/home/alberto/install/vectornav:/home/alberto/install/vectornav_msgs:/home/alberto/install/uuv_teleop:/home/alberto/install/uuv_description:/home/alberto/install/sub:/home/alberto/install/pid:/home/alberto/Documents/kia_gd_ws/install/ros_tcp_endpoint:/home/alberto/ros2_ws/install/docker_test:/opt/ros/humble:/home/alberto/install/catkin:/home/alberto/ros2_ws/install/sub:/home/alberto/ros2_ws/install/pid:/home/alberto/ros2_ws/install/catkin:/home/alberto/uuv/install/uuv /usr/bin/cmake --build /home/alberto/Documents/sub_alberto/build/uuv_control -- -j8 -l8
[0.090s] [ 25%] [32mBuilding CXX object CMakeFiles/uuv_model_lib.dir/libs/model/uuv_dynamic_model.cpp.o[0m
[2.713s] [ 50%] [32m[1mLinking CXX static library libuuv_model_lib.a[0m
[2.761s] [ 50%] Built target uuv_model_lib
[2.784s] [ 75%] [32m[1mLinking CXX executable dynamic_model_uuv[0m
[3.296s] [100%] Built target dynamic_model_uuv
[3.305s] Invoked command in '/home/alberto/Documents/sub_alberto/build/uuv_control' returned '0': CMAKE_PREFIX_PATH=/home/alberto/Documents/kia_gd_ws/install/ur_ros_rtde_tutorials:/home/alberto/Documents/kia_gd_ws/install/ur_ros_rtde:/home/alberto/Documents/kia_gd_ws/install/ur_ros_rtde_simple_clients:/home/alberto/Documents/kia_gd_ws/install/ur_ros_rtde_gripper_commands:/home/alberto/Documents/kia_gd_ws/install/ur_ros_rtde_msgs:/home/alberto/Documents/kia_gd_ws/install/ur:/home/alberto/Documents/kia_gd_ws/install/ur_calibration:/home/alberto/Documents/kia_gd_ws/install/ur_robot_driver:/home/alberto/Documents/kia_gd_ws/install/ur_moveit_config:/home/alberto/Documents/kia_gd_ws/install/ur_bringup:/home/alberto/Documents/kia_gd_ws/install/ur_controllers:/home/alberto/Documents/kia_gd_ws/install/ur_dashboard_msgs:/home/alberto/Documents/kia_gd_ws/install/simple_ur10e_moveit_config:/home/alberto/Documents/kia_gd_ws/install/simple_ur10e_description:/home/alberto/Documents/kia_gd_ws/install/kia_gd:/home/alberto/Documents/sub_alberto/install/uuv_visualization:/home/alberto/Documents/sub_alberto/install/uuv_vision:/home/alberto/Documents/sub_alberto/install/uuv_navigation:/home/alberto/Documents/sub_alberto/install/uuv_mission:/home/alberto/Documents/sub_alberto/install/uuv_master:/home/alberto/Documents/sub_alberto/install/uuv_control:/home/alberto/install/vectornav:/home/alberto/install/vectornav_msgs:/home/alberto/install/uuv_teleop:/home/alberto/install/uuv_description:/home/alberto/install/sub:/home/alberto/install/pid:/home/alberto/Documents/kia_gd_ws/install/ros_tcp_endpoint:/home/alberto/ros2_ws/install/docker_test:/opt/ros/humble:/home/alberto/install/catkin:/home/alberto/ros2_ws/install/sub:/home/alberto/ros2_ws/install/pid:/home/alberto/ros2_ws/install/catkin:/home/alberto/uuv/install/uuv /usr/bin/cmake --build /home/alberto/Documents/sub_alberto/build/uuv_control -- -j8 -l8
[3.306s] Invoking command in '/home/alberto/Documents/sub_alberto/build/uuv_control': CMAKE_PREFIX_PATH=/home/alberto/Documents/kia_gd_ws/install/ur_ros_rtde_tutorials:/home/alberto/Documents/kia_gd_ws/install/ur_ros_rtde:/home/alberto/Documents/kia_gd_ws/install/ur_ros_rtde_simple_clients:/home/alberto/Documents/kia_gd_ws/install/ur_ros_rtde_gripper_commands:/home/alberto/Documents/kia_gd_ws/install/ur_ros_rtde_msgs:/home/alberto/Documents/kia_gd_ws/install/ur:/home/alberto/Documents/kia_gd_ws/install/ur_calibration:/home/alberto/Documents/kia_gd_ws/install/ur_robot_driver:/home/alberto/Documents/kia_gd_ws/install/ur_moveit_config:/home/alberto/Documents/kia_gd_ws/install/ur_bringup:/home/alberto/Documents/kia_gd_ws/install/ur_controllers:/home/alberto/Documents/kia_gd_ws/install/ur_dashboard_msgs:/home/alberto/Documents/kia_gd_ws/install/simple_ur10e_moveit_config:/home/alberto/Documents/kia_gd_ws/install/simple_ur10e_description:/home/alberto/Documents/kia_gd_ws/install/kia_gd:/home/alberto/Documents/sub_alberto/install/uuv_visualization:/home/alberto/Documents/sub_alberto/install/uuv_vision:/home/alberto/Documents/sub_alberto/install/uuv_navigation:/home/alberto/Documents/sub_alberto/install/uuv_mission:/home/alberto/Documents/sub_alberto/install/uuv_master:/home/alberto/Documents/sub_alberto/install/uuv_control:/home/alberto/install/vectornav:/home/alberto/install/vectornav_msgs:/home/alberto/install/uuv_teleop:/home/alberto/install/uuv_description:/home/alberto/install/sub:/home/alberto/install/pid:/home/alberto/Documents/kia_gd_ws/install/ros_tcp_endpoint:/home/alberto/ros2_ws/install/docker_test:/opt/ros/humble:/home/alberto/install/catkin:/home/alberto/ros2_ws/install/sub:/home/alberto/ros2_ws/install/pid:/home/alberto/ros2_ws/install/catkin:/home/alberto/uuv/install/uuv /usr/bin/cmake --install /home/alberto/Documents/sub_alberto/build/uuv_control
[3.313s] -- Install configuration: ""
[3.313s] -- Up-to-date: /home/alberto/Documents/sub_alberto/install/uuv_control/share/uuv_control/libs
[3.313s] -- Up-to-date: /home/alberto/Documents/sub_alberto/install/uuv_control/share/uuv_control/libs/model
[3.313s] -- Up-to-date: /home/alberto/Documents/sub_alberto/install/uuv_control/share/uuv_control/libs/model/uuv_dynamic_model.cpp
[3.313s] -- Up-to-date: /home/alberto/Documents/sub_alberto/install/uuv_control/share/uuv_control/libs/model/uuv_dynamic_model.h
[3.313s] -- Up-to-date: /home/alberto/Documents/sub_alberto/install/uuv_control/share/uuv_control/libs/model/uuv_datatypes.h
[3.313s] -- Up-to-date: /home/alberto/Documents/sub_alberto/install/uuv_control/share/uuv_control/scripts
[3.313s] -- Up-to-date: /home/alberto/Documents/sub_alberto/install/uuv_control/share/uuv_control/scripts/asmc.py
[3.313s] -- Up-to-date: /home/alberto/Documents/sub_alberto/install/uuv_control/share/uuv_control/scripts/pid.py
[3.313s] -- Up-to-date: /home/alberto/Documents/sub_alberto/install/uuv_control/lib/uuv_control/pid
[3.313s] -- Up-to-date: /home/alberto/Documents/sub_alberto/install/uuv_control/lib/uuv_control/asmc
[3.313s] -- Installing: /home/alberto/Documents/sub_alberto/install/uuv_control/lib/uuv_control/dynamic_model_uuv
[3.318s] -- Set runtime path of "/home/alberto/Documents/sub_alberto/install/uuv_control/lib/uuv_control/dynamic_model_uuv" to ""
[3.318s] -- Up-to-date: /home/alberto/Documents/sub_alberto/install/uuv_control/share/uuv_control/scripts
[3.318s] -- Up-to-date: /home/alberto/Documents/sub_alberto/install/uuv_control/share/uuv_control/scripts/asmc.py
[3.318s] -- Up-to-date: /home/alberto/Documents/sub_alberto/install/uuv_control/share/uuv_control/scripts/pid.py
[3.318s] -- Up-to-date: /home/alberto/Documents/sub_alberto/install/uuv_control/lib/uuv_control/pid
[3.318s] -- Up-to-date: /home/alberto/Documents/sub_alberto/install/uuv_control/lib/uuv_control/asmc
[3.318s] -- Up-to-date: /home/alberto/Documents/sub_alberto/install/uuv_control/share/ament_index/resource_index/package_run_dependencies/uuv_control
[3.318s] -- Up-to-date: /home/alberto/Documents/sub_alberto/install/uuv_control/share/ament_index/resource_index/parent_prefix_path/uuv_control
[3.318s] -- Up-to-date: /home/alberto/Documents/sub_alberto/install/uuv_control/share/uuv_control/environment/ament_prefix_path.sh
[3.318s] -- Up-to-date: /home/alberto/Documents/sub_alberto/install/uuv_control/share/uuv_control/environment/ament_prefix_path.dsv
[3.318s] -- Up-to-date: /home/alberto/Documents/sub_alberto/install/uuv_control/share/uuv_control/environment/path.sh
[3.318s] -- Up-to-date: /home/alberto/Documents/sub_alberto/install/uuv_control/share/uuv_control/environment/path.dsv
[3.318s] -- Up-to-date: /home/alberto/Documents/sub_alberto/install/uuv_control/share/uuv_control/local_setup.bash
[3.319s] -- Up-to-date: /home/alberto/Documents/sub_alberto/install/uuv_control/share/uuv_control/local_setup.sh
[3.319s] -- Up-to-date: /home/alberto/Documents/sub_alberto/install/uuv_control/share/uuv_control/local_setup.zsh
[3.319s] -- Up-to-date: /home/alberto/Documents/sub_alberto/install/uuv_control/share/uuv_control/local_setup.dsv
[3.319s] -- Installing: /home/alberto/Documents/sub_alberto/install/uuv_control/share/uuv_control/package.dsv
[3.319s] -- Up-to-date: /home/alberto/Documents/sub_alberto/install/uuv_control/share/ament_index/resource_index/packages/uuv_control
[3.319s] -- Up-to-date: /home/alberto/Documents/sub_alberto/install/uuv_control/share/uuv_control/cmake/uuv_controlConfig.cmake
[3.319s] -- Up-to-date: /home/alberto/Documents/sub_alberto/install/uuv_control/share/uuv_control/cmake/uuv_controlConfig-version.cmake
[3.319s] -- Up-to-date: /home/alberto/Documents/sub_alberto/install/uuv_control/share/uuv_control/package.xml
[3.320s] Invoked command in '/home/alberto/Documents/sub_alberto/build/uuv_control' returned '0': CMAKE_PREFIX_PATH=/home/alberto/Documents/kia_gd_ws/install/ur_ros_rtde_tutorials:/home/alberto/Documents/kia_gd_ws/install/ur_ros_rtde:/home/alberto/Documents/kia_gd_ws/install/ur_ros_rtde_simple_clients:/home/alberto/Documents/kia_gd_ws/install/ur_ros_rtde_gripper_commands:/home/alberto/Documents/kia_gd_ws/install/ur_ros_rtde_msgs:/home/alberto/Documents/kia_gd_ws/install/ur:/home/alberto/Documents/kia_gd_ws/install/ur_calibration:/home/alberto/Documents/kia_gd_ws/install/ur_robot_driver:/home/alberto/Documents/kia_gd_ws/install/ur_moveit_config:/home/alberto/Documents/kia_gd_ws/install/ur_bringup:/home/alberto/Documents/kia_gd_ws/install/ur_controllers:/home/alberto/Documents/kia_gd_ws/install/ur_dashboard_msgs:/home/alberto/Documents/kia_gd_ws/install/simple_ur10e_moveit_config:/home/alberto/Documents/kia_gd_ws/install/simple_ur10e_description:/home/alberto/Documents/kia_gd_ws/install/kia_gd:/home/alberto/Documents/sub_alberto/install/uuv_visualization:/home/alberto/Documents/sub_alberto/install/uuv_vision:/home/alberto/Documents/sub_alberto/install/uuv_navigation:/home/alberto/Documents/sub_alberto/install/uuv_mission:/home/alberto/Documents/sub_alberto/install/uuv_master:/home/alberto/Documents/sub_alberto/install/uuv_control:/home/alberto/install/vectornav:/home/alberto/install/vectornav_msgs:/home/alberto/install/uuv_teleop:/home/alberto/install/uuv_description:/home/alberto/install/sub:/home/alberto/install/pid:/home/alberto/Documents/kia_gd_ws/install/ros_tcp_endpoint:/home/alberto/ros2_ws/install/docker_test:/opt/ros/humble:/home/alberto/install/catkin:/home/alberto/ros2_ws/install/sub:/home/alberto/ros2_ws/install/pid:/home/alberto/ros2_ws/install/catkin:/home/alberto/uuv/install/uuv /usr/bin/cmake --install /home/alberto/Documents/sub_alberto/build/uuv_control
